******************************************************************************
                  TI ARM Linker PC v20.2.7                     
******************************************************************************
>> Linked Tue Jan 10 19:04:02 2023

OUTPUT FILE NAME:   <freertos_demo.out>
ENTRY POINT SYMBOL: "_c_int00_noargs"  address: 000040cd


MEMORY CONFIGURATION

         name            origin    length      used     unused   attr    fill
----------------------  --------  ---------  --------  --------  ----  --------
  FLASH                 00000000   00040000  00004cb8  0003b348  R  X
  SRAM                  20000000   00008000  00007bba  00000446  RW X


SEGMENT ALLOCATION MAP

run origin  load origin   length   init length attrs members
----------  ----------- ---------- ----------- ----- -------
00000000    00000000    00004cb8   00004cb8    r-x
  00000000    00000000    0000026c   0000026c    r-- .intvecs
  0000026c    0000026c    000044c0   000044c0    r-x .text
  0000472c    0000472c    00000544   00000544    r-- .const
  00004c70    00004c70    00000048   00000048    r-- .cinit
20000000    20000000    00007bba   00000000    rw-
  20000000    20000000    0000026c   00000000    rw- .vtable
  2000026c    2000026c    00007704   00000000    rw- .bss
  20007970    20007970    00000200   00000000    rw- .stack
  20007b70    20007b70    0000004a   00000000    rw- .data


SECTION ALLOCATION MAP

 output                                  attributes/
section   page    origin      length       input sections
--------  ----  ----------  ----------   ----------------
.intvecs   0    00000000    0000026c     
                  00000000    0000026c     startup_ccs.obj (.intvecs)

.text      0    0000026c    000044c0     
                  0000026c    00000a4e     rtsv7M4_T_le_v4SPD16_eabi.lib : _printfi.c.obj (.text:__TI_printfi)
                  00000cba    00000002     startup_ccs.obj (.text:FaultISR)
                  00000cbc    00000270     rtsv7M4_T_le_v4SPD16_eabi.lib : _printfi.c.obj (.text:_pconv_a)
                  00000f2c    000001d0                                   : _printfi.c.obj (.text:_pconv_g)
                  000010fc    000001b6                                   : fd_add_t2.asm.obj (.text)
                  000012b2    00000002     startup_ccs.obj (.text:IntDefaultHandler)
                  000012b4    00000148     temp_task.obj (.text:checkLimits)
                  000013fc    0000013c     rtsv7M4_T_le_v4SPD16_eabi.lib : _printfi.c.obj (.text:_pconv_e)
                  00001538    00000136                                   : fd_div_t2.asm.obj (.text)
                  0000166e    00000132     driverlib.lib : gpio.obj (.text:GPIOPadConfigSet)
                  000017a0    00000124     rtsv7M4_T_le_v4SPD16_eabi.lib : _printfi.c.obj (.text:fcvt)
                  000018c4    00000118     queue.obj (.text:xQueueGenericReceive)
                  000019dc    00000110     driverlib.lib : sysctl.obj (.text:SysCtlClockGet)
                  00001aec    00000110     rtsv7M4_T_le_v4SPD16_eabi.lib : s_scalbn.c.obj (.text:scalbn)
                  00001bfc    00000104     tasks.obj (.text:xTaskIncrementTick)
                  00001d00    00000100     menu_task.obj (.text:time_setup)
                  00001e00    00000100     tasks.obj (.text:xTaskGenericCreate)
                  00001f00    000000fc     rtsv7M4_T_le_v4SPD16_eabi.lib : fd_mul_t2.asm.obj (.text)
                  00001ffc    000000f0     menu_task.obj (.text:date_setup)
                  000020ec    000000e8     queue.obj (.text:xQueueGenericSend)
                  000021d4    000000e4     tasks.obj (.text:xTaskResumeAll)
                  000022b8    000000d4     main.obj (.text:pinConfiguration)
                  0000238c    000000d2     portasm.obj (.text)
                  0000245e    00000002     startup_ccs.obj (.text:NmiSR)
                  00002460    000000c8     menu_task.obj (.text:showTemperature)
                  00002528    000000bc     menu_task.obj (.text:setMaxTemp)
                  000025e4    000000bc     menu_task.obj (.text:setMinTemp)
                  000026a0    000000b4     keypad_task.obj (.text:KeypadHandlerTask)
                  00002754    000000b1     rtsv7M4_T_le_v4SPD16_eabi.lib : _printfi.c.obj (.text:_ltostr)
                  00002805    00000001     --HOLE-- [fill = 0]
                  00002806    00000002                                   : div0.asm.obj (.text)
                  00002808    000000ac     heap_2.obj (.text:pvPortMalloc)
                  000028b4    000000a4     menu_task.obj (.text:menu)
                  00002958    0000009c     rtsv7M4_T_le_v4SPD16_eabi.lib : memcpy_t2.asm.obj (.text)
                  000029f4    00000096                                   : ull_div_t2.asm.obj (.text)
                  00002a8a    00000002     main.obj (.text:vApplicationStackOverflowHook)
                  00002a8c    00000090     tasks.obj (.text:vTaskPriorityInherit)
                  00002b1c    0000008c     tasks.obj (.text:vTaskSwitchContext)
                  00002ba8    00000086     rtsv7M4_T_le_v4SPD16_eabi.lib : fd_cmp_t2.asm.obj (.text:__aeabi_cdcmple)
                  00002c2e    00000086                                   : fd_cmp_t2.asm.obj (.text:__aeabi_cdrcmple)
                  00002cb4    00000084     menu_task.obj (.text:showTime)
                  00002d38    00000084     queue.obj (.text:xQueueGenericReset)
                  00002dbc    0000007a     rtsv7M4_T_le_v4SPD16_eabi.lib : memset_t2.asm.obj (.text)
                  00002e36    00000002     --HOLE-- [fill = 0]
                  00002e38    00000078     i2c.obj (.text:I2CRead)
                  00002eb0    00000078     keypad_task.obj (.text:KeypadInterruptHandler)
                  00002f28    00000078     tasks.obj (.text:xTaskPriorityDisinherit)
                  00002fa0    00000074     tasks.obj (.text:xTaskRemoveFromEventList)
                  00003014    00000072     queue.obj (.text:prvCopyDataToQueue)
                  00003086    0000006e     rtsv7M4_T_le_v4SPD16_eabi.lib : _printfi.c.obj (.text:_mcpy)
                  000030f4    00000068     driverlib.lib : interrupt.obj (.text:IntEnable)
                  0000315c    00000068     temp_task.obj (.text:TempTask)
                  000031c4    00000068     rtsv7M4_T_le_v4SPD16_eabi.lib : copy_decompress_lzss.c.obj (.text:decompress:lzss:__TI_decompress_lzss)
                  0000322c    00000064     keypad_task.obj (.text:KeypadTaskInit)
                  00003290    00000064     rtsv7M4_T_le_v4SPD16_eabi.lib : s_frexp.c.obj (.text:frexp)
                  000032f4    00000064     tasks.obj (.text:vTaskPlaceOnEventList)
                  00003358    00000062     queue.obj (.text:prvUnlockQueue)
                  000033ba    00000002     --HOLE-- [fill = 0]
                  000033bc    00000060     driverlib.lib : timer.obj (.text:TimerConfigure)
                  0000341c    00000060     tasks.obj (.text:prvInitialiseTaskLists)
                  0000347c    00000060     tasks.obj (.text:vTaskStartScheduler)
                  000034dc    0000005c     pwm.obj (.text:PWMInit)
                  00003538    0000005c     tasks.obj (.text:vTaskDelay)
                  00003594    0000005a     lcd.obj (.text:lcd_init)
                  000035ee    00000002     --HOLE-- [fill = 0]
                  000035f0    00000058     i2c.obj (.text:I2CInit)
                  00003648    00000058     tasks.obj (.text:prvCheckTasksWaitingTermination)
                  000036a0    00000056     driverlib.lib : gpio.obj (.text:GPIOIntTypeSet)
                  000036f6    00000056     rtsv7M4_T_le_v4SPD16_eabi.lib : _printfi.c.obj (.text:_pconv_f)
                  0000374c    00000056     tasks.obj (.text:prvInitialiseTCBVariables)
                  000037a2    00000056     queue.obj (.text:xQueueGiveFromISR)
                  000037f8    00000054     rtsv7M4_T_le_v4SPD16_eabi.lib : _ltoa.c.obj (.text:__TI_ltoa)
                  0000384c    00000054     tasks.obj (.text:xTaskCheckForTimeOut)
                  000038a0    00000052     rtsv7M4_T_le_v4SPD16_eabi.lib : _printfi.c.obj (.text:_ecpy)
                  000038f2    00000002     --HOLE-- [fill = 0]
                  000038f4    00000050     driverlib.lib : sysctl.obj (.text:SysCtlPeripheralReset)
                  00003944    00000050     main.obj (.text:main)
                  00003994    0000004e     queue.obj (.text:xQueueCreateMutex)
                  000039e2    00000002     --HOLE-- [fill = 0]
                  000039e4    0000004c     driverlib.lib : i2c.obj (.text:I2CMasterInitExpClk)
                  00003a30    0000004c     i2c.obj (.text:I2CWriteConf)
                  00003a7c    0000004c     driverlib.lib : timer.obj (.text:_TimerIntNumberGet)
                  00003ac8    0000004c     rtsv7M4_T_le_v4SPD16_eabi.lib : atoi.c.obj (.text:atoi)
                  00003b14    0000004c     tasks.obj (.text:prvAddCurrentTaskToDelayedList)
                  00003b60    00000048     driverlib.lib : gpio.obj (.text:GPIOPinConfigure)
                  00003ba8    00000048     menu_task.obj (.text:MenuTask)
                  00003bf0    00000048     rtsv7M4_T_le_v4SPD16_eabi.lib : fd_toi_t2.asm.obj (.text)
                  00003c38    00000048     pwm.obj (.text:setSpeaker)
                  00003c80    00000048     main.obj (.text:timerConfiguration)
                  00003cc8    00000044     driverlib.lib : gpio.obj (.text:_GPIOIntNumberGet)
                  00003d0c    00000044     rtsv7M4_T_le_v4SPD16_eabi.lib : autoinit.c.obj (.text:__TI_auto_init_nobinit_nopinit:__TI_auto_init_nobinit_nopinit)
                  00003d50    00000044     lcd.obj (.text:send_to_lcd)
                  00003d94    00000044     heap_2.obj (.text:vPortFree)
                  00003dd8    00000040     rtsv7M4_T_le_v4SPD16_eabi.lib : sprintf.c.obj (.text:sprintf)
                  00003e18    00000040     port.obj (.text:xPortStartScheduler)
                  00003e58    0000003e     rtsv7M4_T_le_v4SPD16_eabi.lib : _printfi.c.obj (.text:_fcpy)
                  00003e96    00000002     --HOLE-- [fill = 0]
                  00003e98    0000003c     temp_task.obj (.text:TempTaskInit)
                  00003ed4    0000003c     queue.obj (.text:xQueueGenericCreate)
                  00003f10    0000003a     tasks.obj (.text:prvAllocateTCBAndStack)
                  00003f4a    00000002     --HOLE-- [fill = 0]
                  00003f4c    00000038     menu_task.obj (.text:MenuTaskInit)
                  00003f84    00000038     driverlib.lib : sysctl.obj (.text:SysCtlPeripheralReady)
                  00003fbc    00000038     keypad_task.obj (.text:getRow)
                  00003ff4    00000038     rtsv7M4_T_le_v4SPD16_eabi.lib : fs_tod_t2.asm.obj (.text)
                  0000402c    00000038     list.obj (.text:vListInsert)
                  00004064    00000034     driverlib.lib : interrupt.obj (.text:IntRegister)
                  00004098    00000034                   : sysctl.obj (.text:SysCtlPeripheralEnable)
                  000040cc    00000034     rtsv7M4_T_le_v4SPD16_eabi.lib : boot_cortex_m.c.obj (.text:_c_int00_noargs:_c_int00_noargs)
                  00004100    00000030     heap_2.obj (.text:prvHeapInit)
                  00004130    0000002e     rtsv7M4_T_le_v4SPD16_eabi.lib : i_tofd_t2.asm.obj (.text)
                  0000415e    00000002     --HOLE-- [fill = 0]
                  00004160    0000002c     port.obj (.text:xPortSysTickHandler)
                  0000418c    0000002a     driverlib.lib : gpio.obj (.text:GPIODirModeSet)
                  000041b6    00000002     --HOLE-- [fill = 0]
                  000041b8    00000028     main.obj (.text:DebounceHandler)
                  000041e0    00000028     keypad_task.obj (.text:bitsToIndex)
                  00004208    00000028     tasks.obj (.text:prvResetNextTaskUnblockTime)
                  00004230    00000028     port.obj (.text:pxPortInitialiseStack)
                  00004258    00000026     queue.obj (.text:prvCopyDataFromQueue)
                  0000427e    00000022     driverlib.lib : pwm.obj (.text:PWMGenConfigure)
                  000042a0    00000020     menu_task.obj (.text:ReadTemp)
                  000042c0    00000020     list.obj (.text:uxListRemove)
                  000042e0    0000001e     driverlib.lib : pwm.obj (.text:PWMPulseWidthSet)
                  000042fe    0000001c     rtsv7M4_T_le_v4SPD16_eabi.lib : memccpy.c.obj (.text:memccpy)
                  0000431a    0000001c     queue.obj (.text:prvIsQueueFull)
                  00004336    00000002     --HOLE-- [fill = 0]
                  00004338    0000001c     port.obj (.text:vPortEnterCritical)
                  00004354    0000001a     rtsv7M4_T_le_v4SPD16_eabi.lib : s_copysign.c.obj (.text:copysign)
                  0000436e    0000001a     queue.obj (.text:prvIsQueueEmpty)
                  00004388    00000018     driverlib.lib : gpio.obj (.text:GPIOIntRegister)
                  000043a0    00000018                   : gpio.obj (.text:GPIOPinTypeGPIOOutput)
                  000043b8    00000018                   : timer.obj (.text:TimerDisable)
                  000043d0    00000018                   : timer.obj (.text:TimerIntRegister)
                  000043e8    00000018     rtsv7M4_T_le_v4SPD16_eabi.lib : sprintf.c.obj (.text:_outs)
                  00004400    00000018     lcd.obj (.text:delay_ms)
                  00004418    00000018     lcd.obj (.text:lcd_send_cmd)
                  00004430    00000018     lcd.obj (.text:lcd_send_data)
                  00004448    00000018     tasks.obj (.text:pvTaskIncrementMutexHeldCount)
                  00004460    00000018     list.obj (.text:vListInsertEnd)
                  00004478    00000018     port.obj (.text:vPortExitCritical)
                  00004490    00000018     tasks.obj (.text:vTaskSetTimeOutState)
                  000044a8    00000016     rtsv7M4_T_le_v4SPD16_eabi.lib : strchr.c.obj (.text:strchr)
                  000044be    00000016     list.obj (.text:vListInitialise)
                  000044d4    00000014     menu_task.obj (.text:getTime)
                  000044e8    00000014     lcd.obj (.text:lcd_send_string)
                  000044fc    00000014     rtsv7M4_T_le_v4SPD16_eabi.lib : strlen.c.obj (.text:strlen)
                  00004510    00000014     port.obj (.text:vPortSetupTimerInterrupt)
                  00004524    00000012     driverlib.lib : gpio.obj (.text:GPIOPinTypeGPIOInput)
                  00004536    00000012                   : gpio.obj (.text:GPIOPinTypeI2C)
                  00004548    00000012                   : gpio.obj (.text:GPIOPinTypeI2CSCL)
                  0000455a    00000012                   : gpio.obj (.text:GPIOPinTypePWM)
                  0000456c    00000012                   : pwm.obj (.text:PWMGenPeriodGet)
                  0000457e    00000012                   : pwm.obj (.text:PWMOutputState)
                  00004590    00000012                   : timer.obj (.text:TimerPrescaleSet)
                  000045a2    00000012     tasks.obj (.text:prvDeleteTCB)
                  000045b4    00000012     rtsv7M4_T_le_v4SPD16_eabi.lib : wcslen.c.obj (.text:wcslen)
                  000045c6    00000010     driverlib.lib : pwm.obj (.text:PWMGenPeriodSet)
                  000045d6    00000010     keypad_task.obj (.text:keyIsNumber)
                  000045e6    00000010     keypad_task.obj (.text:keyIsValid)
                  000045f6    00000010     lcd.obj (.text:lcd_clear)
                  00004606    00000010     port.obj (.text:prvTaskExitError)
                  00004616    00000002     --HOLE-- [fill = 0]
                  00004618    00000010     pwm.obj (.text:stopSeaker)
                  00004628    00000010     tasks.obj (.text:vTaskSuspendAll)
                  00004638    0000000e     driverlib.lib : gpio.obj (.text:GPIOIntStatus)
                  00004646    0000000e                   : timer.obj (.text:TimerEnable)
                  00004654    0000000e     rtsv7M4_T_le_v4SPD16_eabi.lib : copy_decompress_none.c.obj (.text:decompress:none:__TI_decompress_none)
                  00004662    0000000c     driverlib.lib : gpio.obj (.text:GPIOIntEnable)
                  0000466e    0000000c                   : pwm.obj (.text:PWMGenEnable)
                  0000467a    0000000c     rtsv7M4_T_le_v4SPD16_eabi.lib : copy_zero_init.c.obj (.text:decompress:ZI:__TI_zero_init)
                  00004686    00000002     --HOLE-- [fill = 0]
                  00004688    0000000c     tasks.obj (.text:vTaskMissedYield)
                  00004694    0000000c     tasks.obj (.text:xTaskGetTickCount)
                  000046a0    0000000a     driverlib.lib : i2c.obj (.text:I2CMasterEnable)
                  000046aa    0000000a                   : timer.obj (.text:TimerIntDisable)
                  000046b4    0000000a     rtsv7M4_T_le_v4SPD16_eabi.lib : sprintf.c.obj (.text:_outc)
                  000046be    0000000a     lcd.obj (.text:lcd_put_cur)
                  000046c8    00000008     driverlib.lib : i2c.obj (.text:I2CMasterBusy)
                  000046d0    00000008                   : i2c.obj (.text:I2CMasterSlaveAddrSet)
                  000046d8    00000008     rtsv7M4_T_le_v4SPD16_eabi.lib : errno.c.obj (.text:__aeabi_errno_addr)
                  000046e0    00000008     tasks.obj (.text:prvIdleTask)
                  000046e8    00000006     driverlib.lib : gpio.obj (.text:GPIOIntClear)
                  000046ee    00000006                   : gpio.obj (.text:GPIOPinRead)
                  000046f4    00000006                   : gpio.obj (.text:GPIOPinWrite)
                  000046fa    00000006     startup_ccs.obj (.text:ResetISR)
                  00004700    00000006     driverlib.lib : sysctl.obj (.text:SysCtlDelay)
                  00004706    00000006                   : timer.obj (.text:TimerClockSourceSet)
                  0000470c    00000006     lcd.obj (.text:lcd_cmd)
                  00004712    00000006     list.obj (.text:vListInitialiseItem)
                  00004718    00000004     driverlib.lib : i2c.obj (.text:I2CMasterControl)
                  0000471c    00000004                   : i2c.obj (.text:I2CMasterDataGet)
                  00004720    00000004                   : i2c.obj (.text:I2CMasterDataPut)
                  00004724    00000004     rtsv7M4_T_le_v4SPD16_eabi.lib : pre_init.c.obj (.text:_system_pre_init)
                  00004728    00000004                                   : exit.c.obj (.text:abort:abort)

.const     0    0000472c    00000544     
                  0000472c    00000101     rtsv7M4_T_le_v4SPD16_eabi.lib : ctype.c.obj (.const:.string:_ctypes_)
                  0000482d    00000003     --HOLE-- [fill = 0]
                  00004830    000000d8     driverlib.lib : gpio.obj (.const:g_ppui32GPIOIntMapSnowflake)
                  00004908    000000c0                   : gpio.obj (.const:g_ppui32GPIOIntMapBlizzard)
                  000049c8    00000090                   : gpio.obj (.const:g_pui32GPIOBaseAddrs)
                  00004a58    00000070                   : interrupt.obj (.const)
                  00004ac8    0000006c                   : sysctl.obj (.const:g_pui32Xtals)
                  00004b34    00000060                   : timer.obj (.const:g_ppui32TimerIntMap)
                  00004b94    00000040                   : timer.obj (.const:g_ppui32TimerIntMapSnowflake)
                  00004bd4    00000020     menu_task.obj (.const:$P$T0$1)
                  00004bf4    00000020     menu_task.obj (.const:$P$T1$2)
                  00004c14    00000018     menu_task.obj (.const:$P$T2$3)
                  00004c2c    00000018     menu_task.obj (.const:$P$T3$4)
                  00004c44    00000010     keypad_task.obj (.const:keypad)
                  00004c54    0000000c     menu_task.obj (.const:$P$T4$5)
                  00004c60    0000000c     menu_task.obj (.const:$P$T5$6)
                  00004c6c    00000004     port.obj (.const)

.cinit     0    00004c70    00000048     
                  00004c70    00000014     (.cinit..data.load) [load image, compression = lzss]
                  00004c84    0000000c     (__TI_handler_table)
                  00004c90    00000008     (.cinit..bss.load) [load image, compression = zero_init]
                  00004c98    00000008     (.cinit..vtable.load) [load image, compression = zero_init]
                  00004ca0    00000018     (__TI_cinit_table)

.init_array 
*          0    00000000    00000000     UNINITIALIZED

.vtable    0    20000000    0000026c     UNINITIALIZED
                  20000000    0000026c     driverlib.lib : interrupt.obj (.vtable)

.bss       0    2000026c    00007704     UNINITIALIZED
                  2000026c    00007530     heap_2.obj (.bss:ucHeap)
                  2000779c    00000140     tasks.obj (.bss:pxReadyTasksLists)
                  200078dc    00000014     tasks.obj (.bss:xDelayedTaskList1)
                  200078f0    00000014     tasks.obj (.bss:xDelayedTaskList2)
                  20007904    00000014     tasks.obj (.bss:xPendingReadyList)
                  20007918    00000014     tasks.obj (.bss:xSuspendedTaskList)
                  2000792c    00000014     tasks.obj (.bss:xTasksWaitingTermination)
                  20007940    00000008     tasks.obj (.bss)
                  20007948    00000008     heap_2.obj (.bss:xEnd)
                  20007950    00000008     heap_2.obj (.bss:xStart)
                  20007958    00000004     keypad_task.obj (.bss)
                  2000795c    00000004     (.common:LCDMutex)
                  20007960    00000004     (.common:keypadQueue)
                  20007964    00000004     (.common:keypadSemaphore)
                  20007968    00000004     (.common:motorTemp)
                  2000796c    00000004     (.common:tempMutex)

.data      0    20007b70    0000004a     UNINITIALIZED
                  20007b70    00000030     tasks.obj (.data)
                  20007ba0    00000008     heap_2.obj (.data)
                  20007ba8    00000008     keypad_task.obj (.data)
                  20007bb0    00000004     port.obj (.data)
                  20007bb4    00000004     rtsv7M4_T_le_v4SPD16_eabi.lib : errno.c.obj (.data)
                  20007bb8    00000002     temp_task.obj (.data)

.stack     0    20007970    00000200     UNINITIALIZED
                  20007970    00000004     rtsv7M4_T_le_v4SPD16_eabi.lib : boot_cortex_m.c.obj (.stack)
                  20007974    000001fc     --HOLE--

__llvm_prf_cnts 
*          0    20000000    00000000     UNINITIALIZED

MODULE SUMMARY

       Module                       code    ro data   rw data
       ------                       ----    -------   -------
    .\
       menu_task.obj                1548    136       0      
       startup_ccs.obj              12      620       0      
       keypad_task.obj              528     16        20     
       temp_task.obj                492     0         14     
       main.obj                     406     0         0      
       i2c.obj                      284     0         0      
       lcd.obj                      282     0         0      
       pwm.obj                      180     0         0      
    +--+----------------------------+-------+---------+---------+
       Total:                       3732    772       34     
                                                             
    .\third_party\FreeRTOS\Source\
       tasks.obj                    2194    0         476    
       queue.obj                    1172    0         0      
       list.obj                     140     0         0      
    +--+----------------------------+-------+---------+---------+
       Total:                       3506    0         476    
                                                             
    .\third_party\FreeRTOS\Source\portable\CCS\ARM_CM4F\
       port.obj                     236     4         4      
       portasm.obj                  210     0         0      
    +--+----------------------------+-------+---------+---------+
       Total:                       446     4         4      
                                                             
    .\third_party\FreeRTOS\Source\portable\MemMang\
       heap_2.obj                   288     0         30024  
    +--+----------------------------+-------+---------+---------+
       Total:                       288     0         30024  
                                                             
    C:/ti/tivaware_c_series_2_1_4_178/driverlib/ccs/Debug/driverlib.lib
       gpio.obj                     738     552       0      
       interrupt.obj                156     112       620    
       sysctl.obj                   466     108       0      
       timer.obj                    268     160       0      
       pwm.obj                      128     0         0      
       i2c.obj                      114     0         0      
    +--+----------------------------+-------+---------+---------+
       Total:                       1870    932       620    
                                                             
    C:\ti\ccs1210\ccs\tools\compiler\ti-cgt-arm_20.2.7.LTS\lib\rtsv7M4_T_le_v4SPD16_eabi.lib
       _printfi.c.obj               4851    0         0      
       fd_add_t2.asm.obj            438     0         0      
       fd_div_t2.asm.obj            310     0         0      
       s_scalbn.c.obj               272     0         0      
       fd_cmp_t2.asm.obj            268     0         0      
       ctype.c.obj                  0       257       0      
       fd_mul_t2.asm.obj            252     0         0      
       memcpy_t2.asm.obj            156     0         0      
       ull_div_t2.asm.obj           150     0         0      
       memset_t2.asm.obj            122     0         0      
       copy_decompress_lzss.c.obj   104     0         0      
       s_frexp.c.obj                100     0         0      
       sprintf.c.obj                98      0         0      
       _ltoa.c.obj                  84      0         0      
       atoi.c.obj                   76      0         0      
       fd_toi_t2.asm.obj            72      0         0      
       autoinit.c.obj               68      0         0      
       fs_tod_t2.asm.obj            56      0         0      
       boot_cortex_m.c.obj          52      0         0      
       i_tofd_t2.asm.obj            46      0         0      
       memccpy.c.obj                28      0         0      
       s_copysign.c.obj             26      0         0      
       strchr.c.obj                 22      0         0      
       strlen.c.obj                 20      0         0      
       wcslen.c.obj                 18      0         0      
       copy_decompress_none.c.obj   14      0         0      
       copy_zero_init.c.obj         12      0         0      
       errno.c.obj                  8       0         4      
       exit.c.obj                   4       0         0      
       pre_init.c.obj               4       0         0      
       div0.asm.obj                 2       0         0      
    +--+----------------------------+-------+---------+---------+
       Total:                       7733    257       4      
                                                             
       Stack:                       0       0         512    
       Linker Generated:            0       72        0      
    +--+----------------------------+-------+---------+---------+
       Grand Total:                 17575   2037      31674  


LINKER GENERATED COPY TABLES

__TI_cinit_table @ 00004ca0 records: 3, size/record: 8, table size: 24
	.data: load addr=00004c70, load size=00000014 bytes, run addr=20007b70, run size=0000004a bytes, compression=lzss
	.bss: load addr=00004c90, load size=00000008 bytes, run addr=2000026c, run size=00007704 bytes, compression=zero_init
	.vtable: load addr=00004c98, load size=00000008 bytes, run addr=20000000, run size=0000026c bytes, compression=zero_init


LINKER GENERATED HANDLER TABLE

__TI_handler_table @ 00004c84 records: 3, size/record: 4, table size: 12
	index: 0, handler: __TI_zero_init
	index: 1, handler: __TI_decompress_lzss
	index: 2, handler: __TI_decompress_none


GLOBAL SYMBOLS: SORTED ALPHABETICALLY BY Name 

address   name                          
-------   ----                          
00004729  C$$EXIT                       
000041b9  DebounceHandler               
0000418d  GPIODirModeSet                
000046e9  GPIOIntClear                  
00004663  GPIOIntEnable                 
00004389  GPIOIntRegister               
00004639  GPIOIntStatus                 
000036a1  GPIOIntTypeSet                
0000166f  GPIOPadConfigSet              
00003b61  GPIOPinConfigure              
000046ef  GPIOPinRead                   
00004525  GPIOPinTypeGPIOInput          
000043a1  GPIOPinTypeGPIOOutput         
00004537  GPIOPinTypeI2C                
00004549  GPIOPinTypeI2CSCL             
0000455b  GPIOPinTypePWM                
000046f5  GPIOPinWrite                  
000035f1  I2CInit                       
000046c9  I2CMasterBusy                 
00004719  I2CMasterControl              
0000471d  I2CMasterDataGet              
00004721  I2CMasterDataPut              
000046a1  I2CMasterEnable               
000039e5  I2CMasterInitExpClk           
000046d1  I2CMasterSlaveAddrSet         
00002e39  I2CRead                       
00003a31  I2CWriteConf                  
000030f5  IntEnable                     
00004065  IntRegister                   
00002eb1  KeypadInterruptHandler        
0000322d  KeypadTaskInit                
2000795c  LCDMutex                      
20007bb9  MaxTEMP                       
00003f4d  MenuTaskInit                  
20007bb8  MinTEMP                       
0000427f  PWMGenConfigure               
0000466f  PWMGenEnable                  
0000456d  PWMGenPeriodGet               
000045c7  PWMGenPeriodSet               
000034dd  PWMInit                       
0000457f  PWMOutputState                
000042e1  PWMPulseWidthSet              
000042a1  ReadTemp                      
000046fb  ResetISR                      
000019dd  SysCtlClockGet                
00004701  SysCtlDelay                   
00004099  SysCtlPeripheralEnable        
00003f85  SysCtlPeripheralReady         
000038f5  SysCtlPeripheralReset         
00003e99  TempTaskInit                  
00004707  TimerClockSourceSet           
000033bd  TimerConfigure                
000043b9  TimerDisable                  
00004647  TimerEnable                   
000046ab  TimerIntDisable               
000043d1  TimerIntRegister              
00004591  TimerPrescaleSet              
20007b70  __STACK_END                   
00000200  __STACK_SIZE                  
20007b70  __STACK_TOP                   
00004ca0  __TI_CINIT_Base               
00004cb8  __TI_CINIT_Limit              
00004c84  __TI_Handler_Table_Base       
00004c90  __TI_Handler_Table_Limit      
00003d0d  __TI_auto_init_nobinit_nopinit
000031c5  __TI_decompress_lzss          
00004655  __TI_decompress_none          
000037f9  __TI_ltoa                     
ffffffff  __TI_pprof_out_hndl           
0000026d  __TI_printfi                  
ffffffff  __TI_prof_data_size           
ffffffff  __TI_prof_data_start          
00000000  __TI_static_base__            
0000467b  __TI_zero_init                
00002ba9  __aeabi_cdcmpeq               
00002ba9  __aeabi_cdcmple               
00002c2f  __aeabi_cdrcmple              
00003bf1  __aeabi_d2iz                  
00001107  __aeabi_dadd                  
00001539  __aeabi_ddiv                  
00001f01  __aeabi_dmul                  
000010fd  __aeabi_dsub                  
000046d9  __aeabi_errno_addr            
00003ff5  __aeabi_f2d                   
00004131  __aeabi_i2d                   
00002807  __aeabi_idiv0                 
00002807  __aeabi_ldiv0                 
00002dbd  __aeabi_memclr                
00002dbd  __aeabi_memclr4               
00002dbd  __aeabi_memclr8               
00002959  __aeabi_memcpy                
00002959  __aeabi_memcpy4               
00002959  __aeabi_memcpy8               
00002dbf  __aeabi_memset                
00002dbf  __aeabi_memset4               
00002dbf  __aeabi_memset8               
000029f5  __aeabi_uldivmod              
ffffffff  __binit__                     
ffffffff  __c_args__                    
UNDEFED   __mpu_init                    
20007970  __stack                       
20000000  __start___llvm_prf_cnts       
20000000  __stop___llvm_prf_cnts        
000040cd  _c_int00_noargs               
0000472c  _ctypes_                      
UNDEFED   _system_post_cinit            
00004725  _system_pre_init              
00004729  abort                         
00003ac9  atoi                          
ffffffff  binit                         
000041e1  bitsToIndex                   
000012b5  checkLimits                   
00004355  copysign                      
00004355  copysignl                     
20007bac  currentState                  
00001ffd  date_setup                    
00004401  delay_ms                      
20007bb4  errno                         
00003291  frexp                         
00003291  frexpl                        
20000000  g_pfnRAMVectors               
00000000  g_pfnVectors                  
00003fbd  getRow                        
000044d5  getTime                       
000045d7  keyIsNumber                   
000045e7  keyIsValid                    
00004c44  keypad                        
20007960  keypadQueue                   
20007964  keypadSemaphore               
20007ba8  lastState                     
000045f7  lcd_clear                     
0000470d  lcd_cmd                       
00003595  lcd_init                      
000046bf  lcd_put_cur                   
00004419  lcd_send_cmd                  
00004431  lcd_send_data                 
000044e9  lcd_send_string               
00001aed  ldexp                         
00001aed  ldexpl                        
00003945  main                          
000042ff  memccpy                       
00002959  memcpy                        
00002dc5  memset                        
000028b5  menu                          
20007968  motorTemp                     
000022b9  pinConfiguration              
00002809  pvPortMalloc                  
00004449  pvTaskIncrementMutexHeldCount 
20007b70  pxCurrentTCB                  
00004231  pxPortInitialiseStack         
00001aed  scalbn                        
00001aed  scalbnl                       
00003d51  send_to_lcd                   
00002529  setMaxTemp                    
000025e5  setMinTemp                    
00003c39  setSpeaker                    
00002461  showTemperature               
00002cb5  showTime                      
00003dd9  sprintf                       
00004619  stopSeaker                    
000044a9  strchr                        
000044fd  strlen                        
2000796c  tempMutex                     
00001d01  time_setup                    
00003c81  timerConfiguration            
00004c6c  ulMaxSyscallInterruptPriority 
0000239d  ulPortGetIPSR                 
000042c1  uxListRemove                  
00002a8b  vApplicationStackOverflowHook 
000044bf  vListInitialise               
00004713  vListInitialiseItem           
0000402d  vListInsert                   
00004461  vListInsertEnd                
00002451  vPortEnableVFP                
00004339  vPortEnterCritical            
00004479  vPortExitCritical             
00003d95  vPortFree                     
00002415  vPortSVCHandler               
00004511  vPortSetupTimerInterrupt      
00002435  vPortStartFirstTask           
00003539  vTaskDelay                    
00004689  vTaskMissedYield              
000032f5  vTaskPlaceOnEventList         
00002a8d  vTaskPriorityInherit          
00004491  vTaskSetTimeOutState          
0000347d  vTaskStartScheduler           
00004629  vTaskSuspendAll               
00002b1d  vTaskSwitchContext            
000045b5  wcslen                        
000023b5  xPortPendSVHandler            
00003e19  xPortStartScheduler           
00004161  xPortSysTickHandler           
00003995  xQueueCreateMutex             
00003ed5  xQueueGenericCreate           
000018c5  xQueueGenericReceive          
00002d39  xQueueGenericReset            
000020ed  xQueueGenericSend             
000037a3  xQueueGiveFromISR             
0000384d  xTaskCheckForTimeOut          
00001e01  xTaskGenericCreate            
00004695  xTaskGetTickCount             
00001bfd  xTaskIncrementTick            
00002f29  xTaskPriorityDisinherit       
00002fa1  xTaskRemoveFromEventList      
000021d5  xTaskResumeAll                


GLOBAL SYMBOLS: SORTED BY Symbol Address 

address   name                          
-------   ----                          
00000000  __TI_static_base__            
00000000  g_pfnVectors                  
00000200  __STACK_SIZE                  
0000026d  __TI_printfi                  
000010fd  __aeabi_dsub                  
00001107  __aeabi_dadd                  
000012b5  checkLimits                   
00001539  __aeabi_ddiv                  
0000166f  GPIOPadConfigSet              
000018c5  xQueueGenericReceive          
000019dd  SysCtlClockGet                
00001aed  ldexp                         
00001aed  ldexpl                        
00001aed  scalbn                        
00001aed  scalbnl                       
00001bfd  xTaskIncrementTick            
00001d01  time_setup                    
00001e01  xTaskGenericCreate            
00001f01  __aeabi_dmul                  
00001ffd  date_setup                    
000020ed  xQueueGenericSend             
000021d5  xTaskResumeAll                
000022b9  pinConfiguration              
0000239d  ulPortGetIPSR                 
000023b5  xPortPendSVHandler            
00002415  vPortSVCHandler               
00002435  vPortStartFirstTask           
00002451  vPortEnableVFP                
00002461  showTemperature               
00002529  setMaxTemp                    
000025e5  setMinTemp                    
00002807  __aeabi_idiv0                 
00002807  __aeabi_ldiv0                 
00002809  pvPortMalloc                  
000028b5  menu                          
00002959  __aeabi_memcpy                
00002959  __aeabi_memcpy4               
00002959  __aeabi_memcpy8               
00002959  memcpy                        
000029f5  __aeabi_uldivmod              
00002a8b  vApplicationStackOverflowHook 
00002a8d  vTaskPriorityInherit          
00002b1d  vTaskSwitchContext            
00002ba9  __aeabi_cdcmpeq               
00002ba9  __aeabi_cdcmple               
00002c2f  __aeabi_cdrcmple              
00002cb5  showTime                      
00002d39  xQueueGenericReset            
00002dbd  __aeabi_memclr                
00002dbd  __aeabi_memclr4               
00002dbd  __aeabi_memclr8               
00002dbf  __aeabi_memset                
00002dbf  __aeabi_memset4               
00002dbf  __aeabi_memset8               
00002dc5  memset                        
00002e39  I2CRead                       
00002eb1  KeypadInterruptHandler        
00002f29  xTaskPriorityDisinherit       
00002fa1  xTaskRemoveFromEventList      
000030f5  IntEnable                     
000031c5  __TI_decompress_lzss          
0000322d  KeypadTaskInit                
00003291  frexp                         
00003291  frexpl                        
000032f5  vTaskPlaceOnEventList         
000033bd  TimerConfigure                
0000347d  vTaskStartScheduler           
000034dd  PWMInit                       
00003539  vTaskDelay                    
00003595  lcd_init                      
000035f1  I2CInit                       
000036a1  GPIOIntTypeSet                
000037a3  xQueueGiveFromISR             
000037f9  __TI_ltoa                     
0000384d  xTaskCheckForTimeOut          
000038f5  SysCtlPeripheralReset         
00003945  main                          
00003995  xQueueCreateMutex             
000039e5  I2CMasterInitExpClk           
00003a31  I2CWriteConf                  
00003ac9  atoi                          
00003b61  GPIOPinConfigure              
00003bf1  __aeabi_d2iz                  
00003c39  setSpeaker                    
00003c81  timerConfiguration            
00003d0d  __TI_auto_init_nobinit_nopinit
00003d51  send_to_lcd                   
00003d95  vPortFree                     
00003dd9  sprintf                       
00003e19  xPortStartScheduler           
00003e99  TempTaskInit                  
00003ed5  xQueueGenericCreate           
00003f4d  MenuTaskInit                  
00003f85  SysCtlPeripheralReady         
00003fbd  getRow                        
00003ff5  __aeabi_f2d                   
0000402d  vListInsert                   
00004065  IntRegister                   
00004099  SysCtlPeripheralEnable        
000040cd  _c_int00_noargs               
00004131  __aeabi_i2d                   
00004161  xPortSysTickHandler           
0000418d  GPIODirModeSet                
000041b9  DebounceHandler               
000041e1  bitsToIndex                   
00004231  pxPortInitialiseStack         
0000427f  PWMGenConfigure               
000042a1  ReadTemp                      
000042c1  uxListRemove                  
000042e1  PWMPulseWidthSet              
000042ff  memccpy                       
00004339  vPortEnterCritical            
00004355  copysign                      
00004355  copysignl                     
00004389  GPIOIntRegister               
000043a1  GPIOPinTypeGPIOOutput         
000043b9  TimerDisable                  
000043d1  TimerIntRegister              
00004401  delay_ms                      
00004419  lcd_send_cmd                  
00004431  lcd_send_data                 
00004449  pvTaskIncrementMutexHeldCount 
00004461  vListInsertEnd                
00004479  vPortExitCritical             
00004491  vTaskSetTimeOutState          
000044a9  strchr                        
000044bf  vListInitialise               
000044d5  getTime                       
000044e9  lcd_send_string               
000044fd  strlen                        
00004511  vPortSetupTimerInterrupt      
00004525  GPIOPinTypeGPIOInput          
00004537  GPIOPinTypeI2C                
00004549  GPIOPinTypeI2CSCL             
0000455b  GPIOPinTypePWM                
0000456d  PWMGenPeriodGet               
0000457f  PWMOutputState                
00004591  TimerPrescaleSet              
000045b5  wcslen                        
000045c7  PWMGenPeriodSet               
000045d7  keyIsNumber                   
000045e7  keyIsValid                    
000045f7  lcd_clear                     
00004619  stopSeaker                    
00004629  vTaskSuspendAll               
00004639  GPIOIntStatus                 
00004647  TimerEnable                   
00004655  __TI_decompress_none          
00004663  GPIOIntEnable                 
0000466f  PWMGenEnable                  
0000467b  __TI_zero_init                
00004689  vTaskMissedYield              
00004695  xTaskGetTickCount             
000046a1  I2CMasterEnable               
000046ab  TimerIntDisable               
000046bf  lcd_put_cur                   
000046c9  I2CMasterBusy                 
000046d1  I2CMasterSlaveAddrSet         
000046d9  __aeabi_errno_addr            
000046e9  GPIOIntClear                  
000046ef  GPIOPinRead                   
000046f5  GPIOPinWrite                  
000046fb  ResetISR                      
00004701  SysCtlDelay                   
00004707  TimerClockSourceSet           
0000470d  lcd_cmd                       
00004713  vListInitialiseItem           
00004719  I2CMasterControl              
0000471d  I2CMasterDataGet              
00004721  I2CMasterDataPut              
00004725  _system_pre_init              
00004729  C$$EXIT                       
00004729  abort                         
0000472c  _ctypes_                      
00004c44  keypad                        
00004c6c  ulMaxSyscallInterruptPriority 
00004c84  __TI_Handler_Table_Base       
00004c90  __TI_Handler_Table_Limit      
00004ca0  __TI_CINIT_Base               
00004cb8  __TI_CINIT_Limit              
20000000  __start___llvm_prf_cnts       
20000000  __stop___llvm_prf_cnts        
20000000  g_pfnRAMVectors               
2000795c  LCDMutex                      
20007960  keypadQueue                   
20007964  keypadSemaphore               
20007968  motorTemp                     
2000796c  tempMutex                     
20007970  __stack                       
20007b70  __STACK_END                   
20007b70  __STACK_TOP                   
20007b70  pxCurrentTCB                  
20007ba8  lastState                     
20007bac  currentState                  
20007bb4  errno                         
20007bb8  MinTEMP                       
20007bb9  MaxTEMP                       
ffffffff  __TI_pprof_out_hndl           
ffffffff  __TI_prof_data_size           
ffffffff  __TI_prof_data_start          
ffffffff  __binit__                     
ffffffff  __c_args__                    
ffffffff  binit                         
UNDEFED   __mpu_init                    
UNDEFED   _system_post_cinit            

[205 symbols]
