******************************************************************************
                  TI ARM Linker PC v20.2.7                     
******************************************************************************
>> Linked Sun Jan 15 11:33:13 2023

OUTPUT FILE NAME:   <freertos_demo.out>
ENTRY POINT SYMBOL: "_c_int00_noargs"  address: 00004461


MEMORY CONFIGURATION

         name            origin    length      used     unused   attr    fill
----------------------  --------  ---------  --------  --------  ----  --------
  FLASH                 00000000   00040000  00005144  0003aebc  R  X
  SRAM                  20000000   00008000  00007bda  00000426  RW X


SEGMENT ALLOCATION MAP

run origin  load origin   length   init length attrs members
----------  ----------- ---------- ----------- ----- -------
00000000    00000000    00005148   00005148    r-x
  00000000    00000000    0000026c   0000026c    r-- .intvecs
  0000026c    0000026c    000048fc   000048fc    r-x .text
  00004b68    00004b68    00000594   00000594    r-- .const
  00005100    00005100    00000048   00000048    r-- .cinit
20000000    20000000    00007bda   00000000    rw-
  20000000    20000000    0000026c   00000000    rw- .vtable
  2000026c    2000026c    00007724   00000000    rw- .bss
  20007990    20007990    00000200   00000000    rw- .stack
  20007b90    20007b90    0000004a   00000000    rw- .data


SECTION ALLOCATION MAP

 output                                  attributes/
section   page    origin      length       input sections
--------  ----  ----------  ----------   ----------------
.intvecs   0    00000000    0000026c     
                  00000000    0000026c     startup_ccs.obj (.intvecs)

.text      0    0000026c    000048fc     
                  0000026c    00000a4e     rtsv7M4_T_le_v4SPD16_eabi.lib : _printfi.c.obj (.text:__TI_printfi)
                  00000cba    00000002     startup_ccs.obj (.text:FaultISR)
                  00000cbc    00000270     rtsv7M4_T_le_v4SPD16_eabi.lib : _printfi.c.obj (.text:_pconv_a)
                  00000f2c    000001d0                                   : _printfi.c.obj (.text:_pconv_g)
                  000010fc    000001b6                                   : fd_add_t2.asm.obj (.text)
                  000012b2    00000002     startup_ccs.obj (.text:IntDefaultHandler)
                  000012b4    0000013c     rtsv7M4_T_le_v4SPD16_eabi.lib : _printfi.c.obj (.text:_pconv_e)
                  000013f0    00000138     menu_task.obj (.text:setMaxTemp)
                  00001528    00000136     rtsv7M4_T_le_v4SPD16_eabi.lib : fd_div_t2.asm.obj (.text)
                  0000165e    00000002     startup_ccs.obj (.text:NmiSR)
                  00001660    00000134     menu_task.obj (.text:setMinTemp)
                  00001794    00000132     driverlib.lib : gpio.obj (.text:GPIOPadConfigSet)
                  000018c6    00000002     rtsv7M4_T_le_v4SPD16_eabi.lib : div0.asm.obj (.text)
                  000018c8    00000124                                   : _printfi.c.obj (.text:fcvt)
                  000019ec    0000011c     menu_task.obj (.text:showTime)
                  00001b08    00000118     queue.obj (.text:xQueueGenericReceive)
                  00001c20    00000110     driverlib.lib : sysctl.obj (.text:SysCtlClockGet)
                  00001d30    00000110     rtsv7M4_T_le_v4SPD16_eabi.lib : s_scalbn.c.obj (.text:scalbn)
                  00001e40    0000010c     menu_task.obj (.text:time_setup)
                  00001f4c    00000104     tasks.obj (.text:xTaskIncrementTick)
                  00002050    00000100     tasks.obj (.text:xTaskGenericCreate)
                  00002150    000000fc     rtsv7M4_T_le_v4SPD16_eabi.lib : fd_mul_t2.asm.obj (.text)
                  0000224c    000000e8     queue.obj (.text:xQueueGenericSend)
                  00002334    000000e4     tasks.obj (.text:xTaskResumeAll)
                  00002418    000000e0     menu_task.obj (.text:date_setup)
                  000024f8    000000d4     main.obj (.text:pinConfiguration)
                  000025cc    000000d2     portasm.obj (.text)
                  0000269e    00000002     main.obj (.text:vApplicationStackOverflowHook)
                  000026a0    000000c8     menu_task.obj (.text:MenuTask)
                  00002768    000000c8     menu_task.obj (.text:showTemperature)
                  00002830    000000b8     menu_task.obj (.text:menu)
                  000028e8    000000b4     keypad_task.obj (.text:KeypadHandlerTask)
                  0000299c    000000b1     rtsv7M4_T_le_v4SPD16_eabi.lib : _printfi.c.obj (.text:_ltostr)
                  00002a4d    00000003     --HOLE-- [fill = 0]
                  00002a50    000000ac     heap_2.obj (.text:pvPortMalloc)
                  00002afc    0000009c     rtsv7M4_T_le_v4SPD16_eabi.lib : memcpy_t2.asm.obj (.text)
                  00002b98    00000096                                   : ull_div_t2.asm.obj (.text)
                  00002c2e    00000002     --HOLE-- [fill = 0]
                  00002c30    00000090     tasks.obj (.text:vTaskPriorityInherit)
                  00002cc0    0000008c     tasks.obj (.text:vTaskSwitchContext)
                  00002d4c    00000086     rtsv7M4_T_le_v4SPD16_eabi.lib : fd_cmp_t2.asm.obj (.text:__aeabi_cdcmple)
                  00002dd2    00000086                                   : fd_cmp_t2.asm.obj (.text:__aeabi_cdrcmple)
                  00002e58    00000084     queue.obj (.text:xQueueGenericReset)
                  00002edc    0000007a     rtsv7M4_T_le_v4SPD16_eabi.lib : memset_t2.asm.obj (.text)
                  00002f56    00000002     --HOLE-- [fill = 0]
                  00002f58    00000078     i2c.obj (.text:I2CRead)
                  00002fd0    00000078     keypad_task.obj (.text:KeypadInterruptHandler)
                  00003048    00000078     tasks.obj (.text:xTaskPriorityDisinherit)
                  000030c0    00000074     tasks.obj (.text:xTaskRemoveFromEventList)
                  00003134    00000072     queue.obj (.text:prvCopyDataToQueue)
                  000031a6    0000006e     rtsv7M4_T_le_v4SPD16_eabi.lib : _printfi.c.obj (.text:_mcpy)
                  00003214    0000006c     driverlib.lib : can.obj (.text:CANBitRateSet)
                  00003280    00000068                   : interrupt.obj (.text:IntEnable)
                  000032e8    00000068     rtsv7M4_T_le_v4SPD16_eabi.lib : copy_decompress_lzss.c.obj (.text:decompress:lzss:__TI_decompress_lzss)
                  00003350    00000064     keypad_task.obj (.text:KeypadTaskInit)
                  000033b4    00000064     rtsv7M4_T_le_v4SPD16_eabi.lib : s_frexp.c.obj (.text:frexp)
                  00003418    00000064     tasks.obj (.text:vTaskPlaceOnEventList)
                  0000347c    00000062     queue.obj (.text:prvUnlockQueue)
                  000034de    00000002     --HOLE-- [fill = 0]
                  000034e0    00000060     driverlib.lib : timer.obj (.text:TimerConfigure)
                  00003540    00000060     tasks.obj (.text:prvInitialiseTaskLists)
                  000035a0    00000060     tasks.obj (.text:vTaskStartScheduler)
                  00003600    0000005c     temp_task.obj (.text:TempTask)
                  0000365c    0000005c     driverlib.lib : can.obj (.text:_CANIntNumberGet)
                  000036b8    0000005c     tasks.obj (.text:vTaskDelay)
                  00003714    0000005a     lcd.obj (.text:lcd_init)
                  0000376e    00000002     --HOLE-- [fill = 0]
                  00003770    00000058     i2c.obj (.text:I2CInit)
                  000037c8    00000058     menu_task.obj (.text:dateIsValid)
                  00003820    00000058     main.obj (.text:main)
                  00003878    00000058     tasks.obj (.text:prvCheckTasksWaitingTermination)
                  000038d0    00000056     driverlib.lib : gpio.obj (.text:GPIOIntTypeSet)
                  00003926    00000056     rtsv7M4_T_le_v4SPD16_eabi.lib : _printfi.c.obj (.text:_pconv_f)
                  0000397c    00000056     tasks.obj (.text:prvInitialiseTCBVariables)
                  000039d2    00000056     queue.obj (.text:xQueueGiveFromISR)
                  00003a28    00000054     pwm.obj (.text:PWMInit)
                  00003a7c    00000054     rtsv7M4_T_le_v4SPD16_eabi.lib : _ltoa.c.obj (.text:__TI_ltoa)
                  00003ad0    00000054     pwm.obj (.text:setFan)
                  00003b24    00000054     tasks.obj (.text:xTaskCheckForTimeOut)
                  00003b78    00000052     rtsv7M4_T_le_v4SPD16_eabi.lib : _printfi.c.obj (.text:_ecpy)
                  00003bca    00000002     --HOLE-- [fill = 0]
                  00003bcc    00000050     actuator_task.obj (.text:ActuatorTask)
                  00003c1c    00000050     driverlib.lib : sysctl.obj (.text:SysCtlPeripheralReset)
                  00003c6c    00000050     menu_task.obj (.text:timeIsValid)
                  00003cbc    0000004e     queue.obj (.text:xQueueCreateMutex)
                  00003d0a    00000002     --HOLE-- [fill = 0]
                  00003d0c    0000004c     driverlib.lib : i2c.obj (.text:I2CMasterInitExpClk)
                  00003d58    0000004c     i2c.obj (.text:I2CWriteConf)
                  00003da4    0000004c     driverlib.lib : timer.obj (.text:_TimerIntNumberGet)
                  00003df0    0000004c     rtsv7M4_T_le_v4SPD16_eabi.lib : atoi.c.obj (.text:atoi)
                  00003e3c    0000004c     tasks.obj (.text:prvAddCurrentTaskToDelayedList)
                  00003e88    00000048     driverlib.lib : gpio.obj (.text:GPIOPinConfigure)
                  00003ed0    00000048     rtsv7M4_T_le_v4SPD16_eabi.lib : fd_toi_t2.asm.obj (.text)
                  00003f18    00000048     pwm.obj (.text:setSpeaker)
                  00003f60    00000048     main.obj (.text:timerConfiguration)
                  00003fa8    00000044     driverlib.lib : gpio.obj (.text:_GPIOIntNumberGet)
                  00003fec    00000044     rtsv7M4_T_le_v4SPD16_eabi.lib : autoinit.c.obj (.text:__TI_auto_init_nobinit_nopinit:__TI_auto_init_nobinit_nopinit)
                  00004030    00000044     lcd.obj (.text:send_to_lcd)
                  00004074    00000044     heap_2.obj (.text:vPortFree)
                  000040b8    00000040     driverlib.lib : can.obj (.text:CANStatusGet)
                  000040f8    00000040     rtsv7M4_T_le_v4SPD16_eabi.lib : sprintf.c.obj (.text:sprintf)
                  00004138    00000040     port.obj (.text:xPortStartScheduler)
                  00004178    0000003e     rtsv7M4_T_le_v4SPD16_eabi.lib : _printfi.c.obj (.text:_fcpy)
                  000041b6    00000002     --HOLE-- [fill = 0]
                  000041b8    0000003c     actuator_task.obj (.text:ActuatorTaskInit)
                  000041f4    0000003c     temp_task.obj (.text:TempTaskInit)
                  00004230    0000003c     queue.obj (.text:xQueueGenericCreate)
                  0000426c    0000003a     driverlib.lib : can.obj (.text:CANInit)
                  000042a6    0000003a     tasks.obj (.text:prvAllocateTCBAndStack)
                  000042e0    00000038     menu_task.obj (.text:MenuTaskInit)
                  00004318    00000038     driverlib.lib : sysctl.obj (.text:SysCtlPeripheralReady)
                  00004350    00000038     keypad_task.obj (.text:getRow)
                  00004388    00000038     rtsv7M4_T_le_v4SPD16_eabi.lib : fs_tod_t2.asm.obj (.text)
                  000043c0    00000038     list.obj (.text:vListInsert)
                  000043f8    00000034     driverlib.lib : interrupt.obj (.text:IntRegister)
                  0000442c    00000034                   : sysctl.obj (.text:SysCtlPeripheralEnable)
                  00004460    00000034     rtsv7M4_T_le_v4SPD16_eabi.lib : boot_cortex_m.c.obj (.text:_c_int00_noargs:_c_int00_noargs)
                  00004494    00000030     menu_task.obj (.text:CANIntHandler)
                  000044c4    00000030     heap_2.obj (.text:prvHeapInit)
                  000044f4    0000002e     rtsv7M4_T_le_v4SPD16_eabi.lib : i_tofd_t2.asm.obj (.text)
                  00004522    00000002     --HOLE-- [fill = 0]
                  00004524    0000002c     port.obj (.text:xPortSysTickHandler)
                  00004550    0000002a     driverlib.lib : gpio.obj (.text:GPIODirModeSet)
                  0000457a    00000002     --HOLE-- [fill = 0]
                  0000457c    00000028     main.obj (.text:DebounceHandler)
                  000045a4    00000028     keypad_task.obj (.text:bitsToIndex)
                  000045cc    00000028     tasks.obj (.text:prvResetNextTaskUnblockTime)
                  000045f4    00000028     port.obj (.text:pxPortInitialiseStack)
                  0000461c    00000026     queue.obj (.text:prvCopyDataFromQueue)
                  00004642    00000022     driverlib.lib : can.obj (.text:CANIntClear)
                  00004664    00000022                   : pwm.obj (.text:PWMGenConfigure)
                  00004686    00000020                   : can.obj (.text:CANIntStatus)
                  000046a6    00000002     --HOLE-- [fill = 0]
                  000046a8    00000020     menu_task.obj (.text:ReadTemp)
                  000046c8    00000020     list.obj (.text:uxListRemove)
                  000046e8    0000001e     driverlib.lib : pwm.obj (.text:PWMPulseWidthSet)
                  00004706    0000001c     rtsv7M4_T_le_v4SPD16_eabi.lib : memccpy.c.obj (.text:memccpy)
                  00004722    0000001c     queue.obj (.text:prvIsQueueFull)
                  0000473e    00000002     --HOLE-- [fill = 0]
                  00004740    0000001c     port.obj (.text:vPortEnterCritical)
                  0000475c    0000001a     rtsv7M4_T_le_v4SPD16_eabi.lib : s_copysign.c.obj (.text:copysign)
                  00004776    0000001a     queue.obj (.text:prvIsQueueEmpty)
                  00004790    00000018     driverlib.lib : can.obj (.text:CANIntRegister)
                  000047a8    00000018                   : gpio.obj (.text:GPIOIntRegister)
                  000047c0    00000018                   : gpio.obj (.text:GPIOPinTypeGPIOOutput)
                  000047d8    00000018                   : timer.obj (.text:TimerDisable)
                  000047f0    00000018                   : timer.obj (.text:TimerIntRegister)
                  00004808    00000018     rtsv7M4_T_le_v4SPD16_eabi.lib : sprintf.c.obj (.text:_outs)
                  00004820    00000018     lcd.obj (.text:delay_ms)
                  00004838    00000018     lcd.obj (.text:lcd_send_cmd)
                  00004850    00000018     lcd.obj (.text:lcd_send_data)
                  00004868    00000018     tasks.obj (.text:pvTaskIncrementMutexHeldCount)
                  00004880    00000018     list.obj (.text:vListInsertEnd)
                  00004898    00000018     port.obj (.text:vPortExitCritical)
                  000048b0    00000018     tasks.obj (.text:vTaskSetTimeOutState)
                  000048c8    00000016     rtsv7M4_T_le_v4SPD16_eabi.lib : strchr.c.obj (.text:strchr)
                  000048de    00000016     list.obj (.text:vListInitialise)
                  000048f4    00000014     menu_task.obj (.text:getTime)
                  00004908    00000014     lcd.obj (.text:lcd_send_string)
                  0000491c    00000014     rtsv7M4_T_le_v4SPD16_eabi.lib : strlen.c.obj (.text:strlen)
                  00004930    00000014     port.obj (.text:vPortSetupTimerInterrupt)
                  00004944    00000012     driverlib.lib : gpio.obj (.text:GPIOPinTypeCAN)
                  00004956    00000012                   : gpio.obj (.text:GPIOPinTypeGPIOInput)
                  00004968    00000012                   : gpio.obj (.text:GPIOPinTypeI2C)
                  0000497a    00000012                   : gpio.obj (.text:GPIOPinTypeI2CSCL)
                  0000498c    00000012                   : gpio.obj (.text:GPIOPinTypePWM)
                  0000499e    00000012                   : pwm.obj (.text:PWMGenPeriodGet)
                  000049b0    00000012                   : pwm.obj (.text:PWMOutputState)
                  000049c2    00000012                   : timer.obj (.text:TimerPrescaleSet)
                  000049d4    00000012     tasks.obj (.text:prvDeleteTCB)
                  000049e6    00000012     rtsv7M4_T_le_v4SPD16_eabi.lib : wcslen.c.obj (.text:wcslen)
                  000049f8    00000010     driverlib.lib : pwm.obj (.text:PWMGenPeriodSet)
                  00004a08    00000010     keypad_task.obj (.text:keyIsNumber)
                  00004a18    00000010     keypad_task.obj (.text:keyIsValid)
                  00004a28    00000010     lcd.obj (.text:lcd_clear)
                  00004a38    00000010     port.obj (.text:prvTaskExitError)
                  00004a48    00000010     pwm.obj (.text:stopSeaker)
                  00004a58    00000010     tasks.obj (.text:vTaskSuspendAll)
                  00004a68    0000000e     driverlib.lib : gpio.obj (.text:GPIOIntStatus)
                  00004a76    0000000e                   : timer.obj (.text:TimerEnable)
                  00004a84    0000000e     rtsv7M4_T_le_v4SPD16_eabi.lib : copy_decompress_none.c.obj (.text:decompress:none:__TI_decompress_none)
                  00004a92    0000000c     driverlib.lib : gpio.obj (.text:GPIOIntEnable)
                  00004a9e    0000000c                   : pwm.obj (.text:PWMGenEnable)
                  00004aaa    0000000c     rtsv7M4_T_le_v4SPD16_eabi.lib : copy_zero_init.c.obj (.text:decompress:ZI:__TI_zero_init)
                  00004ab6    00000002     --HOLE-- [fill = 0]
                  00004ab8    0000000c     tasks.obj (.text:vTaskMissedYield)
                  00004ac4    0000000c     tasks.obj (.text:xTaskGetTickCount)
                  00004ad0    0000000a     driverlib.lib : can.obj (.text:CANEnable)
                  00004ada    0000000a                   : i2c.obj (.text:I2CMasterEnable)
                  00004ae4    0000000a                   : timer.obj (.text:TimerIntDisable)
                  00004aee    0000000a     rtsv7M4_T_le_v4SPD16_eabi.lib : sprintf.c.obj (.text:_outc)
                  00004af8    0000000a     lcd.obj (.text:lcd_put_cur)
                  00004b02    00000008     driverlib.lib : i2c.obj (.text:I2CMasterBusy)
                  00004b0a    00000008                   : i2c.obj (.text:I2CMasterSlaveAddrSet)
                  00004b12    00000002     --HOLE-- [fill = 0]
                  00004b14    00000008     rtsv7M4_T_le_v4SPD16_eabi.lib : errno.c.obj (.text:__aeabi_errno_addr)
                  00004b1c    00000008     tasks.obj (.text:prvIdleTask)
                  00004b24    00000006     driverlib.lib : gpio.obj (.text:GPIOIntClear)
                  00004b2a    00000006                   : gpio.obj (.text:GPIOPinRead)
                  00004b30    00000006                   : gpio.obj (.text:GPIOPinWrite)
                  00004b36    00000006     startup_ccs.obj (.text:ResetISR)
                  00004b3c    00000006     driverlib.lib : sysctl.obj (.text:SysCtlDelay)
                  00004b42    00000006                   : timer.obj (.text:TimerClockSourceSet)
                  00004b48    00000006     lcd.obj (.text:lcd_cmd)
                  00004b4e    00000006     list.obj (.text:vListInitialiseItem)
                  00004b54    00000004     driverlib.lib : i2c.obj (.text:I2CMasterControl)
                  00004b58    00000004                   : i2c.obj (.text:I2CMasterDataGet)
                  00004b5c    00000004                   : i2c.obj (.text:I2CMasterDataPut)
                  00004b60    00000004     rtsv7M4_T_le_v4SPD16_eabi.lib : pre_init.c.obj (.text:_system_pre_init)
                  00004b64    00000004                                   : exit.c.obj (.text:abort:abort)

.const     0    00004b68    00000594     
                  00004b68    00000101     rtsv7M4_T_le_v4SPD16_eabi.lib : ctype.c.obj (.const:.string:_ctypes_)
                  00004c69    00000003     --HOLE-- [fill = 0]
                  00004c6c    000000d8     driverlib.lib : gpio.obj (.const:g_ppui32GPIOIntMapSnowflake)
                  00004d44    000000c0                   : gpio.obj (.const:g_ppui32GPIOIntMapBlizzard)
                  00004e04    00000090                   : gpio.obj (.const:g_pui32GPIOBaseAddrs)
                  00004e94    00000070                   : interrupt.obj (.const)
                  00004f04    0000006c                   : sysctl.obj (.const:g_pui32Xtals)
                  00004f70    00000060                   : timer.obj (.const:g_ppui32TimerIntMap)
                  00004fd0    00000040                   : timer.obj (.const:g_ppui32TimerIntMapSnowflake)
                  00005010    00000020     menu_task.obj (.const:$P$T0$1)
                  00005030    00000020     menu_task.obj (.const:$P$T1$2)
                  00005050    00000020     driverlib.lib : can.obj (.const)
                  00005070    00000018     menu_task.obj (.const:$P$T2$3)
                  00005088    00000018     menu_task.obj (.const:$P$T3$4)
                  000050a0    00000018     menu_task.obj (.const:$P$T4$5)
                  000050b8    00000018     menu_task.obj (.const:$P$T5$6)
                  000050d0    00000010     keypad_task.obj (.const:keypad)
                  000050e0    0000000c     menu_task.obj (.const:$P$T6$7)
                  000050ec    0000000c     menu_task.obj (.const:$P$T7$8)
                  000050f8    00000004     port.obj (.const)

.cinit     0    00005100    00000048     
                  00005100    00000014     (.cinit..data.load) [load image, compression = lzss]
                  00005114    0000000c     (__TI_handler_table)
                  00005120    00000008     (.cinit..bss.load) [load image, compression = zero_init]
                  00005128    00000008     (.cinit..vtable.load) [load image, compression = zero_init]
                  00005130    00000018     (__TI_cinit_table)

.init_array 
*          0    00000000    00000000     UNINITIALIZED

.vtable    0    20000000    0000026c     UNINITIALIZED
                  20000000    0000026c     driverlib.lib : interrupt.obj (.vtable)

.bss       0    2000026c    00007724     UNINITIALIZED
                  2000026c    00007530     heap_2.obj (.bss:ucHeap)
                  2000779c    00000140     tasks.obj (.bss:pxReadyTasksLists)
                  200078dc    00000014     tasks.obj (.bss:xDelayedTaskList1)
                  200078f0    00000014     tasks.obj (.bss:xDelayedTaskList2)
                  20007904    00000014     tasks.obj (.bss:xPendingReadyList)
                  20007918    00000014     tasks.obj (.bss:xSuspendedTaskList)
                  2000792c    00000014     tasks.obj (.bss:xTasksWaitingTermination)
                  20007940    00000014     (.common:sCANMessage)
                  20007954    00000008     tasks.obj (.bss)
                  2000795c    00000008     heap_2.obj (.bss:xEnd)
                  20007964    00000008     heap_2.obj (.bss:xStart)
                  2000796c    00000008     (.common:message)
                  20007974    00000004     keypad_task.obj (.bss)
                  20007978    00000004     (.common:LCDMutex)
                  2000797c    00000004     (.common:keypadQueue)
                  20007980    00000004     (.common:keypadSemaphore)
                  20007984    00000004     (.common:motorTemp)
                  20007988    00000004     (.common:msgQueue)
                  2000798c    00000004     (.common:tempMutex)

.data      0    20007b90    0000004a     UNINITIALIZED
                  20007b90    00000030     tasks.obj (.data)
                  20007bc0    00000008     heap_2.obj (.data)
                  20007bc8    00000008     keypad_task.obj (.data)
                  20007bd0    00000004     port.obj (.data)
                  20007bd4    00000004     rtsv7M4_T_le_v4SPD16_eabi.lib : errno.c.obj (.data)
                  20007bd8    00000002     temp_task.obj (.data)

.stack     0    20007990    00000200     UNINITIALIZED
                  20007990    00000004     rtsv7M4_T_le_v4SPD16_eabi.lib : boot_cortex_m.c.obj (.stack)
                  20007994    000001fc     --HOLE--

__llvm_prf_cnts 
*          0    20000000    00000000     UNINITIALIZED

MODULE SUMMARY

       Module                       code    ro data   rw data
       ------                       ----    -------   -------
    .\
       menu_task.obj                2304    184       20     
       startup_ccs.obj              12      620       0      
       keypad_task.obj              528     16        20     
       main.obj                     414     0         0      
       i2c.obj                      284     0         0      
       lcd.obj                      282     0         0      
       pwm.obj                      256     0         0      
       temp_task.obj                152     0         14     
       actuator_task.obj            140     0         12     
    +--+----------------------------+-------+---------+---------+
       Total:                       4372    820       66     
                                                             
    .\third_party\FreeRTOS\Source\
       tasks.obj                    2194    0         476    
       queue.obj                    1172    0         0      
       list.obj                     140     0         0      
    +--+----------------------------+-------+---------+---------+
       Total:                       3506    0         476    
                                                             
    .\third_party\FreeRTOS\Source\portable\CCS\ARM_CM4F\
       port.obj                     236     4         4      
       portasm.obj                  210     0         0      
    +--+----------------------------+-------+---------+---------+
       Total:                       446     4         4      
                                                             
    .\third_party\FreeRTOS\Source\portable\MemMang\
       heap_2.obj                   288     0         30024  
    +--+----------------------------+-------+---------+---------+
       Total:                       288     0         30024  
                                                             
    C:/ti/tivaware_c_series_2_1_4_178/driverlib/ccs/Debug/driverlib.lib
       gpio.obj                     756     552       0      
       interrupt.obj                156     112       620    
       sysctl.obj                   466     108       0      
       can.obj                      422     32        0      
       timer.obj                    268     160       0      
       pwm.obj                      128     0         0      
       i2c.obj                      114     0         0      
    +--+----------------------------+-------+---------+---------+
       Total:                       2310    964       620    
                                                             
    C:\ti\ccs1210\ccs\tools\compiler\ti-cgt-arm_20.2.7.LTS\lib\rtsv7M4_T_le_v4SPD16_eabi.lib
       _printfi.c.obj               4851    0         0      
       fd_add_t2.asm.obj            438     0         0      
       fd_div_t2.asm.obj            310     0         0      
       s_scalbn.c.obj               272     0         0      
       fd_cmp_t2.asm.obj            268     0         0      
       ctype.c.obj                  0       257       0      
       fd_mul_t2.asm.obj            252     0         0      
       memcpy_t2.asm.obj            156     0         0      
       ull_div_t2.asm.obj           150     0         0      
       memset_t2.asm.obj            122     0         0      
       copy_decompress_lzss.c.obj   104     0         0      
       s_frexp.c.obj                100     0         0      
       sprintf.c.obj                98      0         0      
       _ltoa.c.obj                  84      0         0      
       atoi.c.obj                   76      0         0      
       fd_toi_t2.asm.obj            72      0         0      
       autoinit.c.obj               68      0         0      
       fs_tod_t2.asm.obj            56      0         0      
       boot_cortex_m.c.obj          52      0         0      
       i_tofd_t2.asm.obj            46      0         0      
       memccpy.c.obj                28      0         0      
       s_copysign.c.obj             26      0         0      
       strchr.c.obj                 22      0         0      
       strlen.c.obj                 20      0         0      
       wcslen.c.obj                 18      0         0      
       copy_decompress_none.c.obj   14      0         0      
       copy_zero_init.c.obj         12      0         0      
       errno.c.obj                  8       0         4      
       exit.c.obj                   4       0         0      
       pre_init.c.obj               4       0         0      
       div0.asm.obj                 2       0         0      
    +--+----------------------------+-------+---------+---------+
       Total:                       7733    257       4      
                                                             
       Stack:                       0       0         512    
       Linker Generated:            0       72        0      
    +--+----------------------------+-------+---------+---------+
       Grand Total:                 18655   2117      31706  


LINKER GENERATED COPY TABLES

__TI_cinit_table @ 00005130 records: 3, size/record: 8, table size: 24
	.data: load addr=00005100, load size=00000014 bytes, run addr=20007b90, run size=0000004a bytes, compression=lzss
	.bss: load addr=00005120, load size=00000008 bytes, run addr=2000026c, run size=00007724 bytes, compression=zero_init
	.vtable: load addr=00005128, load size=00000008 bytes, run addr=20000000, run size=0000026c bytes, compression=zero_init


LINKER GENERATED HANDLER TABLE

__TI_handler_table @ 00005114 records: 3, size/record: 4, table size: 12
	index: 0, handler: __TI_zero_init
	index: 1, handler: __TI_decompress_lzss
	index: 2, handler: __TI_decompress_none


GLOBAL SYMBOLS: SORTED ALPHABETICALLY BY Name 

address   name                          
-------   ----                          
000041b9  ActuatorTaskInit              
00004b65  C$$EXIT                       
00003215  CANBitRateSet                 
00004ad1  CANEnable                     
0000426d  CANInit                       
00004643  CANIntClear                   
00004495  CANIntHandler                 
00004791  CANIntRegister                
00004687  CANIntStatus                  
000040b9  CANStatusGet                  
0000457d  DebounceHandler               
00004551  GPIODirModeSet                
00004b25  GPIOIntClear                  
00004a93  GPIOIntEnable                 
000047a9  GPIOIntRegister               
00004a69  GPIOIntStatus                 
000038d1  GPIOIntTypeSet                
00001795  GPIOPadConfigSet              
00003e89  GPIOPinConfigure              
00004b2b  GPIOPinRead                   
00004945  GPIOPinTypeCAN                
00004957  GPIOPinTypeGPIOInput          
000047c1  GPIOPinTypeGPIOOutput         
00004969  GPIOPinTypeI2C                
0000497b  GPIOPinTypeI2CSCL             
0000498d  GPIOPinTypePWM                
00004b31  GPIOPinWrite                  
00003771  I2CInit                       
00004b03  I2CMasterBusy                 
00004b55  I2CMasterControl              
00004b59  I2CMasterDataGet              
00004b5d  I2CMasterDataPut              
00004adb  I2CMasterEnable               
00003d0d  I2CMasterInitExpClk           
00004b0b  I2CMasterSlaveAddrSet         
00002f59  I2CRead                       
00003d59  I2CWriteConf                  
00003281  IntEnable                     
000043f9  IntRegister                   
00002fd1  KeypadInterruptHandler        
00003351  KeypadTaskInit                
20007978  LCDMutex                      
20007bd9  MaxTEMP                       
000042e1  MenuTaskInit                  
20007bd8  MinTEMP                       
00004665  PWMGenConfigure               
00004a9f  PWMGenEnable                  
0000499f  PWMGenPeriodGet               
000049f9  PWMGenPeriodSet               
00003a29  PWMInit                       
000049b1  PWMOutputState                
000046e9  PWMPulseWidthSet              
000046a9  ReadTemp                      
00004b37  ResetISR                      
00001c21  SysCtlClockGet                
00004b3d  SysCtlDelay                   
0000442d  SysCtlPeripheralEnable        
00004319  SysCtlPeripheralReady         
00003c1d  SysCtlPeripheralReset         
000041f5  TempTaskInit                  
00004b43  TimerClockSourceSet           
000034e1  TimerConfigure                
000047d9  TimerDisable                  
00004a77  TimerEnable                   
00004ae5  TimerIntDisable               
000047f1  TimerIntRegister              
000049c3  TimerPrescaleSet              
20007b90  __STACK_END                   
00000200  __STACK_SIZE                  
20007b90  __STACK_TOP                   
00005130  __TI_CINIT_Base               
00005148  __TI_CINIT_Limit              
00005114  __TI_Handler_Table_Base       
00005120  __TI_Handler_Table_Limit      
00003fed  __TI_auto_init_nobinit_nopinit
000032e9  __TI_decompress_lzss          
00004a85  __TI_decompress_none          
00003a7d  __TI_ltoa                     
ffffffff  __TI_pprof_out_hndl           
0000026d  __TI_printfi                  
ffffffff  __TI_prof_data_size           
ffffffff  __TI_prof_data_start          
00000000  __TI_static_base__            
00004aab  __TI_zero_init                
00002d4d  __aeabi_cdcmpeq               
00002d4d  __aeabi_cdcmple               
00002dd3  __aeabi_cdrcmple              
00003ed1  __aeabi_d2iz                  
00001107  __aeabi_dadd                  
00001529  __aeabi_ddiv                  
00002151  __aeabi_dmul                  
000010fd  __aeabi_dsub                  
00004b15  __aeabi_errno_addr            
00004389  __aeabi_f2d                   
000044f5  __aeabi_i2d                   
000018c7  __aeabi_idiv0                 
000018c7  __aeabi_ldiv0                 
00002edd  __aeabi_memclr                
00002edd  __aeabi_memclr4               
00002edd  __aeabi_memclr8               
00002afd  __aeabi_memcpy                
00002afd  __aeabi_memcpy4               
00002afd  __aeabi_memcpy8               
00002edf  __aeabi_memset                
00002edf  __aeabi_memset4               
00002edf  __aeabi_memset8               
00002b99  __aeabi_uldivmod              
ffffffff  __binit__                     
ffffffff  __c_args__                    
UNDEFED   __mpu_init                    
20007990  __stack                       
20000000  __start___llvm_prf_cnts       
20000000  __stop___llvm_prf_cnts        
00004461  _c_int00_noargs               
00004b68  _ctypes_                      
UNDEFED   _system_post_cinit            
00004b61  _system_pre_init              
00004b65  abort                         
00003df1  atoi                          
ffffffff  binit                         
000045a5  bitsToIndex                   
0000475d  copysign                      
0000475d  copysignl                     
20007bcc  currentState                  
000037c9  dateIsValid                   
00002419  date_setup                    
00004821  delay_ms                      
20007bd4  errno                         
000033b5  frexp                         
000033b5  frexpl                        
20000000  g_pfnRAMVectors               
00000000  g_pfnVectors                  
00004351  getRow                        
000048f5  getTime                       
00004a09  keyIsNumber                   
00004a19  keyIsValid                    
000050d0  keypad                        
2000797c  keypadQueue                   
20007980  keypadSemaphore               
20007bc8  lastState                     
00004a29  lcd_clear                     
00004b49  lcd_cmd                       
00003715  lcd_init                      
00004af9  lcd_put_cur                   
00004839  lcd_send_cmd                  
00004851  lcd_send_data                 
00004909  lcd_send_string               
00001d31  ldexp                         
00001d31  ldexpl                        
00003821  main                          
00004707  memccpy                       
00002afd  memcpy                        
00002ee5  memset                        
00002831  menu                          
2000796c  message                       
20007984  motorTemp                     
20007988  msgQueue                      
000024f9  pinConfiguration              
00002a51  pvPortMalloc                  
00004869  pvTaskIncrementMutexHeldCount 
20007b90  pxCurrentTCB                  
000045f5  pxPortInitialiseStack         
20007940  sCANMessage                   
00001d31  scalbn                        
00001d31  scalbnl                       
00004031  send_to_lcd                   
00003ad1  setFan                        
000013f1  setMaxTemp                    
00001661  setMinTemp                    
00003f19  setSpeaker                    
00002769  showTemperature               
000019ed  showTime                      
000040f9  sprintf                       
00004a49  stopSeaker                    
000048c9  strchr                        
0000491d  strlen                        
2000798c  tempMutex                     
00003c6d  timeIsValid                   
00001e41  time_setup                    
00003f61  timerConfiguration            
000050f8  ulMaxSyscallInterruptPriority 
000025dd  ulPortGetIPSR                 
000046c9  uxListRemove                  
0000269f  vApplicationStackOverflowHook 
000048df  vListInitialise               
00004b4f  vListInitialiseItem           
000043c1  vListInsert                   
00004881  vListInsertEnd                
00002691  vPortEnableVFP                
00004741  vPortEnterCritical            
00004899  vPortExitCritical             
00004075  vPortFree                     
00002655  vPortSVCHandler               
00004931  vPortSetupTimerInterrupt      
00002675  vPortStartFirstTask           
000036b9  vTaskDelay                    
00004ab9  vTaskMissedYield              
00003419  vTaskPlaceOnEventList         
00002c31  vTaskPriorityInherit          
000048b1  vTaskSetTimeOutState          
000035a1  vTaskStartScheduler           
00004a59  vTaskSuspendAll               
00002cc1  vTaskSwitchContext            
000049e7  wcslen                        
000025f5  xPortPendSVHandler            
00004139  xPortStartScheduler           
00004525  xPortSysTickHandler           
00003cbd  xQueueCreateMutex             
00004231  xQueueGenericCreate           
00001b09  xQueueGenericReceive          
00002e59  xQueueGenericReset            
0000224d  xQueueGenericSend             
000039d3  xQueueGiveFromISR             
00003b25  xTaskCheckForTimeOut          
00002051  xTaskGenericCreate            
00004ac5  xTaskGetTickCount             
00001f4d  xTaskIncrementTick            
00003049  xTaskPriorityDisinherit       
000030c1  xTaskRemoveFromEventList      
00002335  xTaskResumeAll                


GLOBAL SYMBOLS: SORTED BY Symbol Address 

address   name                          
-------   ----                          
00000000  __TI_static_base__            
00000000  g_pfnVectors                  
00000200  __STACK_SIZE                  
0000026d  __TI_printfi                  
000010fd  __aeabi_dsub                  
00001107  __aeabi_dadd                  
000013f1  setMaxTemp                    
00001529  __aeabi_ddiv                  
00001661  setMinTemp                    
00001795  GPIOPadConfigSet              
000018c7  __aeabi_idiv0                 
000018c7  __aeabi_ldiv0                 
000019ed  showTime                      
00001b09  xQueueGenericReceive          
00001c21  SysCtlClockGet                
00001d31  ldexp                         
00001d31  ldexpl                        
00001d31  scalbn                        
00001d31  scalbnl                       
00001e41  time_setup                    
00001f4d  xTaskIncrementTick            
00002051  xTaskGenericCreate            
00002151  __aeabi_dmul                  
0000224d  xQueueGenericSend             
00002335  xTaskResumeAll                
00002419  date_setup                    
000024f9  pinConfiguration              
000025dd  ulPortGetIPSR                 
000025f5  xPortPendSVHandler            
00002655  vPortSVCHandler               
00002675  vPortStartFirstTask           
00002691  vPortEnableVFP                
0000269f  vApplicationStackOverflowHook 
00002769  showTemperature               
00002831  menu                          
00002a51  pvPortMalloc                  
00002afd  __aeabi_memcpy                
00002afd  __aeabi_memcpy4               
00002afd  __aeabi_memcpy8               
00002afd  memcpy                        
00002b99  __aeabi_uldivmod              
00002c31  vTaskPriorityInherit          
00002cc1  vTaskSwitchContext            
00002d4d  __aeabi_cdcmpeq               
00002d4d  __aeabi_cdcmple               
00002dd3  __aeabi_cdrcmple              
00002e59  xQueueGenericReset            
00002edd  __aeabi_memclr                
00002edd  __aeabi_memclr4               
00002edd  __aeabi_memclr8               
00002edf  __aeabi_memset                
00002edf  __aeabi_memset4               
00002edf  __aeabi_memset8               
00002ee5  memset                        
00002f59  I2CRead                       
00002fd1  KeypadInterruptHandler        
00003049  xTaskPriorityDisinherit       
000030c1  xTaskRemoveFromEventList      
00003215  CANBitRateSet                 
00003281  IntEnable                     
000032e9  __TI_decompress_lzss          
00003351  KeypadTaskInit                
000033b5  frexp                         
000033b5  frexpl                        
00003419  vTaskPlaceOnEventList         
000034e1  TimerConfigure                
000035a1  vTaskStartScheduler           
000036b9  vTaskDelay                    
00003715  lcd_init                      
00003771  I2CInit                       
000037c9  dateIsValid                   
00003821  main                          
000038d1  GPIOIntTypeSet                
000039d3  xQueueGiveFromISR             
00003a29  PWMInit                       
00003a7d  __TI_ltoa                     
00003ad1  setFan                        
00003b25  xTaskCheckForTimeOut          
00003c1d  SysCtlPeripheralReset         
00003c6d  timeIsValid                   
00003cbd  xQueueCreateMutex             
00003d0d  I2CMasterInitExpClk           
00003d59  I2CWriteConf                  
00003df1  atoi                          
00003e89  GPIOPinConfigure              
00003ed1  __aeabi_d2iz                  
00003f19  setSpeaker                    
00003f61  timerConfiguration            
00003fed  __TI_auto_init_nobinit_nopinit
00004031  send_to_lcd                   
00004075  vPortFree                     
000040b9  CANStatusGet                  
000040f9  sprintf                       
00004139  xPortStartScheduler           
000041b9  ActuatorTaskInit              
000041f5  TempTaskInit                  
00004231  xQueueGenericCreate           
0000426d  CANInit                       
000042e1  MenuTaskInit                  
00004319  SysCtlPeripheralReady         
00004351  getRow                        
00004389  __aeabi_f2d                   
000043c1  vListInsert                   
000043f9  IntRegister                   
0000442d  SysCtlPeripheralEnable        
00004461  _c_int00_noargs               
00004495  CANIntHandler                 
000044f5  __aeabi_i2d                   
00004525  xPortSysTickHandler           
00004551  GPIODirModeSet                
0000457d  DebounceHandler               
000045a5  bitsToIndex                   
000045f5  pxPortInitialiseStack         
00004643  CANIntClear                   
00004665  PWMGenConfigure               
00004687  CANIntStatus                  
000046a9  ReadTemp                      
000046c9  uxListRemove                  
000046e9  PWMPulseWidthSet              
00004707  memccpy                       
00004741  vPortEnterCritical            
0000475d  copysign                      
0000475d  copysignl                     
00004791  CANIntRegister                
000047a9  GPIOIntRegister               
000047c1  GPIOPinTypeGPIOOutput         
000047d9  TimerDisable                  
000047f1  TimerIntRegister              
00004821  delay_ms                      
00004839  lcd_send_cmd                  
00004851  lcd_send_data                 
00004869  pvTaskIncrementMutexHeldCount 
00004881  vListInsertEnd                
00004899  vPortExitCritical             
000048b1  vTaskSetTimeOutState          
000048c9  strchr                        
000048df  vListInitialise               
000048f5  getTime                       
00004909  lcd_send_string               
0000491d  strlen                        
00004931  vPortSetupTimerInterrupt      
00004945  GPIOPinTypeCAN                
00004957  GPIOPinTypeGPIOInput          
00004969  GPIOPinTypeI2C                
0000497b  GPIOPinTypeI2CSCL             
0000498d  GPIOPinTypePWM                
0000499f  PWMGenPeriodGet               
000049b1  PWMOutputState                
000049c3  TimerPrescaleSet              
000049e7  wcslen                        
000049f9  PWMGenPeriodSet               
00004a09  keyIsNumber                   
00004a19  keyIsValid                    
00004a29  lcd_clear                     
00004a49  stopSeaker                    
00004a59  vTaskSuspendAll               
00004a69  GPIOIntStatus                 
00004a77  TimerEnable                   
00004a85  __TI_decompress_none          
00004a93  GPIOIntEnable                 
00004a9f  PWMGenEnable                  
00004aab  __TI_zero_init                
00004ab9  vTaskMissedYield              
00004ac5  xTaskGetTickCount             
00004ad1  CANEnable                     
00004adb  I2CMasterEnable               
00004ae5  TimerIntDisable               
00004af9  lcd_put_cur                   
00004b03  I2CMasterBusy                 
00004b0b  I2CMasterSlaveAddrSet         
00004b15  __aeabi_errno_addr            
00004b25  GPIOIntClear                  
00004b2b  GPIOPinRead                   
00004b31  GPIOPinWrite                  
00004b37  ResetISR                      
00004b3d  SysCtlDelay                   
00004b43  TimerClockSourceSet           
00004b49  lcd_cmd                       
00004b4f  vListInitialiseItem           
00004b55  I2CMasterControl              
00004b59  I2CMasterDataGet              
00004b5d  I2CMasterDataPut              
00004b61  _system_pre_init              
00004b65  C$$EXIT                       
00004b65  abort                         
00004b68  _ctypes_                      
000050d0  keypad                        
000050f8  ulMaxSyscallInterruptPriority 
00005114  __TI_Handler_Table_Base       
00005120  __TI_Handler_Table_Limit      
00005130  __TI_CINIT_Base               
00005148  __TI_CINIT_Limit              
20000000  __start___llvm_prf_cnts       
20000000  __stop___llvm_prf_cnts        
20000000  g_pfnRAMVectors               
20007940  sCANMessage                   
2000796c  message                       
20007978  LCDMutex                      
2000797c  keypadQueue                   
20007980  keypadSemaphore               
20007984  motorTemp                     
20007988  msgQueue                      
2000798c  tempMutex                     
20007990  __stack                       
20007b90  __STACK_END                   
20007b90  __STACK_TOP                   
20007b90  pxCurrentTCB                  
20007bc8  lastState                     
20007bcc  currentState                  
20007bd4  errno                         
20007bd8  MinTEMP                       
20007bd9  MaxTEMP                       
ffffffff  __TI_pprof_out_hndl           
ffffffff  __TI_prof_data_size           
ffffffff  __TI_prof_data_start          
ffffffff  __binit__                     
ffffffff  __c_args__                    
ffffffff  binit                         
UNDEFED   __mpu_init                    
UNDEFED   _system_post_cinit            

[220 symbols]
