******************************************************************************
                  TI ARM Linker PC v20.2.7                     
******************************************************************************
>> Linked Sat Jan  7 10:30:21 2023

OUTPUT FILE NAME:   <freertos_demo.out>
ENTRY POINT SYMBOL: "_c_int00_noargs"  address: 000039c1


MEMORY CONFIGURATION

         name            origin    length      used     unused   attr    fill
----------------------  --------  ---------  --------  --------  ----  --------
  FLASH                 00000000   00040000  000044e8  0003bb18  R  X
  SRAM                  20000000   00008000  00007ba4  0000045c  RW X


SEGMENT ALLOCATION MAP

run origin  load origin   length   init length attrs members
----------  ----------- ---------- ----------- ----- -------
00000000    00000000    000044e8   000044e8    r-x
  00000000    00000000    0000026c   0000026c    r-- .intvecs
  0000026c    0000026c    00003d08   00003d08    r-x .text
  00003f74    00003f74    0000052c   0000052c    r-- .const
  000044a0    000044a0    00000048   00000048    r-- .cinit
20000000    20000000    00007ba8   00000000    rw-
  20000000    20000000    0000026c   00000000    rw- .vtable
  2000026c    2000026c    000076f8   00000000    rw- .bss
  20007968    20007968    00000200   00000000    rw- .stack
  20007b68    20007b68    00000040   00000000    rw- .data


SECTION ALLOCATION MAP

 output                                  attributes/
section   page    origin      length       input sections
--------  ----  ----------  ----------   ----------------
.intvecs   0    00000000    0000026c     
                  00000000    0000026c     startup_ccs.obj (.intvecs)

.text      0    0000026c    00003d08     
                  0000026c    00000a4e     rtsv7M4_T_le_v4SPD16_eabi.lib : _printfi.c.obj (.text:__TI_printfi)
                  00000cba    00000002     startup_ccs.obj (.text:FaultISR)
                  00000cbc    00000270     rtsv7M4_T_le_v4SPD16_eabi.lib : _printfi.c.obj (.text:_pconv_a)
                  00000f2c    000001d0                                   : _printfi.c.obj (.text:_pconv_g)
                  000010fc    000001b6                                   : fd_add_t2.asm.obj (.text)
                  000012b2    00000002     startup_ccs.obj (.text:IntDefaultHandler)
                  000012b4    0000013c     rtsv7M4_T_le_v4SPD16_eabi.lib : _printfi.c.obj (.text:_pconv_e)
                  000013f0    00000136                                   : fd_div_t2.asm.obj (.text)
                  00001526    00000132     driverlib.lib : gpio.obj (.text:GPIOPadConfigSet)
                  00001658    00000124     rtsv7M4_T_le_v4SPD16_eabi.lib : _printfi.c.obj (.text:fcvt)
                  0000177c    00000118     queue.obj (.text:xQueueGenericReceive)
                  00001894    00000110     driverlib.lib : sysctl.obj (.text:SysCtlClockGet)
                  000019a4    00000110     rtsv7M4_T_le_v4SPD16_eabi.lib : s_scalbn.c.obj (.text:scalbn)
                  00001ab4    00000104     tasks.obj (.text:xTaskIncrementTick)
                  00001bb8    00000100     tasks.obj (.text:xTaskGenericCreate)
                  00001cb8    000000fc     rtsv7M4_T_le_v4SPD16_eabi.lib : fd_mul_t2.asm.obj (.text)
                  00001db4    000000e8     queue.obj (.text:xQueueGenericSend)
                  00001e9c    000000e4     tasks.obj (.text:xTaskResumeAll)
                  00001f80    000000d2     portasm.obj (.text)
                  00002052    00000002     startup_ccs.obj (.text:NmiSR)
                  00002054    000000bc     menu_task.obj (.text:date_setup)
                  00002110    000000b8     menu_task.obj (.text:time_setup)
                  000021c8    000000b1     rtsv7M4_T_le_v4SPD16_eabi.lib : _printfi.c.obj (.text:_ltostr)
                  00002279    00000001     --HOLE-- [fill = 0]
                  0000227a    00000002                                   : div0.asm.obj (.text)
                  0000227c    000000ac     heap_2.obj (.text:pvPortMalloc)
                  00002328    0000009c     main.obj (.text:pinConfiguration)
                  000023c4    0000009c     rtsv7M4_T_le_v4SPD16_eabi.lib : memcpy_t2.asm.obj (.text)
                  00002460    00000096                                   : ull_div_t2.asm.obj (.text)
                  000024f6    00000002     main.obj (.text:vApplicationStackOverflowHook)
                  000024f8    00000090     keypad_task.obj (.text:KeypadHandlerTask)
                  00002588    00000090     tasks.obj (.text:vTaskPriorityInherit)
                  00002618    0000008c     tasks.obj (.text:vTaskSwitchContext)
                  000026a4    00000086     rtsv7M4_T_le_v4SPD16_eabi.lib : fd_cmp_t2.asm.obj (.text:__aeabi_cdcmple)
                  0000272a    00000086                                   : fd_cmp_t2.asm.obj (.text:__aeabi_cdrcmple)
                  000027b0    00000084     queue.obj (.text:xQueueGenericReset)
                  00002834    0000007a     rtsv7M4_T_le_v4SPD16_eabi.lib : memset_t2.asm.obj (.text)
                  000028ae    00000002     --HOLE-- [fill = 0]
                  000028b0    00000078     i2c.obj (.text:I2CRead)
                  00002928    00000078     tasks.obj (.text:xTaskPriorityDisinherit)
                  000029a0    00000074     tasks.obj (.text:xTaskRemoveFromEventList)
                  00002a14    00000072     queue.obj (.text:prvCopyDataToQueue)
                  00002a86    00000002     --HOLE-- [fill = 0]
                  00002a88    00000070     keypad_task.obj (.text:KeypadInterruptHandler)
                  00002af8    0000006e     rtsv7M4_T_le_v4SPD16_eabi.lib : _printfi.c.obj (.text:_mcpy)
                  00002b66    00000002     --HOLE-- [fill = 0]
                  00002b68    00000068     driverlib.lib : interrupt.obj (.text:IntEnable)
                  00002bd0    00000068     rtsv7M4_T_le_v4SPD16_eabi.lib : copy_decompress_lzss.c.obj (.text:decompress:lzss:__TI_decompress_lzss)
                  00002c38    00000066     menu_task.obj (.text:MenuTask)
                  00002c9e    00000002     --HOLE-- [fill = 0]
                  00002ca0    00000064     keypad_task.obj (.text:KeypadTaskInit)
                  00002d04    00000064     rtsv7M4_T_le_v4SPD16_eabi.lib : s_frexp.c.obj (.text:frexp)
                  00002d68    00000064     tasks.obj (.text:vTaskPlaceOnEventList)
                  00002dcc    00000062     queue.obj (.text:prvUnlockQueue)
                  00002e2e    00000002     --HOLE-- [fill = 0]
                  00002e30    00000060     driverlib.lib : timer.obj (.text:TimerConfigure)
                  00002e90    00000060     tasks.obj (.text:prvInitialiseTaskLists)
                  00002ef0    00000060     tasks.obj (.text:vTaskStartScheduler)
                  00002f50    0000005c     tasks.obj (.text:vTaskDelay)
                  00002fac    0000005a     lcd.obj (.text:lcd_init)
                  00003006    00000002     --HOLE-- [fill = 0]
                  00003008    00000058     i2c.obj (.text:I2CInit)
                  00003060    00000058     tasks.obj (.text:prvCheckTasksWaitingTermination)
                  000030b8    00000056     driverlib.lib : gpio.obj (.text:GPIOIntTypeSet)
                  0000310e    00000056     rtsv7M4_T_le_v4SPD16_eabi.lib : _printfi.c.obj (.text:_pconv_f)
                  00003164    00000056     tasks.obj (.text:prvInitialiseTCBVariables)
                  000031ba    00000056     queue.obj (.text:xQueueGiveFromISR)
                  00003210    00000054     rtsv7M4_T_le_v4SPD16_eabi.lib : _ltoa.c.obj (.text:__TI_ltoa)
                  00003264    00000054     tasks.obj (.text:xTaskCheckForTimeOut)
                  000032b8    00000052     rtsv7M4_T_le_v4SPD16_eabi.lib : _printfi.c.obj (.text:_ecpy)
                  0000330a    00000002     --HOLE-- [fill = 0]
                  0000330c    00000050     driverlib.lib : sysctl.obj (.text:SysCtlPeripheralReset)
                  0000335c    0000004c                   : i2c.obj (.text:I2CMasterInitExpClk)
                  000033a8    0000004c     i2c.obj (.text:I2CWriteConf)
                  000033f4    0000004c     driverlib.lib : timer.obj (.text:_TimerIntNumberGet)
                  00003440    0000004c     rtsv7M4_T_le_v4SPD16_eabi.lib : atoi.c.obj (.text:atoi)
                  0000348c    0000004c     tasks.obj (.text:prvAddCurrentTaskToDelayedList)
                  000034d8    0000004c     lcd.obj (.text:send_to_lcd)
                  00003524    00000048     driverlib.lib : gpio.obj (.text:GPIOPinConfigure)
                  0000356c    00000048     rtsv7M4_T_le_v4SPD16_eabi.lib : fd_toi_t2.asm.obj (.text)
                  000035b4    00000048     main.obj (.text:timerConfiguration)
                  000035fc    00000044     driverlib.lib : gpio.obj (.text:_GPIOIntNumberGet)
                  00003640    00000044     rtsv7M4_T_le_v4SPD16_eabi.lib : autoinit.c.obj (.text:__TI_auto_init_nobinit_nopinit:__TI_auto_init_nobinit_nopinit)
                  00003684    00000044     main.obj (.text:main)
                  000036c8    00000044     heap_2.obj (.text:vPortFree)
                  0000370c    00000040     rtsv7M4_T_le_v4SPD16_eabi.lib : sprintf.c.obj (.text:sprintf)
                  0000374c    00000040     port.obj (.text:xPortStartScheduler)
                  0000378c    0000003e     rtsv7M4_T_le_v4SPD16_eabi.lib : _printfi.c.obj (.text:_fcpy)
                  000037ca    0000003c     queue.obj (.text:xQueueGenericCreate)
                  00003806    0000003a     tasks.obj (.text:prvAllocateTCBAndStack)
                  00003840    00000038     menu_task.obj (.text:MenuTaskInit)
                  00003878    00000038     driverlib.lib : sysctl.obj (.text:SysCtlPeripheralReady)
                  000038b0    00000038     keypad_task.obj (.text:getRow)
                  000038e8    00000038     rtsv7M4_T_le_v4SPD16_eabi.lib : fs_tod_t2.asm.obj (.text)
                  00003920    00000038     list.obj (.text:vListInsert)
                  00003958    00000034     driverlib.lib : interrupt.obj (.text:IntRegister)
                  0000398c    00000034                   : sysctl.obj (.text:SysCtlPeripheralEnable)
                  000039c0    00000034     rtsv7M4_T_le_v4SPD16_eabi.lib : boot_cortex_m.c.obj (.text:_c_int00_noargs:_c_int00_noargs)
                  000039f4    00000030     heap_2.obj (.text:prvHeapInit)
                  00003a24    0000002e     rtsv7M4_T_le_v4SPD16_eabi.lib : i_tofd_t2.asm.obj (.text)
                  00003a52    00000002     --HOLE-- [fill = 0]
                  00003a54    0000002c     port.obj (.text:xPortSysTickHandler)
                  00003a80    0000002a     driverlib.lib : gpio.obj (.text:GPIODirModeSet)
                  00003aaa    00000002     --HOLE-- [fill = 0]
                  00003aac    00000028     main.obj (.text:DebounceHandler)
                  00003ad4    00000028     keypad_task.obj (.text:bitsToIndex)
                  00003afc    00000028     tasks.obj (.text:prvResetNextTaskUnblockTime)
                  00003b24    00000028     port.obj (.text:pxPortInitialiseStack)
                  00003b4c    00000026     queue.obj (.text:prvCopyDataFromQueue)
                  00003b72    00000002     --HOLE-- [fill = 0]
                  00003b74    00000020     menu_task.obj (.text:ReadTemp)
                  00003b94    00000020     list.obj (.text:uxListRemove)
                  00003bb4    0000001c     rtsv7M4_T_le_v4SPD16_eabi.lib : memccpy.c.obj (.text:memccpy)
                  00003bd0    0000001c     queue.obj (.text:prvIsQueueFull)
                  00003bec    0000001c     port.obj (.text:vPortEnterCritical)
                  00003c08    0000001a     rtsv7M4_T_le_v4SPD16_eabi.lib : s_copysign.c.obj (.text:copysign)
                  00003c22    0000001a     queue.obj (.text:prvIsQueueEmpty)
                  00003c3c    00000018     driverlib.lib : gpio.obj (.text:GPIOIntRegister)
                  00003c54    00000018                   : gpio.obj (.text:GPIOPinTypeGPIOOutput)
                  00003c6c    00000018                   : timer.obj (.text:TimerDisable)
                  00003c84    00000018                   : timer.obj (.text:TimerIntRegister)
                  00003c9c    00000018     rtsv7M4_T_le_v4SPD16_eabi.lib : sprintf.c.obj (.text:_outs)
                  00003cb4    00000018     lcd.obj (.text:delay_ms)
                  00003ccc    00000018     lcd.obj (.text:lcd_send_cmd)
                  00003ce4    00000018     lcd.obj (.text:lcd_send_data)
                  00003cfc    00000018     tasks.obj (.text:pvTaskIncrementMutexHeldCount)
                  00003d14    00000018     list.obj (.text:vListInsertEnd)
                  00003d2c    00000018     port.obj (.text:vPortExitCritical)
                  00003d44    00000018     tasks.obj (.text:vTaskSetTimeOutState)
                  00003d5c    00000016     rtsv7M4_T_le_v4SPD16_eabi.lib : strchr.c.obj (.text:strchr)
                  00003d72    00000016     list.obj (.text:vListInitialise)
                  00003d88    00000014     lcd.obj (.text:lcd_send_string)
                  00003d9c    00000014     rtsv7M4_T_le_v4SPD16_eabi.lib : strlen.c.obj (.text:strlen)
                  00003db0    00000014     port.obj (.text:vPortSetupTimerInterrupt)
                  00003dc4    00000012     driverlib.lib : gpio.obj (.text:GPIOPinTypeGPIOInput)
                  00003dd6    00000012                   : gpio.obj (.text:GPIOPinTypeI2C)
                  00003de8    00000012                   : gpio.obj (.text:GPIOPinTypeI2CSCL)
                  00003dfa    00000012                   : timer.obj (.text:TimerLoadSet)
                  00003e0c    00000012                   : timer.obj (.text:TimerPrescaleSet)
                  00003e1e    00000012     tasks.obj (.text:prvDeleteTCB)
                  00003e30    00000012     rtsv7M4_T_le_v4SPD16_eabi.lib : wcslen.c.obj (.text:wcslen)
                  00003e42    00000010     keypad_task.obj (.text:keyIsValid)
                  00003e52    00000010     lcd.obj (.text:lcd_clear)
                  00003e62    00000010     port.obj (.text:prvTaskExitError)
                  00003e72    00000002     --HOLE-- [fill = 0]
                  00003e74    00000010     tasks.obj (.text:vTaskSuspendAll)
                  00003e84    0000000e     driverlib.lib : gpio.obj (.text:GPIOIntDisable)
                  00003e92    0000000e                   : gpio.obj (.text:GPIOIntStatus)
                  00003ea0    0000000e                   : timer.obj (.text:TimerEnable)
                  00003eae    0000000e     rtsv7M4_T_le_v4SPD16_eabi.lib : copy_decompress_none.c.obj (.text:decompress:none:__TI_decompress_none)
                  00003ebc    0000000c     driverlib.lib : gpio.obj (.text:GPIOIntEnable)
                  00003ec8    0000000c     rtsv7M4_T_le_v4SPD16_eabi.lib : copy_zero_init.c.obj (.text:decompress:ZI:__TI_zero_init)
                  00003ed4    0000000c     tasks.obj (.text:vTaskMissedYield)
                  00003ee0    0000000a     driverlib.lib : i2c.obj (.text:I2CMasterEnable)
                  00003eea    0000000a                   : timer.obj (.text:TimerIntDisable)
                  00003ef4    0000000a     rtsv7M4_T_le_v4SPD16_eabi.lib : sprintf.c.obj (.text:_outc)
                  00003efe    0000000a     lcd.obj (.text:lcd_put_cur)
                  00003f08    00000008     driverlib.lib : i2c.obj (.text:I2CMasterBusy)
                  00003f10    00000008                   : i2c.obj (.text:I2CMasterSlaveAddrSet)
                  00003f18    00000008                   : timer.obj (.text:TimerIntEnable)
                  00003f20    00000008     rtsv7M4_T_le_v4SPD16_eabi.lib : errno.c.obj (.text:__aeabi_errno_addr)
                  00003f28    00000008     tasks.obj (.text:prvIdleTask)
                  00003f30    00000006     driverlib.lib : gpio.obj (.text:GPIOIntClear)
                  00003f36    00000006                   : gpio.obj (.text:GPIOPinRead)
                  00003f3c    00000006                   : gpio.obj (.text:GPIOPinWrite)
                  00003f42    00000006     startup_ccs.obj (.text:ResetISR)
                  00003f48    00000006     driverlib.lib : sysctl.obj (.text:SysCtlDelay)
                  00003f4e    00000006                   : timer.obj (.text:TimerClockSourceSet)
                  00003f54    00000006     lcd.obj (.text:lcd_cmd)
                  00003f5a    00000006     list.obj (.text:vListInitialiseItem)
                  00003f60    00000004     driverlib.lib : i2c.obj (.text:I2CMasterControl)
                  00003f64    00000004                   : i2c.obj (.text:I2CMasterDataGet)
                  00003f68    00000004                   : i2c.obj (.text:I2CMasterDataPut)
                  00003f6c    00000004     rtsv7M4_T_le_v4SPD16_eabi.lib : pre_init.c.obj (.text:_system_pre_init)
                  00003f70    00000004                                   : exit.c.obj (.text:abort:abort)

.const     0    00003f74    0000052c     
                  00003f74    00000101     rtsv7M4_T_le_v4SPD16_eabi.lib : ctype.c.obj (.const:.string:_ctypes_)
                  00004075    00000003     --HOLE-- [fill = 0]
                  00004078    000000d8     driverlib.lib : gpio.obj (.const:g_ppui32GPIOIntMapSnowflake)
                  00004150    000000c0                   : gpio.obj (.const:g_ppui32GPIOIntMapBlizzard)
                  00004210    00000090                   : gpio.obj (.const:g_pui32GPIOBaseAddrs)
                  000042a0    00000070                   : interrupt.obj (.const)
                  00004310    0000006c                   : sysctl.obj (.const:g_pui32Xtals)
                  0000437c    00000060                   : timer.obj (.const:g_ppui32TimerIntMap)
                  000043dc    00000040                   : timer.obj (.const:g_ppui32TimerIntMapSnowflake)
                  0000441c    00000020     menu_task.obj (.const:$P$T0$1)
                  0000443c    00000020     menu_task.obj (.const:$P$T1$2)
                  0000445c    00000018     menu_task.obj (.const:$P$T2$3)
                  00004474    00000018     menu_task.obj (.const:$P$T3$4)
                  0000448c    00000010     keypad_task.obj (.const:keypad)
                  0000449c    00000004     port.obj (.const)

.cinit     0    000044a0    00000048     
                  000044a0    00000012     (.cinit..data.load) [load image, compression = lzss]
                  000044b2    00000002     --HOLE-- [fill = 0]
                  000044b4    0000000c     (__TI_handler_table)
                  000044c0    00000008     (.cinit..bss.load) [load image, compression = zero_init]
                  000044c8    00000008     (.cinit..vtable.load) [load image, compression = zero_init]
                  000044d0    00000018     (__TI_cinit_table)

.init_array 
*          0    00000000    00000000     UNINITIALIZED

.vtable    0    20000000    0000026c     UNINITIALIZED
                  20000000    0000026c     driverlib.lib : interrupt.obj (.vtable)

.bss       0    2000026c    000076f8     UNINITIALIZED
                  2000026c    00007530     heap_2.obj (.bss:ucHeap)
                  2000779c    00000140     tasks.obj (.bss:pxReadyTasksLists)
                  200078dc    00000014     tasks.obj (.bss:xDelayedTaskList1)
                  200078f0    00000014     tasks.obj (.bss:xDelayedTaskList2)
                  20007904    00000014     tasks.obj (.bss:xPendingReadyList)
                  20007918    00000014     tasks.obj (.bss:xSuspendedTaskList)
                  2000792c    00000014     tasks.obj (.bss:xTasksWaitingTermination)
                  20007940    00000008     tasks.obj (.bss)
                  20007948    00000008     heap_2.obj (.bss:xEnd)
                  20007950    00000008     heap_2.obj (.bss:xStart)
                  20007958    00000004     keypad_task.obj (.bss)
                  2000795c    00000004     (.common:keypadQueue)
                  20007960    00000004     (.common:keypadSemaphore)

.data      0    20007b68    00000040     UNINITIALIZED
                  20007b68    00000030     tasks.obj (.data)
                  20007b98    00000008     heap_2.obj (.data)
                  20007ba0    00000004     port.obj (.data)
                  20007ba4    00000004     rtsv7M4_T_le_v4SPD16_eabi.lib : errno.c.obj (.data)

.stack     0    20007968    00000200     UNINITIALIZED
                  20007968    00000004     rtsv7M4_T_le_v4SPD16_eabi.lib : boot_cortex_m.c.obj (.stack)
                  2000796c    000001fc     --HOLE--

__llvm_prf_cnts 
*          0    20000000    00000000     UNINITIALIZED

MODULE SUMMARY

       Module                       code    ro data   rw data
       ------                       ----    -------   -------
    .\
       menu_task.obj                562     112       0      
       startup_ccs.obj              12      620       0      
       keypad_task.obj              468     16        12     
       main.obj                     338     0         0      
       lcd.obj                      290     0         0      
       i2c.obj                      284     0         0      
    +--+----------------------------+-------+---------+---------+
       Total:                       1954    748       12     
                                                             
    .\third_party\FreeRTOS\Source\
       tasks.obj                    2182    0         476    
       queue.obj                    1094    0         0      
       list.obj                     140     0         0      
    +--+----------------------------+-------+---------+---------+
       Total:                       3416    0         476    
                                                             
    .\third_party\FreeRTOS\Source\portable\CCS\ARM_CM4F\
       port.obj                     236     4         4      
       portasm.obj                  210     0         0      
    +--+----------------------------+-------+---------+---------+
       Total:                       446     4         4      
                                                             
    .\third_party\FreeRTOS\Source\portable\MemMang\
       heap_2.obj                   288     0         30024  
    +--+----------------------------+-------+---------+---------+
       Total:                       288     0         30024  
                                                             
    C:/ti/tivaware_c_series_2_1_4_178/driverlib/ccs/Debug/driverlib.lib
       gpio.obj                     734     552       0      
       interrupt.obj                156     112       620    
       sysctl.obj                   466     108       0      
       timer.obj                    294     160       0      
       i2c.obj                      114     0         0      
    +--+----------------------------+-------+---------+---------+
       Total:                       1764    932       620    
                                                             
    C:\ti\ccs1210\ccs\tools\compiler\ti-cgt-arm_20.2.7.LTS\lib\rtsv7M4_T_le_v4SPD16_eabi.lib
       _printfi.c.obj               4851    0         0      
       fd_add_t2.asm.obj            438     0         0      
       fd_div_t2.asm.obj            310     0         0      
       s_scalbn.c.obj               272     0         0      
       fd_cmp_t2.asm.obj            268     0         0      
       ctype.c.obj                  0       257       0      
       fd_mul_t2.asm.obj            252     0         0      
       memcpy_t2.asm.obj            156     0         0      
       ull_div_t2.asm.obj           150     0         0      
       memset_t2.asm.obj            122     0         0      
       copy_decompress_lzss.c.obj   104     0         0      
       s_frexp.c.obj                100     0         0      
       sprintf.c.obj                98      0         0      
       _ltoa.c.obj                  84      0         0      
       atoi.c.obj                   76      0         0      
       fd_toi_t2.asm.obj            72      0         0      
       autoinit.c.obj               68      0         0      
       fs_tod_t2.asm.obj            56      0         0      
       boot_cortex_m.c.obj          52      0         0      
       i_tofd_t2.asm.obj            46      0         0      
       memccpy.c.obj                28      0         0      
       s_copysign.c.obj             26      0         0      
       strchr.c.obj                 22      0         0      
       strlen.c.obj                 20      0         0      
       wcslen.c.obj                 18      0         0      
       copy_decompress_none.c.obj   14      0         0      
       copy_zero_init.c.obj         12      0         0      
       errno.c.obj                  8       0         4      
       exit.c.obj                   4       0         0      
       pre_init.c.obj               4       0         0      
       div0.asm.obj                 2       0         0      
    +--+----------------------------+-------+---------+---------+
       Total:                       7733    257       4      
                                                             
       Stack:                       0       0         512    
       Linker Generated:            0       70        0      
    +--+----------------------------+-------+---------+---------+
       Grand Total:                 15601   2011      31652  


LINKER GENERATED COPY TABLES

__TI_cinit_table @ 000044d0 records: 3, size/record: 8, table size: 24
	.data: load addr=000044a0, load size=00000012 bytes, run addr=20007b68, run size=00000040 bytes, compression=lzss
	.bss: load addr=000044c0, load size=00000008 bytes, run addr=2000026c, run size=000076f8 bytes, compression=zero_init
	.vtable: load addr=000044c8, load size=00000008 bytes, run addr=20000000, run size=0000026c bytes, compression=zero_init


LINKER GENERATED HANDLER TABLE

__TI_handler_table @ 000044b4 records: 3, size/record: 4, table size: 12
	index: 0, handler: __TI_zero_init
	index: 1, handler: __TI_decompress_lzss
	index: 2, handler: __TI_decompress_none


GLOBAL SYMBOLS: SORTED ALPHABETICALLY BY Name 

address   name                          
-------   ----                          
00003f71  C$$EXIT                       
00003aad  DebounceHandler               
00003a81  GPIODirModeSet                
00003f31  GPIOIntClear                  
00003e85  GPIOIntDisable                
00003ebd  GPIOIntEnable                 
00003c3d  GPIOIntRegister               
00003e93  GPIOIntStatus                 
000030b9  GPIOIntTypeSet                
00001527  GPIOPadConfigSet              
00003525  GPIOPinConfigure              
00003f37  GPIOPinRead                   
00003dc5  GPIOPinTypeGPIOInput          
00003c55  GPIOPinTypeGPIOOutput         
00003dd7  GPIOPinTypeI2C                
00003de9  GPIOPinTypeI2CSCL             
00003f3d  GPIOPinWrite                  
00003009  I2CInit                       
00003f09  I2CMasterBusy                 
00003f61  I2CMasterControl              
00003f65  I2CMasterDataGet              
00003f69  I2CMasterDataPut              
00003ee1  I2CMasterEnable               
0000335d  I2CMasterInitExpClk           
00003f11  I2CMasterSlaveAddrSet         
000028b1  I2CRead                       
000033a9  I2CWriteConf                  
00002b69  IntEnable                     
00003959  IntRegister                   
00002a89  KeypadInterruptHandler        
00002ca1  KeypadTaskInit                
00003841  MenuTaskInit                  
00003b75  ReadTemp                      
00003f43  ResetISR                      
00001895  SysCtlClockGet                
00003f49  SysCtlDelay                   
0000398d  SysCtlPeripheralEnable        
00003879  SysCtlPeripheralReady         
0000330d  SysCtlPeripheralReset         
00003f4f  TimerClockSourceSet           
00002e31  TimerConfigure                
00003c6d  TimerDisable                  
00003ea1  TimerEnable                   
00003eeb  TimerIntDisable               
00003f19  TimerIntEnable                
00003c85  TimerIntRegister              
00003dfb  TimerLoadSet                  
00003e0d  TimerPrescaleSet              
20007b68  __STACK_END                   
00000200  __STACK_SIZE                  
20007b68  __STACK_TOP                   
000044d0  __TI_CINIT_Base               
000044e8  __TI_CINIT_Limit              
000044b4  __TI_Handler_Table_Base       
000044c0  __TI_Handler_Table_Limit      
00003641  __TI_auto_init_nobinit_nopinit
00002bd1  __TI_decompress_lzss          
00003eaf  __TI_decompress_none          
00003211  __TI_ltoa                     
ffffffff  __TI_pprof_out_hndl           
0000026d  __TI_printfi                  
ffffffff  __TI_prof_data_size           
ffffffff  __TI_prof_data_start          
00000000  __TI_static_base__            
00003ec9  __TI_zero_init                
000026a5  __aeabi_cdcmpeq               
000026a5  __aeabi_cdcmple               
0000272b  __aeabi_cdrcmple              
0000356d  __aeabi_d2iz                  
00001107  __aeabi_dadd                  
000013f1  __aeabi_ddiv                  
00001cb9  __aeabi_dmul                  
000010fd  __aeabi_dsub                  
00003f21  __aeabi_errno_addr            
000038e9  __aeabi_f2d                   
00003a25  __aeabi_i2d                   
0000227b  __aeabi_idiv0                 
0000227b  __aeabi_ldiv0                 
00002835  __aeabi_memclr                
00002835  __aeabi_memclr4               
00002835  __aeabi_memclr8               
000023c5  __aeabi_memcpy                
000023c5  __aeabi_memcpy4               
000023c5  __aeabi_memcpy8               
00002837  __aeabi_memset                
00002837  __aeabi_memset4               
00002837  __aeabi_memset8               
00002461  __aeabi_uldivmod              
ffffffff  __binit__                     
ffffffff  __c_args__                    
UNDEFED   __mpu_init                    
20007968  __stack                       
20000000  __start___llvm_prf_cnts       
20000000  __stop___llvm_prf_cnts        
000039c1  _c_int00_noargs               
00003f74  _ctypes_                      
UNDEFED   _system_post_cinit            
00003f6d  _system_pre_init              
00003f71  abort                         
00003441  atoi                          
ffffffff  binit                         
00003ad5  bitsToIndex                   
00003c09  copysign                      
00003c09  copysignl                     
00002055  date_setup                    
00003cb5  delay_ms                      
20007ba4  errno                         
00002d05  frexp                         
00002d05  frexpl                        
20000000  g_pfnRAMVectors               
00000000  g_pfnVectors                  
000038b1  getRow                        
00003e43  keyIsValid                    
0000448c  keypad                        
2000795c  keypadQueue                   
20007960  keypadSemaphore               
00003e53  lcd_clear                     
00003f55  lcd_cmd                       
00002fad  lcd_init                      
00003eff  lcd_put_cur                   
00003ccd  lcd_send_cmd                  
00003ce5  lcd_send_data                 
00003d89  lcd_send_string               
000019a5  ldexp                         
000019a5  ldexpl                        
00003685  main                          
00003bb5  memccpy                       
000023c5  memcpy                        
0000283d  memset                        
00002329  pinConfiguration              
0000227d  pvPortMalloc                  
00003cfd  pvTaskIncrementMutexHeldCount 
20007b68  pxCurrentTCB                  
00003b25  pxPortInitialiseStack         
000019a5  scalbn                        
000019a5  scalbnl                       
000034d9  send_to_lcd                   
0000370d  sprintf                       
00003d5d  strchr                        
00003d9d  strlen                        
00002111  time_setup                    
000035b5  timerConfiguration            
0000449c  ulMaxSyscallInterruptPriority 
00001f91  ulPortGetIPSR                 
00003b95  uxListRemove                  
000024f7  vApplicationStackOverflowHook 
00003d73  vListInitialise               
00003f5b  vListInitialiseItem           
00003921  vListInsert                   
00003d15  vListInsertEnd                
00002045  vPortEnableVFP                
00003bed  vPortEnterCritical            
00003d2d  vPortExitCritical             
000036c9  vPortFree                     
00002009  vPortSVCHandler               
00003db1  vPortSetupTimerInterrupt      
00002029  vPortStartFirstTask           
00002f51  vTaskDelay                    
00003ed5  vTaskMissedYield              
00002d69  vTaskPlaceOnEventList         
00002589  vTaskPriorityInherit          
00003d45  vTaskSetTimeOutState          
00002ef1  vTaskStartScheduler           
00003e75  vTaskSuspendAll               
00002619  vTaskSwitchContext            
00003e31  wcslen                        
00001fa9  xPortPendSVHandler            
0000374d  xPortStartScheduler           
00003a55  xPortSysTickHandler           
000037cb  xQueueGenericCreate           
0000177d  xQueueGenericReceive          
000027b1  xQueueGenericReset            
00001db5  xQueueGenericSend             
000031bb  xQueueGiveFromISR             
00003265  xTaskCheckForTimeOut          
00001bb9  xTaskGenericCreate            
00001ab5  xTaskIncrementTick            
00002929  xTaskPriorityDisinherit       
000029a1  xTaskRemoveFromEventList      
00001e9d  xTaskResumeAll                


GLOBAL SYMBOLS: SORTED BY Symbol Address 

address   name                          
-------   ----                          
00000000  __TI_static_base__            
00000000  g_pfnVectors                  
00000200  __STACK_SIZE                  
0000026d  __TI_printfi                  
000010fd  __aeabi_dsub                  
00001107  __aeabi_dadd                  
000013f1  __aeabi_ddiv                  
00001527  GPIOPadConfigSet              
0000177d  xQueueGenericReceive          
00001895  SysCtlClockGet                
000019a5  ldexp                         
000019a5  ldexpl                        
000019a5  scalbn                        
000019a5  scalbnl                       
00001ab5  xTaskIncrementTick            
00001bb9  xTaskGenericCreate            
00001cb9  __aeabi_dmul                  
00001db5  xQueueGenericSend             
00001e9d  xTaskResumeAll                
00001f91  ulPortGetIPSR                 
00001fa9  xPortPendSVHandler            
00002009  vPortSVCHandler               
00002029  vPortStartFirstTask           
00002045  vPortEnableVFP                
00002055  date_setup                    
00002111  time_setup                    
0000227b  __aeabi_idiv0                 
0000227b  __aeabi_ldiv0                 
0000227d  pvPortMalloc                  
00002329  pinConfiguration              
000023c5  __aeabi_memcpy                
000023c5  __aeabi_memcpy4               
000023c5  __aeabi_memcpy8               
000023c5  memcpy                        
00002461  __aeabi_uldivmod              
000024f7  vApplicationStackOverflowHook 
00002589  vTaskPriorityInherit          
00002619  vTaskSwitchContext            
000026a5  __aeabi_cdcmpeq               
000026a5  __aeabi_cdcmple               
0000272b  __aeabi_cdrcmple              
000027b1  xQueueGenericReset            
00002835  __aeabi_memclr                
00002835  __aeabi_memclr4               
00002835  __aeabi_memclr8               
00002837  __aeabi_memset                
00002837  __aeabi_memset4               
00002837  __aeabi_memset8               
0000283d  memset                        
000028b1  I2CRead                       
00002929  xTaskPriorityDisinherit       
000029a1  xTaskRemoveFromEventList      
00002a89  KeypadInterruptHandler        
00002b69  IntEnable                     
00002bd1  __TI_decompress_lzss          
00002ca1  KeypadTaskInit                
00002d05  frexp                         
00002d05  frexpl                        
00002d69  vTaskPlaceOnEventList         
00002e31  TimerConfigure                
00002ef1  vTaskStartScheduler           
00002f51  vTaskDelay                    
00002fad  lcd_init                      
00003009  I2CInit                       
000030b9  GPIOIntTypeSet                
000031bb  xQueueGiveFromISR             
00003211  __TI_ltoa                     
00003265  xTaskCheckForTimeOut          
0000330d  SysCtlPeripheralReset         
0000335d  I2CMasterInitExpClk           
000033a9  I2CWriteConf                  
00003441  atoi                          
000034d9  send_to_lcd                   
00003525  GPIOPinConfigure              
0000356d  __aeabi_d2iz                  
000035b5  timerConfiguration            
00003641  __TI_auto_init_nobinit_nopinit
00003685  main                          
000036c9  vPortFree                     
0000370d  sprintf                       
0000374d  xPortStartScheduler           
000037cb  xQueueGenericCreate           
00003841  MenuTaskInit                  
00003879  SysCtlPeripheralReady         
000038b1  getRow                        
000038e9  __aeabi_f2d                   
00003921  vListInsert                   
00003959  IntRegister                   
0000398d  SysCtlPeripheralEnable        
000039c1  _c_int00_noargs               
00003a25  __aeabi_i2d                   
00003a55  xPortSysTickHandler           
00003a81  GPIODirModeSet                
00003aad  DebounceHandler               
00003ad5  bitsToIndex                   
00003b25  pxPortInitialiseStack         
00003b75  ReadTemp                      
00003b95  uxListRemove                  
00003bb5  memccpy                       
00003bed  vPortEnterCritical            
00003c09  copysign                      
00003c09  copysignl                     
00003c3d  GPIOIntRegister               
00003c55  GPIOPinTypeGPIOOutput         
00003c6d  TimerDisable                  
00003c85  TimerIntRegister              
00003cb5  delay_ms                      
00003ccd  lcd_send_cmd                  
00003ce5  lcd_send_data                 
00003cfd  pvTaskIncrementMutexHeldCount 
00003d15  vListInsertEnd                
00003d2d  vPortExitCritical             
00003d45  vTaskSetTimeOutState          
00003d5d  strchr                        
00003d73  vListInitialise               
00003d89  lcd_send_string               
00003d9d  strlen                        
00003db1  vPortSetupTimerInterrupt      
00003dc5  GPIOPinTypeGPIOInput          
00003dd7  GPIOPinTypeI2C                
00003de9  GPIOPinTypeI2CSCL             
00003dfb  TimerLoadSet                  
00003e0d  TimerPrescaleSet              
00003e31  wcslen                        
00003e43  keyIsValid                    
00003e53  lcd_clear                     
00003e75  vTaskSuspendAll               
00003e85  GPIOIntDisable                
00003e93  GPIOIntStatus                 
00003ea1  TimerEnable                   
00003eaf  __TI_decompress_none          
00003ebd  GPIOIntEnable                 
00003ec9  __TI_zero_init                
00003ed5  vTaskMissedYield              
00003ee1  I2CMasterEnable               
00003eeb  TimerIntDisable               
00003eff  lcd_put_cur                   
00003f09  I2CMasterBusy                 
00003f11  I2CMasterSlaveAddrSet         
00003f19  TimerIntEnable                
00003f21  __aeabi_errno_addr            
00003f31  GPIOIntClear                  
00003f37  GPIOPinRead                   
00003f3d  GPIOPinWrite                  
00003f43  ResetISR                      
00003f49  SysCtlDelay                   
00003f4f  TimerClockSourceSet           
00003f55  lcd_cmd                       
00003f5b  vListInitialiseItem           
00003f61  I2CMasterControl              
00003f65  I2CMasterDataGet              
00003f69  I2CMasterDataPut              
00003f6d  _system_pre_init              
00003f71  C$$EXIT                       
00003f71  abort                         
00003f74  _ctypes_                      
0000448c  keypad                        
0000449c  ulMaxSyscallInterruptPriority 
000044b4  __TI_Handler_Table_Base       
000044c0  __TI_Handler_Table_Limit      
000044d0  __TI_CINIT_Base               
000044e8  __TI_CINIT_Limit              
20000000  __start___llvm_prf_cnts       
20000000  __stop___llvm_prf_cnts        
20000000  g_pfnRAMVectors               
2000795c  keypadQueue                   
20007960  keypadSemaphore               
20007968  __stack                       
20007b68  __STACK_END                   
20007b68  __STACK_TOP                   
20007b68  pxCurrentTCB                  
20007ba4  errno                         
ffffffff  __TI_pprof_out_hndl           
ffffffff  __TI_prof_data_size           
ffffffff  __TI_prof_data_start          
ffffffff  __binit__                     
ffffffff  __c_args__                    
ffffffff  binit                         
UNDEFED   __mpu_init                    
UNDEFED   _system_post_cinit            

[180 symbols]
