<?xml version="1.0" encoding="ISO-8859-1" ?>
<link_info>
   <banner>TI ARM Linker PC v20.2.7.LTS</banner>
   <copyright>Copyright (c) 1996-2018 Texas Instruments Incorporated</copyright>
   <link_time>0x63c3e479</link_time>
   <link_errors>0x0</link_errors>
   <output_file>freertos_demo.out</output_file>
   <entry_point>
      <name>_c_int00_noargs</name>
      <address>0x4461</address>
   </entry_point>
   <input_file_list>
      <input_file id="fl-2">
         <path>.\</path>
         <kind>object</kind>
         <file>actuator_task.obj</file>
         <name>actuator_task.obj</name>
      </input_file>
      <input_file id="fl-3">
         <path>.\</path>
         <kind>object</kind>
         <file>i2c.obj</file>
         <name>i2c.obj</name>
      </input_file>
      <input_file id="fl-4">
         <path>.\</path>
         <kind>object</kind>
         <file>keypad_task.obj</file>
         <name>keypad_task.obj</name>
      </input_file>
      <input_file id="fl-5">
         <path>.\</path>
         <kind>object</kind>
         <file>lcd.obj</file>
         <name>lcd.obj</name>
      </input_file>
      <input_file id="fl-6">
         <path>.\</path>
         <kind>object</kind>
         <file>main.obj</file>
         <name>main.obj</name>
      </input_file>
      <input_file id="fl-7">
         <path>.\</path>
         <kind>object</kind>
         <file>menu_task.obj</file>
         <name>menu_task.obj</name>
      </input_file>
      <input_file id="fl-8">
         <path>.\</path>
         <kind>object</kind>
         <file>pwm.obj</file>
         <name>pwm.obj</name>
      </input_file>
      <input_file id="fl-9">
         <path>.\</path>
         <kind>object</kind>
         <file>startup_ccs.obj</file>
         <name>startup_ccs.obj</name>
      </input_file>
      <input_file id="fl-a">
         <path>.\</path>
         <kind>object</kind>
         <file>temp_task.obj</file>
         <name>temp_task.obj</name>
      </input_file>
      <input_file id="fl-b">
         <path>.\drivers\</path>
         <kind>object</kind>
         <file>buttons.obj</file>
         <name>buttons.obj</name>
      </input_file>
      <input_file id="fl-c">
         <path>.\drivers\</path>
         <kind>object</kind>
         <file>rgb.obj</file>
         <name>rgb.obj</name>
      </input_file>
      <input_file id="fl-d">
         <path>.\third_party\FreeRTOS\Source\</path>
         <kind>object</kind>
         <file>list.obj</file>
         <name>list.obj</name>
      </input_file>
      <input_file id="fl-e">
         <path>.\third_party\FreeRTOS\Source\</path>
         <kind>object</kind>
         <file>queue.obj</file>
         <name>queue.obj</name>
      </input_file>
      <input_file id="fl-f">
         <path>.\third_party\FreeRTOS\Source\</path>
         <kind>object</kind>
         <file>tasks.obj</file>
         <name>tasks.obj</name>
      </input_file>
      <input_file id="fl-10">
         <path>.\third_party\FreeRTOS\Source\portable\CCS\ARM_CM4F\</path>
         <kind>object</kind>
         <file>port.obj</file>
         <name>port.obj</name>
      </input_file>
      <input_file id="fl-11">
         <path>.\third_party\FreeRTOS\Source\portable\CCS\ARM_CM4F\</path>
         <kind>object</kind>
         <file>portasm.obj</file>
         <name>portasm.obj</name>
      </input_file>
      <input_file id="fl-12">
         <path>.\third_party\FreeRTOS\Source\portable\MemMang\</path>
         <kind>object</kind>
         <file>heap_2.obj</file>
         <name>heap_2.obj</name>
      </input_file>
      <input_file id="fl-13">
         <path>.\utils\</path>
         <kind>object</kind>
         <file>uartstdio.obj</file>
         <name>uartstdio.obj</name>
      </input_file>
      <input_file id="fl-14">
         <path>.\utils\</path>
         <kind>object</kind>
         <file>ustdlib.obj</file>
         <name>ustdlib.obj</name>
      </input_file>
      <input_file id="fl-19">
         <kind>object</kind>
         <file>&lt;internal&gt;</file>
         <name>&lt;internal&gt;</name>
      </input_file>
      <input_file id="fl-cf">
         <path>C:\ti\ccs1210\ccs\tools\compiler\ti-cgt-arm_20.2.7.LTS\lib\</path>
         <kind>archive</kind>
         <file>rtsv7M4_T_le_v4SPD16_eabi.lib</file>
         <name>sprintf.c.obj</name>
      </input_file>
      <input_file id="fl-d0">
         <path>C:\ti\ccs1210\ccs\tools\compiler\ti-cgt-arm_20.2.7.LTS\lib\</path>
         <kind>archive</kind>
         <file>rtsv7M4_T_le_v4SPD16_eabi.lib</file>
         <name>fs_tod_t2.asm.obj</name>
      </input_file>
      <input_file id="fl-d1">
         <path>C:\ti\ccs1210\ccs\tools\compiler\ti-cgt-arm_20.2.7.LTS\lib\</path>
         <kind>archive</kind>
         <file>rtsv7M4_T_le_v4SPD16_eabi.lib</file>
         <name>fs_toull_t2.asm.obj</name>
      </input_file>
      <input_file id="fl-d2">
         <path>C:\ti\ccs1210\ccs\tools\compiler\ti-cgt-arm_20.2.7.LTS\lib\</path>
         <kind>archive</kind>
         <file>rtsv7M4_T_le_v4SPD16_eabi.lib</file>
         <name>memcpy_t2.asm.obj</name>
      </input_file>
      <input_file id="fl-d3">
         <path>C:\ti\ccs1210\ccs\tools\compiler\ti-cgt-arm_20.2.7.LTS\lib\</path>
         <kind>archive</kind>
         <file>rtsv7M4_T_le_v4SPD16_eabi.lib</file>
         <name>memset_t2.asm.obj</name>
      </input_file>
      <input_file id="fl-d4">
         <path>C:\ti\ccs1210\ccs\tools\compiler\ti-cgt-arm_20.2.7.LTS\lib\</path>
         <kind>archive</kind>
         <file>rtsv7M4_T_le_v4SPD16_eabi.lib</file>
         <name>u_divt2.asm.obj</name>
      </input_file>
      <input_file id="fl-d5">
         <path>C:\ti\ccs1210\ccs\tools\compiler\ti-cgt-arm_20.2.7.LTS\lib\</path>
         <kind>archive</kind>
         <file>rtsv7M4_T_le_v4SPD16_eabi.lib</file>
         <name>copy_zero_init.c.obj</name>
      </input_file>
      <input_file id="fl-d6">
         <path>C:\ti\ccs1210\ccs\tools\compiler\ti-cgt-arm_20.2.7.LTS\lib\</path>
         <kind>archive</kind>
         <file>rtsv7M4_T_le_v4SPD16_eabi.lib</file>
         <name>copy_decompress_none.c.obj</name>
      </input_file>
      <input_file id="fl-d7">
         <path>C:\ti\ccs1210\ccs\tools\compiler\ti-cgt-arm_20.2.7.LTS\lib\</path>
         <kind>archive</kind>
         <file>rtsv7M4_T_le_v4SPD16_eabi.lib</file>
         <name>copy_decompress_lzss.c.obj</name>
      </input_file>
      <input_file id="fl-d8">
         <path>C:\ti\ccs1210\ccs\tools\compiler\ti-cgt-arm_20.2.7.LTS\lib\</path>
         <kind>archive</kind>
         <file>rtsv7M4_T_le_v4SPD16_eabi.lib</file>
         <name>boot_cortex_m.c.obj</name>
      </input_file>
      <input_file id="fl-d9">
         <path>C:\ti\ccs1210\ccs\tools\compiler\ti-cgt-arm_20.2.7.LTS\lib\</path>
         <kind>archive</kind>
         <file>rtsv7M4_T_le_v4SPD16_eabi.lib</file>
         <name>_printfi.c.obj</name>
      </input_file>
      <input_file id="fl-da">
         <path>C:\ti\ccs1210\ccs\tools\compiler\ti-cgt-arm_20.2.7.LTS\lib\</path>
         <kind>archive</kind>
         <file>rtsv7M4_T_le_v4SPD16_eabi.lib</file>
         <name>div0.asm.obj</name>
      </input_file>
      <input_file id="fl-db">
         <path>C:\ti\ccs1210\ccs\tools\compiler\ti-cgt-arm_20.2.7.LTS\lib\</path>
         <kind>archive</kind>
         <file>rtsv7M4_T_le_v4SPD16_eabi.lib</file>
         <name>fd_add_t2.asm.obj</name>
      </input_file>
      <input_file id="fl-dc">
         <path>C:\ti\ccs1210\ccs\tools\compiler\ti-cgt-arm_20.2.7.LTS\lib\</path>
         <kind>archive</kind>
         <file>rtsv7M4_T_le_v4SPD16_eabi.lib</file>
         <name>fd_cmp_t2.asm.obj</name>
      </input_file>
      <input_file id="fl-dd">
         <path>C:\ti\ccs1210\ccs\tools\compiler\ti-cgt-arm_20.2.7.LTS\lib\</path>
         <kind>archive</kind>
         <file>rtsv7M4_T_le_v4SPD16_eabi.lib</file>
         <name>fd_div_t2.asm.obj</name>
      </input_file>
      <input_file id="fl-de">
         <path>C:\ti\ccs1210\ccs\tools\compiler\ti-cgt-arm_20.2.7.LTS\lib\</path>
         <kind>archive</kind>
         <file>rtsv7M4_T_le_v4SPD16_eabi.lib</file>
         <name>fd_mul_t2.asm.obj</name>
      </input_file>
      <input_file id="fl-df">
         <path>C:\ti\ccs1210\ccs\tools\compiler\ti-cgt-arm_20.2.7.LTS\lib\</path>
         <kind>archive</kind>
         <file>rtsv7M4_T_le_v4SPD16_eabi.lib</file>
         <name>fd_toi_t2.asm.obj</name>
      </input_file>
      <input_file id="fl-e0">
         <path>C:\ti\ccs1210\ccs\tools\compiler\ti-cgt-arm_20.2.7.LTS\lib\</path>
         <kind>archive</kind>
         <file>rtsv7M4_T_le_v4SPD16_eabi.lib</file>
         <name>i_tofd_t2.asm.obj</name>
      </input_file>
      <input_file id="fl-e1">
         <path>C:\ti\ccs1210\ccs\tools\compiler\ti-cgt-arm_20.2.7.LTS\lib\</path>
         <kind>archive</kind>
         <file>rtsv7M4_T_le_v4SPD16_eabi.lib</file>
         <name>ull_div_t2.asm.obj</name>
      </input_file>
      <input_file id="fl-e2">
         <path>C:\ti\ccs1210\ccs\tools\compiler\ti-cgt-arm_20.2.7.LTS\lib\</path>
         <kind>archive</kind>
         <file>rtsv7M4_T_le_v4SPD16_eabi.lib</file>
         <name>autoinit.c.obj</name>
      </input_file>
      <input_file id="fl-e3">
         <path>C:\ti\ccs1210\ccs\tools\compiler\ti-cgt-arm_20.2.7.LTS\lib\</path>
         <kind>archive</kind>
         <file>rtsv7M4_T_le_v4SPD16_eabi.lib</file>
         <name>pre_init.c.obj</name>
      </input_file>
      <input_file id="fl-e4">
         <path>C:\ti\ccs1210\ccs\tools\compiler\ti-cgt-arm_20.2.7.LTS\lib\</path>
         <kind>archive</kind>
         <file>rtsv7M4_T_le_v4SPD16_eabi.lib</file>
         <name>cpy_tbl.c.obj</name>
      </input_file>
      <input_file id="fl-e5">
         <path>C:\ti\ccs1210\ccs\tools\compiler\ti-cgt-arm_20.2.7.LTS\lib\</path>
         <kind>archive</kind>
         <file>rtsv7M4_T_le_v4SPD16_eabi.lib</file>
         <name>exit.c.obj</name>
      </input_file>
      <input_file id="fl-e6">
         <path>C:\ti\ccs1210\ccs\tools\compiler\ti-cgt-arm_20.2.7.LTS\lib\</path>
         <kind>archive</kind>
         <file>rtsv7M4_T_le_v4SPD16_eabi.lib</file>
         <name>_lock.c.obj</name>
      </input_file>
      <input_file id="fl-e7">
         <path>C:\ti\ccs1210\ccs\tools\compiler\ti-cgt-arm_20.2.7.LTS\lib\</path>
         <kind>archive</kind>
         <file>rtsv7M4_T_le_v4SPD16_eabi.lib</file>
         <name>_ltoa.c.obj</name>
      </input_file>
      <input_file id="fl-e8">
         <path>C:\ti\ccs1210\ccs\tools\compiler\ti-cgt-arm_20.2.7.LTS\lib\</path>
         <kind>archive</kind>
         <file>rtsv7M4_T_le_v4SPD16_eabi.lib</file>
         <name>args_main.c.obj</name>
      </input_file>
      <input_file id="fl-e9">
         <path>C:\ti\ccs1210\ccs\tools\compiler\ti-cgt-arm_20.2.7.LTS\lib\</path>
         <kind>archive</kind>
         <file>rtsv7M4_T_le_v4SPD16_eabi.lib</file>
         <name>atoi.c.obj</name>
      </input_file>
      <input_file id="fl-ea">
         <path>C:\ti\ccs1210\ccs\tools\compiler\ti-cgt-arm_20.2.7.LTS\lib\</path>
         <kind>archive</kind>
         <file>rtsv7M4_T_le_v4SPD16_eabi.lib</file>
         <name>ctype.c.obj</name>
      </input_file>
      <input_file id="fl-eb">
         <path>C:\ti\ccs1210\ccs\tools\compiler\ti-cgt-arm_20.2.7.LTS\lib\</path>
         <kind>archive</kind>
         <file>rtsv7M4_T_le_v4SPD16_eabi.lib</file>
         <name>memccpy.c.obj</name>
      </input_file>
      <input_file id="fl-ec">
         <path>C:\ti\ccs1210\ccs\tools\compiler\ti-cgt-arm_20.2.7.LTS\lib\</path>
         <kind>archive</kind>
         <file>rtsv7M4_T_le_v4SPD16_eabi.lib</file>
         <name>strchr.c.obj</name>
      </input_file>
      <input_file id="fl-ed">
         <path>C:\ti\ccs1210\ccs\tools\compiler\ti-cgt-arm_20.2.7.LTS\lib\</path>
         <kind>archive</kind>
         <file>rtsv7M4_T_le_v4SPD16_eabi.lib</file>
         <name>strlen.c.obj</name>
      </input_file>
      <input_file id="fl-ee">
         <path>C:\ti\ccs1210\ccs\tools\compiler\ti-cgt-arm_20.2.7.LTS\lib\</path>
         <kind>archive</kind>
         <file>rtsv7M4_T_le_v4SPD16_eabi.lib</file>
         <name>errno.c.obj</name>
      </input_file>
      <input_file id="fl-ef">
         <path>C:\ti\ccs1210\ccs\tools\compiler\ti-cgt-arm_20.2.7.LTS\lib\</path>
         <kind>archive</kind>
         <file>rtsv7M4_T_le_v4SPD16_eabi.lib</file>
         <name>wcslen.c.obj</name>
      </input_file>
      <input_file id="fl-f0">
         <path>C:\ti\ccs1210\ccs\tools\compiler\ti-cgt-arm_20.2.7.LTS\lib\</path>
         <kind>archive</kind>
         <file>rtsv7M4_T_le_v4SPD16_eabi.lib</file>
         <name>s_frexp.c.obj</name>
      </input_file>
      <input_file id="fl-f1">
         <path>C:\ti\ccs1210\ccs\tools\compiler\ti-cgt-arm_20.2.7.LTS\lib\</path>
         <kind>archive</kind>
         <file>rtsv7M4_T_le_v4SPD16_eabi.lib</file>
         <name>s_scalbn.c.obj</name>
      </input_file>
      <input_file id="fl-f2">
         <path>C:\ti\ccs1210\ccs\tools\compiler\ti-cgt-arm_20.2.7.LTS\lib\</path>
         <kind>archive</kind>
         <file>rtsv7M4_T_le_v4SPD16_eabi.lib</file>
         <name>s_copysign.c.obj</name>
      </input_file>
      <input_file id="fl-f3">
         <path>C:\ti\tivaware_c_series_2_1_4_178\driverlib\ccs\Debug\</path>
         <kind>archive</kind>
         <file>driverlib.lib</file>
         <name>can.obj</name>
      </input_file>
      <input_file id="fl-f4">
         <path>C:\ti\tivaware_c_series_2_1_4_178\driverlib\ccs\Debug\</path>
         <kind>archive</kind>
         <file>driverlib.lib</file>
         <name>gpio.obj</name>
      </input_file>
      <input_file id="fl-f5">
         <path>C:\ti\tivaware_c_series_2_1_4_178\driverlib\ccs\Debug\</path>
         <kind>archive</kind>
         <file>driverlib.lib</file>
         <name>i2c.obj</name>
      </input_file>
      <input_file id="fl-f6">
         <path>C:\ti\tivaware_c_series_2_1_4_178\driverlib\ccs\Debug\</path>
         <kind>archive</kind>
         <file>driverlib.lib</file>
         <name>interrupt.obj</name>
      </input_file>
      <input_file id="fl-f7">
         <path>C:\ti\tivaware_c_series_2_1_4_178\driverlib\ccs\Debug\</path>
         <kind>archive</kind>
         <file>driverlib.lib</file>
         <name>pwm.obj</name>
      </input_file>
      <input_file id="fl-f8">
         <path>C:\ti\tivaware_c_series_2_1_4_178\driverlib\ccs\Debug\</path>
         <kind>archive</kind>
         <file>driverlib.lib</file>
         <name>sysctl.obj</name>
      </input_file>
      <input_file id="fl-f9">
         <path>C:\ti\tivaware_c_series_2_1_4_178\driverlib\ccs\Debug\</path>
         <kind>archive</kind>
         <file>driverlib.lib</file>
         <name>timer.obj</name>
      </input_file>
      <input_file id="fl-fa">
         <path>C:\ti\tivaware_c_series_2_1_4_178\driverlib\ccs\Debug\</path>
         <kind>archive</kind>
         <file>driverlib.lib</file>
         <name>cpu.obj</name>
      </input_file>
   </input_file_list>
   <object_component_list>
      <object_component id="oc-12">
         <name>.intvecs</name>
         <load_address>0x0</load_address>
         <run_address>0x0</run_address>
         <size>0x26c</size>
         <input_file_ref idref="fl-9"/>
      </object_component>
      <object_component id="oc-6a1">
         <name>.text:__TI_printfi</name>
         <load_address>0x26c</load_address>
         <run_address>0x26c</run_address>
         <size>0xa4e</size>
         <input_file_ref idref="fl-d9"/>
      </object_component>
      <object_component id="oc-33">
         <name>.text:FaultISR</name>
         <load_address>0xcba</load_address>
         <run_address>0xcba</run_address>
         <size>0x2</size>
         <input_file_ref idref="fl-9"/>
      </object_component>
      <object_component id="oc-70a">
         <name>.text:_pconv_a</name>
         <load_address>0xcbc</load_address>
         <run_address>0xcbc</run_address>
         <size>0x270</size>
         <input_file_ref idref="fl-d9"/>
      </object_component>
      <object_component id="oc-6f8">
         <name>.text:_pconv_g</name>
         <load_address>0xf2c</load_address>
         <run_address>0xf2c</run_address>
         <size>0x1d0</size>
         <input_file_ref idref="fl-d9"/>
      </object_component>
      <object_component id="oc-764">
         <name>.text</name>
         <load_address>0x10fc</load_address>
         <run_address>0x10fc</run_address>
         <size>0x1b6</size>
         <input_file_ref idref="fl-db"/>
      </object_component>
      <object_component id="oc-39">
         <name>.text:IntDefaultHandler</name>
         <load_address>0x12b2</load_address>
         <run_address>0x12b2</run_address>
         <size>0x2</size>
         <input_file_ref idref="fl-9"/>
      </object_component>
      <object_component id="oc-704">
         <name>.text:_pconv_e</name>
         <load_address>0x12b4</load_address>
         <run_address>0x12b4</run_address>
         <size>0x13c</size>
         <input_file_ref idref="fl-d9"/>
      </object_component>
      <object_component id="oc-5c8">
         <name>.text:setMaxTemp</name>
         <load_address>0x13f0</load_address>
         <run_address>0x13f0</run_address>
         <size>0x138</size>
         <input_file_ref idref="fl-7"/>
      </object_component>
      <object_component id="oc-74a">
         <name>.text</name>
         <load_address>0x1528</load_address>
         <run_address>0x1528</run_address>
         <size>0x136</size>
         <input_file_ref idref="fl-dd"/>
      </object_component>
      <object_component id="oc-2d">
         <name>.text:NmiSR</name>
         <load_address>0x165e</load_address>
         <run_address>0x165e</run_address>
         <size>0x2</size>
         <input_file_ref idref="fl-9"/>
      </object_component>
      <object_component id="oc-5ce">
         <name>.text:setMinTemp</name>
         <load_address>0x1660</load_address>
         <run_address>0x1660</run_address>
         <size>0x134</size>
         <input_file_ref idref="fl-7"/>
      </object_component>
      <object_component id="oc-310">
         <name>.text:GPIOPadConfigSet</name>
         <load_address>0x1794</load_address>
         <run_address>0x1794</run_address>
         <size>0x132</size>
         <input_file_ref idref="fl-f4"/>
      </object_component>
      <object_component id="oc-7bd">
         <name>.text</name>
         <load_address>0x18c6</load_address>
         <run_address>0x18c6</run_address>
         <size>0x2</size>
         <input_file_ref idref="fl-da"/>
      </object_component>
      <object_component id="oc-776">
         <name>.text:fcvt</name>
         <load_address>0x18c8</load_address>
         <run_address>0x18c8</run_address>
         <size>0x124</size>
         <input_file_ref idref="fl-d9"/>
      </object_component>
      <object_component id="oc-42c">
         <name>.text:showTime</name>
         <load_address>0x19ec</load_address>
         <run_address>0x19ec</run_address>
         <size>0x11c</size>
         <input_file_ref idref="fl-7"/>
      </object_component>
      <object_component id="oc-386">
         <name>.text:xQueueGenericReceive</name>
         <load_address>0x1b08</load_address>
         <run_address>0x1b08</run_address>
         <size>0x118</size>
         <input_file_ref idref="fl-e"/>
      </object_component>
      <object_component id="oc-33e">
         <name>.text:SysCtlClockGet</name>
         <load_address>0x1c20</load_address>
         <run_address>0x1c20</run_address>
         <size>0x110</size>
         <input_file_ref idref="fl-f8"/>
      </object_component>
      <object_component id="oc-78a">
         <name>.text:scalbn</name>
         <load_address>0x1d30</load_address>
         <run_address>0x1d30</run_address>
         <size>0x110</size>
         <input_file_ref idref="fl-f1"/>
      </object_component>
      <object_component id="oc-420">
         <name>.text:time_setup</name>
         <load_address>0x1e40</load_address>
         <run_address>0x1e40</run_address>
         <size>0x10c</size>
         <input_file_ref idref="fl-7"/>
      </object_component>
      <object_component id="oc-9b">
         <name>.text:xTaskIncrementTick</name>
         <load_address>0x1f4c</load_address>
         <run_address>0x1f4c</run_address>
         <size>0x104</size>
         <input_file_ref idref="fl-f"/>
      </object_component>
      <object_component id="oc-271">
         <name>.text:xTaskGenericCreate</name>
         <load_address>0x2050</load_address>
         <run_address>0x2050</run_address>
         <size>0x100</size>
         <input_file_ref idref="fl-f"/>
      </object_component>
      <object_component id="oc-745">
         <name>.text</name>
         <load_address>0x2150</load_address>
         <run_address>0x2150</run_address>
         <size>0xfc</size>
         <input_file_ref idref="fl-de"/>
      </object_component>
      <object_component id="oc-284">
         <name>.text:xQueueGenericSend</name>
         <load_address>0x224c</load_address>
         <run_address>0x224c</run_address>
         <size>0xe8</size>
         <input_file_ref idref="fl-e"/>
      </object_component>
      <object_component id="oc-3c5">
         <name>.text:xTaskResumeAll</name>
         <load_address>0x2334</load_address>
         <run_address>0x2334</run_address>
         <size>0xe4</size>
         <input_file_ref idref="fl-f"/>
      </object_component>
      <object_component id="oc-41a">
         <name>.text:date_setup</name>
         <load_address>0x2418</load_address>
         <run_address>0x2418</run_address>
         <size>0xe0</size>
         <input_file_ref idref="fl-7"/>
      </object_component>
      <object_component id="oc-129">
         <name>.text:pinConfiguration</name>
         <load_address>0x24f8</load_address>
         <run_address>0x24f8</run_address>
         <size>0xd4</size>
         <input_file_ref idref="fl-6"/>
      </object_component>
      <object_component id="oc-3f">
         <name>.text</name>
         <load_address>0x25cc</load_address>
         <run_address>0x25cc</run_address>
         <size>0xd2</size>
         <input_file_ref idref="fl-11"/>
      </object_component>
      <object_component id="oc-ec">
         <name>.text:vApplicationStackOverflowHook</name>
         <load_address>0x269e</load_address>
         <run_address>0x269e</run_address>
         <size>0x2</size>
         <input_file_ref idref="fl-6"/>
      </object_component>
      <object_component id="oc-295">
         <name>.text:MenuTask</name>
         <load_address>0x26a0</load_address>
         <run_address>0x26a0</run_address>
         <size>0xc8</size>
         <input_file_ref idref="fl-7"/>
      </object_component>
      <object_component id="oc-5d4">
         <name>.text:showTemperature</name>
         <load_address>0x2768</load_address>
         <run_address>0x2768</run_address>
         <size>0xc8</size>
         <input_file_ref idref="fl-7"/>
      </object_component>
      <object_component id="oc-432">
         <name>.text:menu</name>
         <load_address>0x2830</load_address>
         <run_address>0x2830</run_address>
         <size>0xb8</size>
         <input_file_ref idref="fl-7"/>
      </object_component>
      <object_component id="oc-28e">
         <name>.text:KeypadHandlerTask</name>
         <load_address>0x28e8</load_address>
         <run_address>0x28e8</run_address>
         <size>0xb4</size>
         <input_file_ref idref="fl-4"/>
      </object_component>
      <object_component id="oc-6ed">
         <name>.text:_ltostr</name>
         <load_address>0x299c</load_address>
         <run_address>0x299c</run_address>
         <size>0xb1</size>
         <input_file_ref idref="fl-d9"/>
      </object_component>
      <object_component id="oc-39e">
         <name>.text:pvPortMalloc</name>
         <load_address>0x2a50</load_address>
         <run_address>0x2a50</run_address>
         <size>0xac</size>
         <input_file_ref idref="fl-12"/>
      </object_component>
      <object_component id="oc-58">
         <name>.text</name>
         <load_address>0x2afc</load_address>
         <run_address>0x2afc</run_address>
         <size>0x9c</size>
         <input_file_ref idref="fl-d2"/>
      </object_component>
      <object_component id="oc-73e">
         <name>.text</name>
         <load_address>0x2b98</load_address>
         <run_address>0x2b98</run_address>
         <size>0x96</size>
         <input_file_ref idref="fl-e1"/>
      </object_component>
      <object_component id="oc-526">
         <name>.text:vTaskPriorityInherit</name>
         <load_address>0x2c30</load_address>
         <run_address>0x2c30</run_address>
         <size>0x90</size>
         <input_file_ref idref="fl-f"/>
      </object_component>
      <object_component id="oc-94">
         <name>.text:vTaskSwitchContext</name>
         <load_address>0x2cc0</load_address>
         <run_address>0x2cc0</run_address>
         <size>0x8c</size>
         <input_file_ref idref="fl-f"/>
      </object_component>
      <object_component id="oc-6f3">
         <name>.text:__aeabi_cdcmple</name>
         <load_address>0x2d4c</load_address>
         <run_address>0x2d4c</run_address>
         <size>0x86</size>
         <input_file_ref idref="fl-dc"/>
      </object_component>
      <object_component id="oc-74f">
         <name>.text:__aeabi_cdrcmple</name>
         <load_address>0x2dd2</load_address>
         <run_address>0x2dd2</run_address>
         <size>0x86</size>
         <input_file_ref idref="fl-dc"/>
      </object_component>
      <object_component id="oc-3a4">
         <name>.text:xQueueGenericReset</name>
         <load_address>0x2e58</load_address>
         <run_address>0x2e58</run_address>
         <size>0x84</size>
         <input_file_ref idref="fl-e"/>
      </object_component>
      <object_component id="oc-c3">
         <name>.text</name>
         <load_address>0x2edc</load_address>
         <run_address>0x2edc</run_address>
         <size>0x7a</size>
         <input_file_ref idref="fl-d3"/>
      </object_component>
      <object_component id="oc-539">
         <name>.text:I2CRead</name>
         <load_address>0x2f58</load_address>
         <run_address>0x2f58</run_address>
         <size>0x78</size>
         <input_file_ref idref="fl-3"/>
      </object_component>
      <object_component id="oc-23c">
         <name>.text:KeypadInterruptHandler</name>
         <load_address>0x2fd0</load_address>
         <run_address>0x2fd0</run_address>
         <size>0x78</size>
         <input_file_ref idref="fl-4"/>
      </object_component>
      <object_component id="oc-575">
         <name>.text:xTaskPriorityDisinherit</name>
         <load_address>0x3048</load_address>
         <run_address>0x3048</run_address>
         <size>0x78</size>
         <input_file_ref idref="fl-f"/>
      </object_component>
      <object_component id="oc-3dd">
         <name>.text:xTaskRemoveFromEventList</name>
         <load_address>0x30c0</load_address>
         <run_address>0x30c0</run_address>
         <size>0x74</size>
         <input_file_ref idref="fl-f"/>
      </object_component>
      <object_component id="oc-3d7">
         <name>.text:prvCopyDataToQueue</name>
         <load_address>0x3134</load_address>
         <run_address>0x3134</run_address>
         <size>0x72</size>
         <input_file_ref idref="fl-e"/>
      </object_component>
      <object_component id="oc-76f">
         <name>.text:_mcpy</name>
         <load_address>0x31a6</load_address>
         <run_address>0x31a6</run_address>
         <size>0x6e</size>
         <input_file_ref idref="fl-d9"/>
      </object_component>
      <object_component id="oc-408">
         <name>.text:CANBitRateSet</name>
         <load_address>0x3214</load_address>
         <run_address>0x3214</run_address>
         <size>0x6c</size>
         <input_file_ref idref="fl-f3"/>
      </object_component>
      <object_component id="oc-2f0">
         <name>.text:IntEnable</name>
         <load_address>0x3280</load_address>
         <run_address>0x3280</run_address>
         <size>0x68</size>
         <input_file_ref idref="fl-f6"/>
      </object_component>
      <object_component id="oc-15">
         <name>.text:decompress:lzss:__TI_decompress_lzss</name>
         <load_address>0x32e8</load_address>
         <run_address>0x32e8</run_address>
         <size>0x68</size>
         <input_file_ref idref="fl-d7"/>
      </object_component>
      <object_component id="oc-14d">
         <name>.text:KeypadTaskInit</name>
         <load_address>0x3350</load_address>
         <run_address>0x3350</run_address>
         <size>0x64</size>
         <input_file_ref idref="fl-4"/>
      </object_component>
      <object_component id="oc-784">
         <name>.text:frexp</name>
         <load_address>0x33b4</load_address>
         <run_address>0x33b4</run_address>
         <size>0x64</size>
         <input_file_ref idref="fl-f0"/>
      </object_component>
      <object_component id="oc-3d1">
         <name>.text:vTaskPlaceOnEventList</name>
         <load_address>0x3418</load_address>
         <run_address>0x3418</run_address>
         <size>0x64</size>
         <input_file_ref idref="fl-f"/>
      </object_component>
      <object_component id="oc-3bf">
         <name>.text:prvUnlockQueue</name>
         <load_address>0x347c</load_address>
         <run_address>0x347c</run_address>
         <size>0x62</size>
         <input_file_ref idref="fl-e"/>
      </object_component>
      <object_component id="oc-1f3">
         <name>.text:TimerConfigure</name>
         <load_address>0x34e0</load_address>
         <run_address>0x34e0</run_address>
         <size>0x60</size>
         <input_file_ref idref="fl-f9"/>
      </object_component>
      <object_component id="oc-367">
         <name>.text:prvInitialiseTaskLists</name>
         <load_address>0x3540</load_address>
         <run_address>0x3540</run_address>
         <size>0x60</size>
         <input_file_ref idref="fl-f"/>
      </object_component>
      <object_component id="oc-15f">
         <name>.text:vTaskStartScheduler</name>
         <load_address>0x35a0</load_address>
         <run_address>0x35a0</run_address>
         <size>0x60</size>
         <input_file_ref idref="fl-f"/>
      </object_component>
      <object_component id="oc-277">
         <name>.text:TempTask</name>
         <load_address>0x3600</load_address>
         <run_address>0x3600</run_address>
         <size>0x5c</size>
         <input_file_ref idref="fl-a"/>
      </object_component>
      <object_component id="oc-589">
         <name>.text:_CANIntNumberGet</name>
         <load_address>0x365c</load_address>
         <run_address>0x365c</run_address>
         <size>0x5c</size>
         <input_file_ref idref="fl-f3"/>
      </object_component>
      <object_component id="oc-392">
         <name>.text:vTaskDelay</name>
         <load_address>0x36b8</load_address>
         <run_address>0x36b8</run_address>
         <size>0x5c</size>
         <input_file_ref idref="fl-f"/>
      </object_component>
      <object_component id="oc-12f">
         <name>.text:lcd_init</name>
         <load_address>0x3714</load_address>
         <run_address>0x3714</run_address>
         <size>0x5a</size>
         <input_file_ref idref="fl-5"/>
      </object_component>
      <object_component id="oc-37a">
         <name>.text:I2CInit</name>
         <load_address>0x3770</load_address>
         <run_address>0x3770</run_address>
         <size>0x58</size>
         <input_file_ref idref="fl-3"/>
      </object_component>
      <object_component id="oc-59d">
         <name>.text:dateIsValid</name>
         <load_address>0x37c8</load_address>
         <run_address>0x37c8</run_address>
         <size>0x58</size>
         <input_file_ref idref="fl-7"/>
      </object_component>
      <object_component id="oc-cf">
         <name>.text:main</name>
         <load_address>0x3820</load_address>
         <run_address>0x3820</run_address>
         <size>0x58</size>
         <input_file_ref idref="fl-6"/>
      </object_component>
      <object_component id="oc-461">
         <name>.text:prvCheckTasksWaitingTermination</name>
         <load_address>0x3878</load_address>
         <run_address>0x3878</run_address>
         <size>0x58</size>
         <input_file_ref idref="fl-f"/>
      </object_component>
      <object_component id="oc-212">
         <name>.text:GPIOIntTypeSet</name>
         <load_address>0x38d0</load_address>
         <run_address>0x38d0</run_address>
         <size>0x56</size>
         <input_file_ref idref="fl-f4"/>
      </object_component>
      <object_component id="oc-6fe">
         <name>.text:_pconv_f</name>
         <load_address>0x3926</load_address>
         <run_address>0x3926</run_address>
         <size>0x56</size>
         <input_file_ref idref="fl-d9"/>
      </object_component>
      <object_component id="oc-355">
         <name>.text:prvInitialiseTCBVariables</name>
         <load_address>0x397c</load_address>
         <run_address>0x397c</run_address>
         <size>0x56</size>
         <input_file_ref idref="fl-f"/>
      </object_component>
      <object_component id="oc-331">
         <name>.text:xQueueGiveFromISR</name>
         <load_address>0x39d2</load_address>
         <run_address>0x39d2</run_address>
         <size>0x56</size>
         <input_file_ref idref="fl-e"/>
      </object_component>
      <object_component id="oc-141">
         <name>.text:PWMInit</name>
         <load_address>0x3a28</load_address>
         <run_address>0x3a28</run_address>
         <size>0x54</size>
         <input_file_ref idref="fl-8"/>
      </object_component>
      <object_component id="oc-759">
         <name>.text:__TI_ltoa</name>
         <load_address>0x3a7c</load_address>
         <run_address>0x3a7c</run_address>
         <size>0x54</size>
         <input_file_ref idref="fl-e7"/>
      </object_component>
      <object_component id="oc-44e">
         <name>.text:setFan</name>
         <load_address>0x3ad0</load_address>
         <run_address>0x3ad0</run_address>
         <size>0x54</size>
         <input_file_ref idref="fl-8"/>
      </object_component>
      <object_component id="oc-3b9">
         <name>.text:xTaskCheckForTimeOut</name>
         <load_address>0x3b24</load_address>
         <run_address>0x3b24</run_address>
         <size>0x54</size>
         <input_file_ref idref="fl-f"/>
      </object_component>
      <object_component id="oc-769">
         <name>.text:_ecpy</name>
         <load_address>0x3b78</load_address>
         <run_address>0x3b78</run_address>
         <size>0x52</size>
         <input_file_ref idref="fl-d9"/>
      </object_component>
      <object_component id="oc-29c">
         <name>.text:ActuatorTask</name>
         <load_address>0x3bcc</load_address>
         <run_address>0x3bcc</run_address>
         <size>0x50</size>
         <input_file_ref idref="fl-2"/>
      </object_component>
      <object_component id="oc-4ed">
         <name>.text:SysCtlPeripheralReset</name>
         <load_address>0x3c1c</load_address>
         <run_address>0x3c1c</run_address>
         <size>0x50</size>
         <input_file_ref idref="fl-f8"/>
      </object_component>
      <object_component id="oc-5ad">
         <name>.text:timeIsValid</name>
         <load_address>0x3c6c</load_address>
         <run_address>0x3c6c</run_address>
         <size>0x50</size>
         <input_file_ref idref="fl-7"/>
      </object_component>
      <object_component id="oc-374">
         <name>.text:xQueueCreateMutex</name>
         <load_address>0x3cbc</load_address>
         <run_address>0x3cbc</run_address>
         <size>0x4e</size>
         <input_file_ref idref="fl-e"/>
      </object_component>
      <object_component id="oc-4ff">
         <name>.text:I2CMasterInitExpClk</name>
         <load_address>0x3d0c</load_address>
         <run_address>0x3d0c</run_address>
         <size>0x4c</size>
         <input_file_ref idref="fl-f5"/>
      </object_component>
      <object_component id="oc-380">
         <name>.text:I2CWriteConf</name>
         <load_address>0x3d58</load_address>
         <run_address>0x3d58</run_address>
         <size>0x4c</size>
         <input_file_ref idref="fl-3"/>
      </object_component>
      <object_component id="oc-2e4">
         <name>.text:_TimerIntNumberGet</name>
         <load_address>0x3da4</load_address>
         <run_address>0x3da4</run_address>
         <size>0x4c</size>
         <input_file_ref idref="fl-f9"/>
      </object_component>
      <object_component id="oc-6e7">
         <name>.text:atoi</name>
         <load_address>0x3df0</load_address>
         <run_address>0x3df0</run_address>
         <size>0x4c</size>
         <input_file_ref idref="fl-e9"/>
      </object_component>
      <object_component id="oc-540">
         <name>.text:prvAddCurrentTaskToDelayedList</name>
         <load_address>0x3e3c</load_address>
         <run_address>0x3e3c</run_address>
         <size>0x4c</size>
         <input_file_ref idref="fl-f"/>
      </object_component>
      <object_component id="oc-25e">
         <name>.text:GPIOPinConfigure</name>
         <load_address>0x3e88</load_address>
         <run_address>0x3e88</run_address>
         <size>0x48</size>
         <input_file_ref idref="fl-f4"/>
      </object_component>
      <object_component id="oc-754">
         <name>.text</name>
         <load_address>0x3ed0</load_address>
         <run_address>0x3ed0</run_address>
         <size>0x48</size>
         <input_file_ref idref="fl-df"/>
      </object_component>
      <object_component id="oc-448">
         <name>.text:setSpeaker</name>
         <load_address>0x3f18</load_address>
         <run_address>0x3f18</run_address>
         <size>0x48</size>
         <input_file_ref idref="fl-8"/>
      </object_component>
      <object_component id="oc-123">
         <name>.text:timerConfiguration</name>
         <load_address>0x3f60</load_address>
         <run_address>0x3f60</run_address>
         <size>0x48</size>
         <input_file_ref idref="fl-6"/>
      </object_component>
      <object_component id="oc-307">
         <name>.text:_GPIOIntNumberGet</name>
         <load_address>0x3fa8</load_address>
         <run_address>0x3fa8</run_address>
         <size>0x44</size>
         <input_file_ref idref="fl-f4"/>
      </object_component>
      <object_component id="oc-177">
         <name>.text:__TI_auto_init_nobinit_nopinit:__TI_auto_init_nobinit_nopinit</name>
         <load_address>0x3fec</load_address>
         <run_address>0x3fec</run_address>
         <size>0x44</size>
         <input_file_ref idref="fl-e2"/>
      </object_component>
      <object_component id="oc-243">
         <name>.text:send_to_lcd</name>
         <load_address>0x4030</load_address>
         <run_address>0x4030</run_address>
         <size>0x44</size>
         <input_file_ref idref="fl-5"/>
      </object_component>
      <object_component id="oc-4bf">
         <name>.text:vPortFree</name>
         <load_address>0x4074</load_address>
         <run_address>0x4074</run_address>
         <size>0x44</size>
         <input_file_ref idref="fl-12"/>
      </object_component>
      <object_component id="oc-5ea">
         <name>.text:CANStatusGet</name>
         <load_address>0x40b8</load_address>
         <run_address>0x40b8</run_address>
         <size>0x40</size>
         <input_file_ref idref="fl-f3"/>
      </object_component>
      <object_component id="oc-5c1">
         <name>.text:sprintf</name>
         <load_address>0x40f8</load_address>
         <run_address>0x40f8</run_address>
         <size>0x40</size>
         <input_file_ref idref="fl-cf"/>
      </object_component>
      <object_component id="oc-2a3">
         <name>.text:xPortStartScheduler</name>
         <load_address>0x4138</load_address>
         <run_address>0x4138</run_address>
         <size>0x40</size>
         <input_file_ref idref="fl-10"/>
      </object_component>
      <object_component id="oc-77c">
         <name>.text:_fcpy</name>
         <load_address>0x4178</load_address>
         <run_address>0x4178</run_address>
         <size>0x3e</size>
         <input_file_ref idref="fl-d9"/>
      </object_component>
      <object_component id="oc-159">
         <name>.text:ActuatorTaskInit</name>
         <load_address>0x41b8</load_address>
         <run_address>0x41b8</run_address>
         <size>0x3c</size>
         <input_file_ref idref="fl-2"/>
      </object_component>
      <object_component id="oc-147">
         <name>.text:TempTaskInit</name>
         <load_address>0x41f4</load_address>
         <run_address>0x41f4</run_address>
         <size>0x3c</size>
         <input_file_ref idref="fl-a"/>
      </object_component>
      <object_component id="oc-27e">
         <name>.text:xQueueGenericCreate</name>
         <load_address>0x4230</load_address>
         <run_address>0x4230</run_address>
         <size>0x3c</size>
         <input_file_ref idref="fl-e"/>
      </object_component>
      <object_component id="oc-402">
         <name>.text:CANInit</name>
         <load_address>0x426c</load_address>
         <run_address>0x426c</run_address>
         <size>0x3a</size>
         <input_file_ref idref="fl-f3"/>
      </object_component>
      <object_component id="oc-34f">
         <name>.text:prvAllocateTCBAndStack</name>
         <load_address>0x42a6</load_address>
         <run_address>0x42a6</run_address>
         <size>0x3a</size>
         <input_file_ref idref="fl-f"/>
      </object_component>
      <object_component id="oc-153">
         <name>.text:MenuTaskInit</name>
         <load_address>0x42e0</load_address>
         <run_address>0x42e0</run_address>
         <size>0x38</size>
         <input_file_ref idref="fl-7"/>
      </object_component>
      <object_component id="oc-224">
         <name>.text:SysCtlPeripheralReady</name>
         <load_address>0x4318</load_address>
         <run_address>0x4318</run_address>
         <size>0x38</size>
         <input_file_ref idref="fl-f8"/>
      </object_component>
      <object_component id="oc-3e6">
         <name>.text:getRow</name>
         <load_address>0x4350</load_address>
         <run_address>0x4350</run_address>
         <size>0x38</size>
         <input_file_ref idref="fl-4"/>
      </object_component>
      <object_component id="oc-6c2">
         <name>.text</name>
         <load_address>0x4388</load_address>
         <run_address>0x4388</run_address>
         <size>0x38</size>
         <input_file_ref idref="fl-d0"/>
      </object_component>
      <object_component id="oc-56e">
         <name>.text:vListInsert</name>
         <load_address>0x43c0</load_address>
         <run_address>0x43c0</run_address>
         <size>0x38</size>
         <input_file_ref idref="fl-d"/>
      </object_component>
      <object_component id="oc-2ea">
         <name>.text:IntRegister</name>
         <load_address>0x43f8</load_address>
         <run_address>0x43f8</run_address>
         <size>0x34</size>
         <input_file_ref idref="fl-f6"/>
      </object_component>
      <object_component id="oc-1e7">
         <name>.text:SysCtlPeripheralEnable</name>
         <load_address>0x442c</load_address>
         <run_address>0x442c</run_address>
         <size>0x34</size>
         <input_file_ref idref="fl-f8"/>
      </object_component>
      <object_component id="oc-76">
         <name>.text:_c_int00_noargs:_c_int00_noargs</name>
         <load_address>0x4460</load_address>
         <run_address>0x4460</run_address>
         <size>0x34</size>
         <input_file_ref idref="fl-d8"/>
      </object_component>
      <object_component id="oc-438">
         <name>.text:CANIntHandler</name>
         <load_address>0x4494</load_address>
         <run_address>0x4494</run_address>
         <size>0x30</size>
         <input_file_ref idref="fl-7"/>
      </object_component>
      <object_component id="oc-549">
         <name>.text:prvHeapInit</name>
         <load_address>0x44c4</load_address>
         <run_address>0x44c4</run_address>
         <size>0x30</size>
         <input_file_ref idref="fl-12"/>
      </object_component>
      <object_component id="oc-75f">
         <name>.text</name>
         <load_address>0x44f4</load_address>
         <run_address>0x44f4</run_address>
         <size>0x2e</size>
         <input_file_ref idref="fl-e0"/>
      </object_component>
      <object_component id="oc-44">
         <name>.text:xPortSysTickHandler</name>
         <load_address>0x4524</load_address>
         <run_address>0x4524</run_address>
         <size>0x2c</size>
         <input_file_ref idref="fl-10"/>
      </object_component>
      <object_component id="oc-316">
         <name>.text:GPIODirModeSet</name>
         <load_address>0x4550</load_address>
         <run_address>0x4550</run_address>
         <size>0x2a</size>
         <input_file_ref idref="fl-f4"/>
      </object_component>
      <object_component id="oc-20b">
         <name>.text:DebounceHandler</name>
         <load_address>0x457c</load_address>
         <run_address>0x457c</run_address>
         <size>0x28</size>
         <input_file_ref idref="fl-6"/>
      </object_component>
      <object_component id="oc-3ec">
         <name>.text:bitsToIndex</name>
         <load_address>0x45a4</load_address>
         <run_address>0x45a4</run_address>
         <size>0x28</size>
         <input_file_ref idref="fl-4"/>
      </object_component>
      <object_component id="oc-f6">
         <name>.text:prvResetNextTaskUnblockTime</name>
         <load_address>0x45cc</load_address>
         <run_address>0x45cc</run_address>
         <size>0x28</size>
         <input_file_ref idref="fl-f"/>
      </object_component>
      <object_component id="oc-35b">
         <name>.text:pxPortInitialiseStack</name>
         <load_address>0x45f4</load_address>
         <run_address>0x45f4</run_address>
         <size>0x28</size>
         <input_file_ref idref="fl-10"/>
      </object_component>
      <object_component id="oc-52c">
         <name>.text:prvCopyDataFromQueue</name>
         <load_address>0x461c</load_address>
         <run_address>0x461c</run_address>
         <size>0x26</size>
         <input_file_ref idref="fl-e"/>
      </object_component>
      <object_component id="oc-5e4">
         <name>.text:CANIntClear</name>
         <load_address>0x4642</load_address>
         <run_address>0x4642</run_address>
         <size>0x22</size>
         <input_file_ref idref="fl-f3"/>
      </object_component>
      <object_component id="oc-26a">
         <name>.text:PWMGenConfigure</name>
         <load_address>0x4664</load_address>
         <run_address>0x4664</run_address>
         <size>0x22</size>
         <input_file_ref idref="fl-f7"/>
      </object_component>
      <object_component id="oc-5de">
         <name>.text:CANIntStatus</name>
         <load_address>0x4686</load_address>
         <run_address>0x4686</run_address>
         <size>0x20</size>
         <input_file_ref idref="fl-f3"/>
      </object_component>
      <object_component id="oc-38c">
         <name>.text:ReadTemp</name>
         <load_address>0x46a8</load_address>
         <run_address>0x46a8</run_address>
         <size>0x20</size>
         <input_file_ref idref="fl-7"/>
      </object_component>
      <object_component id="oc-fc">
         <name>.text:uxListRemove</name>
         <load_address>0x46c8</load_address>
         <run_address>0x46c8</run_address>
         <size>0x20</size>
         <input_file_ref idref="fl-d"/>
      </object_component>
      <object_component id="oc-60b">
         <name>.text:PWMPulseWidthSet</name>
         <load_address>0x46e8</load_address>
         <run_address>0x46e8</run_address>
         <size>0x1e</size>
         <input_file_ref idref="fl-f7"/>
      </object_component>
      <object_component id="oc-710">
         <name>.text:memccpy</name>
         <load_address>0x4706</load_address>
         <run_address>0x4706</run_address>
         <size>0x1c</size>
         <input_file_ref idref="fl-eb"/>
      </object_component>
      <object_component id="oc-3cb">
         <name>.text:prvIsQueueFull</name>
         <load_address>0x4722</load_address>
         <run_address>0x4722</run_address>
         <size>0x1c</size>
         <input_file_ref idref="fl-e"/>
      </object_component>
      <object_component id="oc-361">
         <name>.text:vPortEnterCritical</name>
         <load_address>0x4740</load_address>
         <run_address>0x4740</run_address>
         <size>0x1c</size>
         <input_file_ref idref="fl-10"/>
      </object_component>
      <object_component id="oc-7d6">
         <name>.text:copysign</name>
         <load_address>0x475c</load_address>
         <run_address>0x475c</run_address>
         <size>0x1a</size>
         <input_file_ref idref="fl-f2"/>
      </object_component>
      <object_component id="oc-520">
         <name>.text:prvIsQueueEmpty</name>
         <load_address>0x4776</load_address>
         <run_address>0x4776</run_address>
         <size>0x1a</size>
         <input_file_ref idref="fl-e"/>
      </object_component>
      <object_component id="oc-40e">
         <name>.text:CANIntRegister</name>
         <load_address>0x4790</load_address>
         <run_address>0x4790</run_address>
         <size>0x18</size>
         <input_file_ref idref="fl-f3"/>
      </object_component>
      <object_component id="oc-218">
         <name>.text:GPIOIntRegister</name>
         <load_address>0x47a8</load_address>
         <run_address>0x47a8</run_address>
         <size>0x18</size>
         <input_file_ref idref="fl-f4"/>
      </object_component>
      <object_component id="oc-22a">
         <name>.text:GPIOPinTypeGPIOOutput</name>
         <load_address>0x47c0</load_address>
         <run_address>0x47c0</run_address>
         <size>0x18</size>
         <input_file_ref idref="fl-f4"/>
      </object_component>
      <object_component id="oc-2f8">
         <name>.text:TimerDisable</name>
         <load_address>0x47d8</load_address>
         <run_address>0x47d8</run_address>
         <size>0x18</size>
         <input_file_ref idref="fl-f9"/>
      </object_component>
      <object_component id="oc-1ff">
         <name>.text:TimerIntRegister</name>
         <load_address>0x47f0</load_address>
         <run_address>0x47f0</run_address>
         <size>0x18</size>
         <input_file_ref idref="fl-f9"/>
      </object_component>
      <object_component id="oc-6a7">
         <name>.text:_outs</name>
         <load_address>0x4808</load_address>
         <run_address>0x4808</run_address>
         <size>0x18</size>
         <input_file_ref idref="fl-cf"/>
      </object_component>
      <object_component id="oc-249">
         <name>.text:delay_ms</name>
         <load_address>0x4820</load_address>
         <run_address>0x4820</run_address>
         <size>0x18</size>
         <input_file_ref idref="fl-5"/>
      </object_component>
      <object_component id="oc-256">
         <name>.text:lcd_send_cmd</name>
         <load_address>0x4838</load_address>
         <run_address>0x4838</run_address>
         <size>0x18</size>
         <input_file_ref idref="fl-5"/>
      </object_component>
      <object_component id="oc-5a3">
         <name>.text:lcd_send_data</name>
         <load_address>0x4850</load_address>
         <run_address>0x4850</run_address>
         <size>0x18</size>
         <input_file_ref idref="fl-5"/>
      </object_component>
      <object_component id="oc-532">
         <name>.text:pvTaskIncrementMutexHeldCount</name>
         <load_address>0x4868</load_address>
         <run_address>0x4868</run_address>
         <size>0x18</size>
         <input_file_ref idref="fl-f"/>
      </object_component>
      <object_component id="oc-102">
         <name>.text:vListInsertEnd</name>
         <load_address>0x4880</load_address>
         <run_address>0x4880</run_address>
         <size>0x18</size>
         <input_file_ref idref="fl-d"/>
      </object_component>
      <object_component id="oc-36d">
         <name>.text:vPortExitCritical</name>
         <load_address>0x4898</load_address>
         <run_address>0x4898</run_address>
         <size>0x18</size>
         <input_file_ref idref="fl-10"/>
      </object_component>
      <object_component id="oc-3ad">
         <name>.text:vTaskSetTimeOutState</name>
         <load_address>0x48b0</load_address>
         <run_address>0x48b0</run_address>
         <size>0x18</size>
         <input_file_ref idref="fl-f"/>
      </object_component>
      <object_component id="oc-790">
         <name>.text:strchr</name>
         <load_address>0x48c8</load_address>
         <run_address>0x48c8</run_address>
         <size>0x16</size>
         <input_file_ref idref="fl-ec"/>
      </object_component>
      <object_component id="oc-4d5">
         <name>.text:vListInitialise</name>
         <load_address>0x48de</load_address>
         <run_address>0x48de</run_address>
         <size>0x16</size>
         <input_file_ref idref="fl-d"/>
      </object_component>
      <object_component id="oc-426">
         <name>.text:getTime</name>
         <load_address>0x48f4</load_address>
         <run_address>0x48f4</run_address>
         <size>0x14</size>
         <input_file_ref idref="fl-7"/>
      </object_component>
      <object_component id="oc-591">
         <name>.text:lcd_send_string</name>
         <load_address>0x4908</load_address>
         <run_address>0x4908</run_address>
         <size>0x14</size>
         <input_file_ref idref="fl-5"/>
      </object_component>
      <object_component id="oc-6e1">
         <name>.text:strlen</name>
         <load_address>0x491c</load_address>
         <run_address>0x491c</run_address>
         <size>0x14</size>
         <input_file_ref idref="fl-ed"/>
      </object_component>
      <object_component id="oc-457">
         <name>.text:vPortSetupTimerInterrupt</name>
         <load_address>0x4930</load_address>
         <run_address>0x4930</run_address>
         <size>0x14</size>
         <input_file_ref idref="fl-10"/>
      </object_component>
      <object_component id="oc-3fc">
         <name>.text:GPIOPinTypeCAN</name>
         <load_address>0x4944</load_address>
         <run_address>0x4944</run_address>
         <size>0x12</size>
         <input_file_ref idref="fl-f4"/>
      </object_component>
      <object_component id="oc-230">
         <name>.text:GPIOPinTypeGPIOInput</name>
         <load_address>0x4956</load_address>
         <run_address>0x4956</run_address>
         <size>0x12</size>
         <input_file_ref idref="fl-f4"/>
      </object_component>
      <object_component id="oc-4f9">
         <name>.text:GPIOPinTypeI2C</name>
         <load_address>0x4968</load_address>
         <run_address>0x4968</run_address>
         <size>0x12</size>
         <input_file_ref idref="fl-f4"/>
      </object_component>
      <object_component id="oc-4f3">
         <name>.text:GPIOPinTypeI2CSCL</name>
         <load_address>0x497a</load_address>
         <run_address>0x497a</run_address>
         <size>0x12</size>
         <input_file_ref idref="fl-f4"/>
      </object_component>
      <object_component id="oc-264">
         <name>.text:GPIOPinTypePWM</name>
         <load_address>0x498c</load_address>
         <run_address>0x498c</run_address>
         <size>0x12</size>
         <input_file_ref idref="fl-f4"/>
      </object_component>
      <object_component id="oc-605">
         <name>.text:PWMGenPeriodGet</name>
         <load_address>0x499e</load_address>
         <run_address>0x499e</run_address>
         <size>0x12</size>
         <input_file_ref idref="fl-f7"/>
      </object_component>
      <object_component id="oc-5f8">
         <name>.text:PWMOutputState</name>
         <load_address>0x49b0</load_address>
         <run_address>0x49b0</run_address>
         <size>0x12</size>
         <input_file_ref idref="fl-f7"/>
      </object_component>
      <object_component id="oc-1f9">
         <name>.text:TimerPrescaleSet</name>
         <load_address>0x49c2</load_address>
         <run_address>0x49c2</run_address>
         <size>0x12</size>
         <input_file_ref idref="fl-f9"/>
      </object_component>
      <object_component id="oc-61d">
         <name>.text:prvDeleteTCB</name>
         <load_address>0x49d4</load_address>
         <run_address>0x49d4</run_address>
         <size>0x12</size>
         <input_file_ref idref="fl-f"/>
      </object_component>
      <object_component id="oc-716">
         <name>.text:wcslen</name>
         <load_address>0x49e6</load_address>
         <run_address>0x49e6</run_address>
         <size>0x12</size>
         <input_file_ref idref="fl-ef"/>
      </object_component>
      <object_component id="oc-5ff">
         <name>.text:PWMGenPeriodSet</name>
         <load_address>0x49f8</load_address>
         <run_address>0x49f8</run_address>
         <size>0x10</size>
         <input_file_ref idref="fl-f7"/>
      </object_component>
      <object_component id="oc-597">
         <name>.text:keyIsNumber</name>
         <load_address>0x4a08</load_address>
         <run_address>0x4a08</run_address>
         <size>0x10</size>
         <input_file_ref idref="fl-4"/>
      </object_component>
      <object_component id="oc-3f2">
         <name>.text:keyIsValid</name>
         <load_address>0x4a18</load_address>
         <run_address>0x4a18</run_address>
         <size>0x10</size>
         <input_file_ref idref="fl-4"/>
      </object_component>
      <object_component id="oc-135">
         <name>.text:lcd_clear</name>
         <load_address>0x4a28</load_address>
         <run_address>0x4a28</run_address>
         <size>0x10</size>
         <input_file_ref idref="fl-5"/>
      </object_component>
      <object_component id="oc-4cd">
         <name>.text:prvTaskExitError</name>
         <load_address>0x4a38</load_address>
         <run_address>0x4a38</run_address>
         <size>0x10</size>
         <input_file_ref idref="fl-10"/>
      </object_component>
      <object_component id="oc-442">
         <name>.text:stopSeaker</name>
         <load_address>0x4a48</load_address>
         <run_address>0x4a48</run_address>
         <size>0x10</size>
         <input_file_ref idref="fl-8"/>
      </object_component>
      <object_component id="oc-3b3">
         <name>.text:vTaskSuspendAll</name>
         <load_address>0x4a58</load_address>
         <run_address>0x4a58</run_address>
         <size>0x10</size>
         <input_file_ref idref="fl-f"/>
      </object_component>
      <object_component id="oc-31f">
         <name>.text:GPIOIntStatus</name>
         <load_address>0x4a68</load_address>
         <run_address>0x4a68</run_address>
         <size>0xe</size>
         <input_file_ref idref="fl-f4"/>
      </object_component>
      <object_component id="oc-205">
         <name>.text:TimerEnable</name>
         <load_address>0x4a76</load_address>
         <run_address>0x4a76</run_address>
         <size>0xe</size>
         <input_file_ref idref="fl-f9"/>
      </object_component>
      <object_component id="oc-1b">
         <name>.text:decompress:none:__TI_decompress_none</name>
         <load_address>0x4a84</load_address>
         <run_address>0x4a84</run_address>
         <size>0xe</size>
         <input_file_ref idref="fl-d6"/>
      </object_component>
      <object_component id="oc-21e">
         <name>.text:GPIOIntEnable</name>
         <load_address>0x4a92</load_address>
         <run_address>0x4a92</run_address>
         <size>0xc</size>
         <input_file_ref idref="fl-f4"/>
      </object_component>
      <object_component id="oc-611">
         <name>.text:PWMGenEnable</name>
         <load_address>0x4a9e</load_address>
         <run_address>0x4a9e</run_address>
         <size>0xc</size>
         <input_file_ref idref="fl-f7"/>
      </object_component>
      <object_component id="oc-6a">
         <name>.text:decompress:ZI:__TI_zero_init</name>
         <load_address>0x4aaa</load_address>
         <run_address>0x4aaa</run_address>
         <size>0xc</size>
         <input_file_ref idref="fl-d5"/>
      </object_component>
      <object_component id="oc-565">
         <name>.text:vTaskMissedYield</name>
         <load_address>0x4ab8</load_address>
         <run_address>0x4ab8</run_address>
         <size>0xc</size>
         <input_file_ref idref="fl-f"/>
      </object_component>
      <object_component id="oc-5b3">
         <name>.text:xTaskGetTickCount</name>
         <load_address>0x4ac4</load_address>
         <run_address>0x4ac4</run_address>
         <size>0xc</size>
         <input_file_ref idref="fl-f"/>
      </object_component>
      <object_component id="oc-414">
         <name>.text:CANEnable</name>
         <load_address>0x4ad0</load_address>
         <run_address>0x4ad0</run_address>
         <size>0xa</size>
         <input_file_ref idref="fl-f3"/>
      </object_component>
      <object_component id="oc-654">
         <name>.text:I2CMasterEnable</name>
         <load_address>0x4ada</load_address>
         <run_address>0x4ada</run_address>
         <size>0xa</size>
         <input_file_ref idref="fl-f5"/>
      </object_component>
      <object_component id="oc-2fe">
         <name>.text:TimerIntDisable</name>
         <load_address>0x4ae4</load_address>
         <run_address>0x4ae4</run_address>
         <size>0xa</size>
         <input_file_ref idref="fl-f9"/>
      </object_component>
      <object_component id="oc-6ad">
         <name>.text:_outc</name>
         <load_address>0x4aee</load_address>
         <run_address>0x4aee</run_address>
         <size>0xa</size>
         <input_file_ref idref="fl-cf"/>
      </object_component>
      <object_component id="oc-13b">
         <name>.text:lcd_put_cur</name>
         <load_address>0x4af8</load_address>
         <run_address>0x4af8</run_address>
         <size>0xa</size>
         <input_file_ref idref="fl-5"/>
      </object_component>
      <object_component id="oc-518">
         <name>.text:I2CMasterBusy</name>
         <load_address>0x4b02</load_address>
         <run_address>0x4b02</run_address>
         <size>0x8</size>
         <input_file_ref idref="fl-f5"/>
      </object_component>
      <object_component id="oc-506">
         <name>.text:I2CMasterSlaveAddrSet</name>
         <load_address>0x4b0a</load_address>
         <run_address>0x4b0a</run_address>
         <size>0x8</size>
         <input_file_ref idref="fl-f5"/>
      </object_component>
      <object_component id="oc-71c">
         <name>.text:__aeabi_errno_addr</name>
         <load_address>0x4b14</load_address>
         <run_address>0x4b14</run_address>
         <size>0x8</size>
         <input_file_ref idref="fl-ee"/>
      </object_component>
      <object_component id="oc-2a9">
         <name>.text:prvIdleTask</name>
         <load_address>0x4b1c</load_address>
         <run_address>0x4b1c</run_address>
         <size>0x8</size>
         <input_file_ref idref="fl-f"/>
      </object_component>
      <object_component id="oc-325">
         <name>.text:GPIOIntClear</name>
         <load_address>0x4b24</load_address>
         <run_address>0x4b24</run_address>
         <size>0x6</size>
         <input_file_ref idref="fl-f4"/>
      </object_component>
      <object_component id="oc-32b">
         <name>.text:GPIOPinRead</name>
         <load_address>0x4b2a</load_address>
         <run_address>0x4b2a</run_address>
         <size>0x6</size>
         <input_file_ref idref="fl-f4"/>
      </object_component>
      <object_component id="oc-236">
         <name>.text:GPIOPinWrite</name>
         <load_address>0x4b30</load_address>
         <run_address>0x4b30</run_address>
         <size>0x6</size>
         <input_file_ref idref="fl-f4"/>
      </object_component>
      <object_component id="oc-27">
         <name>.text:ResetISR</name>
         <load_address>0x4b36</load_address>
         <run_address>0x4b36</run_address>
         <size>0x6</size>
         <input_file_ref idref="fl-9"/>
      </object_component>
      <object_component id="oc-344">
         <name>.text:SysCtlDelay</name>
         <load_address>0x4b3c</load_address>
         <run_address>0x4b3c</run_address>
         <size>0x6</size>
         <input_file_ref idref="fl-f8"/>
      </object_component>
      <object_component id="oc-1ed">
         <name>.text:TimerClockSourceSet</name>
         <load_address>0x4b42</load_address>
         <run_address>0x4b42</run_address>
         <size>0x6</size>
         <input_file_ref idref="fl-f9"/>
      </object_component>
      <object_component id="oc-24f">
         <name>.text:lcd_cmd</name>
         <load_address>0x4b48</load_address>
         <run_address>0x4b48</run_address>
         <size>0x6</size>
         <input_file_ref idref="fl-5"/>
      </object_component>
      <object_component id="oc-4c6">
         <name>.text:vListInitialiseItem</name>
         <load_address>0x4b4e</load_address>
         <run_address>0x4b4e</run_address>
         <size>0x6</size>
         <input_file_ref idref="fl-d"/>
      </object_component>
      <object_component id="oc-512">
         <name>.text:I2CMasterControl</name>
         <load_address>0x4b54</load_address>
         <run_address>0x4b54</run_address>
         <size>0x4</size>
         <input_file_ref idref="fl-f5"/>
      </object_component>
      <object_component id="oc-666">
         <name>.text:I2CMasterDataGet</name>
         <load_address>0x4b58</load_address>
         <run_address>0x4b58</run_address>
         <size>0x4</size>
         <input_file_ref idref="fl-f5"/>
      </object_component>
      <object_component id="oc-50c">
         <name>.text:I2CMasterDataPut</name>
         <load_address>0x4b5c</load_address>
         <run_address>0x4b5c</run_address>
         <size>0x4</size>
         <input_file_ref idref="fl-f5"/>
      </object_component>
      <object_component id="oc-c9">
         <name>.text:_system_pre_init</name>
         <load_address>0x4b60</load_address>
         <run_address>0x4b60</run_address>
         <size>0x4</size>
         <input_file_ref idref="fl-e3"/>
      </object_component>
      <object_component id="oc-16b">
         <name>.text:abort:abort</name>
         <load_address>0x4b64</load_address>
         <run_address>0x4b64</run_address>
         <size>0x4</size>
         <input_file_ref idref="fl-e5"/>
      </object_component>
      <object_component id="oc-739">
         <name>.const:.string:_ctypes_</name>
         <load_address>0x4b68</load_address>
         <run_address>0x4b68</run_address>
         <size>0x101</size>
         <input_file_ref idref="fl-ea"/>
      </object_component>
      <object_component id="oc-4a9">
         <name>.const:g_ppui32GPIOIntMapSnowflake</name>
         <load_address>0x4c6c</load_address>
         <run_address>0x4c6c</run_address>
         <size>0xd8</size>
         <input_file_ref idref="fl-f4"/>
      </object_component>
      <object_component id="oc-4a6">
         <name>.const:g_ppui32GPIOIntMapBlizzard</name>
         <load_address>0x4d44</load_address>
         <run_address>0x4d44</run_address>
         <size>0xc0</size>
         <input_file_ref idref="fl-f4"/>
      </object_component>
      <object_component id="oc-348">
         <name>.const:g_pui32GPIOBaseAddrs</name>
         <load_address>0x4e04</load_address>
         <run_address>0x4e04</run_address>
         <size>0x90</size>
         <input_file_ref idref="fl-f4"/>
      </object_component>
      <object_component id="oc-49e">
         <name>.const</name>
         <load_address>0x4e94</load_address>
         <run_address>0x4e94</run_address>
         <size>0x70</size>
         <input_file_ref idref="fl-f6"/>
      </object_component>
      <object_component id="oc-4b7">
         <name>.const:g_pui32Xtals</name>
         <load_address>0x4f04</load_address>
         <run_address>0x4f04</run_address>
         <size>0x6c</size>
         <input_file_ref idref="fl-f8"/>
      </object_component>
      <object_component id="oc-492">
         <name>.const:g_ppui32TimerIntMap</name>
         <load_address>0x4f70</load_address>
         <run_address>0x4f70</run_address>
         <size>0x60</size>
         <input_file_ref idref="fl-f9"/>
      </object_component>
      <object_component id="oc-495">
         <name>.const:g_ppui32TimerIntMapSnowflake</name>
         <load_address>0x4fd0</load_address>
         <run_address>0x4fd0</run_address>
         <size>0x40</size>
         <input_file_ref idref="fl-f9"/>
      </object_component>
      <object_component id="oc-68e">
         <name>.const:$P$T0$1</name>
         <load_address>0x5010</load_address>
         <run_address>0x5010</run_address>
         <size>0x20</size>
         <input_file_ref idref="fl-7"/>
      </object_component>
      <object_component id="oc-5a9">
         <name>.const:$P$T1$2</name>
         <load_address>0x5030</load_address>
         <run_address>0x5030</run_address>
         <size>0x20</size>
         <input_file_ref idref="fl-7"/>
      </object_component>
      <object_component id="oc-585">
         <name>.const</name>
         <load_address>0x5050</load_address>
         <run_address>0x5050</run_address>
         <size>0x20</size>
         <input_file_ref idref="fl-f3"/>
      </object_component>
      <object_component id="oc-695">
         <name>.const:$P$T2$3</name>
         <load_address>0x5070</load_address>
         <run_address>0x5070</run_address>
         <size>0x18</size>
         <input_file_ref idref="fl-7"/>
      </object_component>
      <object_component id="oc-698">
         <name>.const:$P$T3$4</name>
         <load_address>0x5088</load_address>
         <run_address>0x5088</run_address>
         <size>0x18</size>
         <input_file_ref idref="fl-7"/>
      </object_component>
      <object_component id="oc-5b9">
         <name>.const:$P$T4$5</name>
         <load_address>0x50a0</load_address>
         <run_address>0x50a0</run_address>
         <size>0x18</size>
         <input_file_ref idref="fl-7"/>
      </object_component>
      <object_component id="oc-5bc">
         <name>.const:$P$T5$6</name>
         <load_address>0x50b8</load_address>
         <run_address>0x50b8</run_address>
         <size>0x18</size>
         <input_file_ref idref="fl-7"/>
      </object_component>
      <object_component id="oc-3f8">
         <name>.const:keypad</name>
         <load_address>0x50d0</load_address>
         <run_address>0x50d0</run_address>
         <size>0x10</size>
         <input_file_ref idref="fl-4"/>
      </object_component>
      <object_component id="oc-6ba">
         <name>.const:$P$T6$7</name>
         <load_address>0x50e0</load_address>
         <run_address>0x50e0</run_address>
         <size>0xc</size>
         <input_file_ref idref="fl-7"/>
      </object_component>
      <object_component id="oc-6be">
         <name>.const:$P$T7$8</name>
         <load_address>0x50ec</load_address>
         <run_address>0x50ec</run_address>
         <size>0xc</size>
         <input_file_ref idref="fl-7"/>
      </object_component>
      <object_component id="oc-91">
         <name>.const</name>
         <load_address>0x50f8</load_address>
         <run_address>0x50f8</run_address>
         <size>0x4</size>
         <input_file_ref idref="fl-10"/>
      </object_component>
      <object_component id="oc-82f">
         <name>.cinit..data.load</name>
         <load_address>0x5100</load_address>
         <run_address>0x5100</run_address>
         <size>0x14</size>
      </object_component>
      <object_component id="oc-82c">
         <name>__TI_handler_table</name>
         <load_address>0x5114</load_address>
         <run_address>0x5114</run_address>
         <size>0xc</size>
      </object_component>
      <object_component id="oc-830">
         <name>.cinit..bss.load</name>
         <load_address>0x5120</load_address>
         <run_address>0x5120</run_address>
         <size>0x8</size>
      </object_component>
      <object_component id="oc-82e">
         <name>.cinit..vtable.load</name>
         <load_address>0x5128</load_address>
         <run_address>0x5128</run_address>
         <size>0x8</size>
      </object_component>
      <object_component id="oc-82d">
         <name>__TI_cinit_table</name>
         <load_address>0x5130</load_address>
         <run_address>0x5130</run_address>
         <size>0x18</size>
      </object_component>
      <object_component id="oc-499">
         <name>.vtable</name>
         <uninitialized>true</uninitialized>
         <run_address>0x20000000</run_address>
         <size>0x26c</size>
         <input_file_ref idref="fl-f6"/>
      </object_component>
      <object_component id="oc-338">
         <name>.data</name>
         <load_address>0x20007bc8</load_address>
         <run_address>0x20007bc8</run_address>
         <size>0x8</size>
         <input_file_ref idref="fl-4"/>
      </object_component>
      <object_component id="oc-5da">
         <name>.data</name>
         <load_address>0x20007bd8</load_address>
         <run_address>0x20007bd8</run_address>
         <size>0x2</size>
         <input_file_ref idref="fl-a"/>
      </object_component>
      <object_component id="oc-8e">
         <name>.data</name>
         <load_address>0x20007b90</load_address>
         <run_address>0x20007b90</run_address>
         <size>0x30</size>
         <input_file_ref idref="fl-f"/>
      </object_component>
      <object_component id="oc-45d">
         <name>.data</name>
         <load_address>0x20007bd0</load_address>
         <run_address>0x20007bd0</run_address>
         <size>0x4</size>
         <input_file_ref idref="fl-10"/>
      </object_component>
      <object_component id="oc-54f">
         <name>.data</name>
         <load_address>0x20007bc0</load_address>
         <run_address>0x20007bc0</run_address>
         <size>0x8</size>
         <input_file_ref idref="fl-12"/>
      </object_component>
      <object_component id="oc-7a0">
         <name>.data</name>
         <load_address>0x20007bd4</load_address>
         <run_address>0x20007bd4</run_address>
         <size>0x4</size>
         <input_file_ref idref="fl-ee"/>
      </object_component>
      <object_component id="oc-337">
         <name>.bss</name>
         <uninitialized>true</uninitialized>
         <run_address>0x20007974</run_address>
         <size>0x4</size>
         <input_file_ref idref="fl-4"/>
      </object_component>
      <object_component id="oc-f2">
         <name>.bss:pxReadyTasksLists</name>
         <uninitialized>true</uninitialized>
         <run_address>0x2000779c</run_address>
         <size>0x140</size>
         <input_file_ref idref="fl-f"/>
      </object_component>
      <object_component id="oc-4db">
         <name>.bss:xDelayedTaskList1</name>
         <uninitialized>true</uninitialized>
         <run_address>0x200078dc</run_address>
         <size>0x14</size>
         <input_file_ref idref="fl-f"/>
      </object_component>
      <object_component id="oc-4de">
         <name>.bss:xDelayedTaskList2</name>
         <uninitialized>true</uninitialized>
         <run_address>0x200078f0</run_address>
         <size>0x14</size>
         <input_file_ref idref="fl-f"/>
      </object_component>
      <object_component id="oc-108">
         <name>.bss</name>
         <uninitialized>true</uninitialized>
         <run_address>0x20007954</run_address>
         <size>0x8</size>
         <input_file_ref idref="fl-f"/>
      </object_component>
      <object_component id="oc-4e1">
         <name>.bss:xPendingReadyList</name>
         <uninitialized>true</uninitialized>
         <run_address>0x20007904</run_address>
         <size>0x14</size>
         <input_file_ref idref="fl-f"/>
      </object_component>
      <object_component id="oc-4e4">
         <name>.bss:xTasksWaitingTermination</name>
         <uninitialized>true</uninitialized>
         <run_address>0x2000792c</run_address>
         <size>0x14</size>
         <input_file_ref idref="fl-f"/>
      </object_component>
      <object_component id="oc-4e7">
         <name>.bss:xSuspendedTaskList</name>
         <uninitialized>true</uninitialized>
         <run_address>0x20007918</run_address>
         <size>0x14</size>
         <input_file_ref idref="fl-f"/>
      </object_component>
      <object_component id="oc-66e">
         <name>.bss:ucHeap</name>
         <uninitialized>true</uninitialized>
         <run_address>0x2000026c</run_address>
         <size>0x7530</size>
         <input_file_ref idref="fl-12"/>
      </object_component>
      <object_component id="oc-552">
         <name>.bss:xStart</name>
         <uninitialized>true</uninitialized>
         <run_address>0x20007964</run_address>
         <size>0x8</size>
         <input_file_ref idref="fl-12"/>
      </object_component>
      <object_component id="oc-555">
         <name>.bss:xEnd</name>
         <uninitialized>true</uninitialized>
         <run_address>0x2000795c</run_address>
         <size>0x8</size>
         <input_file_ref idref="fl-12"/>
      </object_component>
      <object_component id="oc-454">
         <name>.common:msgQueue</name>
         <uninitialized>true</uninitialized>
         <run_address>0x20007988</run_address>
         <size>0x4</size>
      </object_component>
      <object_component id="oc-455">
         <name>.common:message</name>
         <uninitialized>true</uninitialized>
         <run_address>0x2000796c</run_address>
         <size>0x8</size>
      </object_component>
      <object_component id="oc-28d">
         <name>.common:keypadSemaphore</name>
         <uninitialized>true</uninitialized>
         <run_address>0x20007980</run_address>
         <size>0x4</size>
      </object_component>
      <object_component id="oc-28a">
         <name>.common:keypadQueue</name>
         <uninitialized>true</uninitialized>
         <run_address>0x2000797c</run_address>
         <size>0x4</size>
      </object_component>
[...]
         <value>0x1f4d</value>
         <object_component_ref idref="oc-9b"/>
      </symbol>
      <symbol id="sm-665">
         <name>vTaskSwitchContext</name>
         <value>0x2cc1</value>
         <object_component_ref idref="oc-94"/>
      </symbol>
      <symbol id="sm-666">
         <name>xTaskRemoveFromEventList</name>
         <value>0x30c1</value>
         <object_component_ref idref="oc-3dd"/>
      </symbol>
      <symbol id="sm-6c0">
         <name>ulMaxSyscallInterruptPriority</name>
         <value>0x50f8</value>
         <object_component_ref idref="oc-91"/>
      </symbol>
      <symbol id="sm-6c1">
         <name>vPortSetupTimerInterrupt</name>
         <value>0x4931</value>
         <object_component_ref idref="oc-457"/>
      </symbol>
      <symbol id="sm-6c2">
         <name>xPortSysTickHandler</name>
         <value>0x4525</value>
         <object_component_ref idref="oc-44"/>
      </symbol>
      <symbol id="sm-6c3">
         <name>pxPortInitialiseStack</name>
         <value>0x45f5</value>
         <object_component_ref idref="oc-35b"/>
      </symbol>
      <symbol id="sm-6c4">
         <name>vPortExitCritical</name>
         <value>0x4899</value>
         <object_component_ref idref="oc-36d"/>
      </symbol>
      <symbol id="sm-6c5">
         <name>xPortStartScheduler</name>
         <value>0x4139</value>
         <object_component_ref idref="oc-2a3"/>
      </symbol>
      <symbol id="sm-6c6">
         <name>vPortEnterCritical</name>
         <value>0x4741</value>
         <object_component_ref idref="oc-361"/>
      </symbol>
      <symbol id="sm-6d5">
         <name>vPortStartFirstTask</name>
         <value>0x2675</value>
         <object_component_ref idref="oc-3f"/>
      </symbol>
      <symbol id="sm-6d6">
         <name>ulPortGetIPSR</name>
         <value>0x25dd</value>
         <object_component_ref idref="oc-3f"/>
      </symbol>
      <symbol id="sm-6d7">
         <name>vPortEnableVFP</name>
         <value>0x2691</value>
         <object_component_ref idref="oc-3f"/>
      </symbol>
      <symbol id="sm-6d8">
         <name>xPortPendSVHandler</name>
         <value>0x25f5</value>
         <object_component_ref idref="oc-3f"/>
      </symbol>
      <symbol id="sm-6d9">
         <name>vPortSVCHandler</name>
         <value>0x2655</value>
         <object_component_ref idref="oc-3f"/>
      </symbol>
      <symbol id="sm-72e">
         <name>pvPortMalloc</name>
         <value>0x2a51</value>
         <object_component_ref idref="oc-39e"/>
      </symbol>
      <symbol id="sm-72f">
         <name>vPortFree</name>
         <value>0x4075</value>
         <object_component_ref idref="oc-4bf"/>
      </symbol>
      <symbol id="sm-758">
         <name>sprintf</name>
         <value>0x40f9</value>
         <object_component_ref idref="oc-5c1"/>
      </symbol>
      <symbol id="sm-763">
         <name>__aeabi_f2d</name>
         <value>0x4389</value>
         <object_component_ref idref="oc-6c2"/>
      </symbol>
      <symbol id="sm-77f">
         <name>memcpy</name>
         <value>0x2afd</value>
         <object_component_ref idref="oc-58"/>
      </symbol>
      <symbol id="sm-780">
         <name>__aeabi_memcpy</name>
         <value>0x2afd</value>
         <object_component_ref idref="oc-58"/>
      </symbol>
      <symbol id="sm-781">
         <name>__aeabi_memcpy8</name>
         <value>0x2afd</value>
         <object_component_ref idref="oc-58"/>
      </symbol>
      <symbol id="sm-782">
         <name>__aeabi_memcpy4</name>
         <value>0x2afd</value>
         <object_component_ref idref="oc-58"/>
      </symbol>
      <symbol id="sm-791">
         <name>__aeabi_memset</name>
         <value>0x2edf</value>
         <object_component_ref idref="oc-c3"/>
      </symbol>
      <symbol id="sm-792">
         <name>memset</name>
         <value>0x2ee5</value>
         <object_component_ref idref="oc-c3"/>
      </symbol>
      <symbol id="sm-793">
         <name>__aeabi_memset8</name>
         <value>0x2edf</value>
         <object_component_ref idref="oc-c3"/>
      </symbol>
      <symbol id="sm-794">
         <name>__aeabi_memset4</name>
         <value>0x2edf</value>
         <object_component_ref idref="oc-c3"/>
      </symbol>
      <symbol id="sm-795">
         <name>__aeabi_memclr8</name>
         <value>0x2edd</value>
         <object_component_ref idref="oc-c3"/>
      </symbol>
      <symbol id="sm-796">
         <name>__aeabi_memclr4</name>
         <value>0x2edd</value>
         <object_component_ref idref="oc-c3"/>
      </symbol>
      <symbol id="sm-797">
         <name>__aeabi_memclr</name>
         <value>0x2edd</value>
         <object_component_ref idref="oc-c3"/>
      </symbol>
      <symbol id="sm-7af">
         <name>__TI_zero_init</name>
         <value>0x4aab</value>
         <object_component_ref idref="oc-6a"/>
      </symbol>
      <symbol id="sm-7c6">
         <name>__TI_decompress_none</name>
         <value>0x4a85</value>
         <object_component_ref idref="oc-1b"/>
      </symbol>
      <symbol id="sm-7e9">
         <name>__TI_decompress_lzss</name>
         <value>0x32e9</value>
         <object_component_ref idref="oc-15"/>
      </symbol>
      <symbol id="sm-7fc">
         <name>__stack</name>
         <value>0x20007990</value>
         <object_component_ref idref="oc-24"/>
      </symbol>
      <symbol id="sm-7fd">
         <name>_c_int00_noargs</name>
         <value>0x4461</value>
         <object_component_ref idref="oc-76"/>
      </symbol>
      <symbol id="sm-962">
         <name>__TI_printfi</name>
         <value>0x26d</value>
         <object_component_ref idref="oc-6a1"/>
      </symbol>
      <symbol id="sm-96c">
         <name>__aeabi_idiv0</name>
         <value>0x18c7</value>
         <object_component_ref idref="oc-7bd"/>
      </symbol>
      <symbol id="sm-96d">
         <name>__aeabi_ldiv0</name>
         <value>0x18c7</value>
         <object_component_ref idref="oc-7bd"/>
      </symbol>
      <symbol id="sm-984">
         <name>__aeabi_dsub</name>
         <value>0x10fd</value>
         <object_component_ref idref="oc-764"/>
      </symbol>
      <symbol id="sm-985">
         <name>__aeabi_dadd</name>
         <value>0x1107</value>
         <object_component_ref idref="oc-764"/>
      </symbol>
      <symbol id="sm-9a7">
         <name>__aeabi_cdcmpeq</name>
         <value>0x2d4d</value>
         <object_component_ref idref="oc-6f3"/>
      </symbol>
      <symbol id="sm-9a8">
         <name>__aeabi_cdcmple</name>
         <value>0x2d4d</value>
         <object_component_ref idref="oc-6f3"/>
      </symbol>
      <symbol id="sm-9a9">
         <name>__aeabi_cdrcmple</name>
         <value>0x2dd3</value>
         <object_component_ref idref="oc-74f"/>
      </symbol>
      <symbol id="sm-9bd">
         <name>__aeabi_ddiv</name>
         <value>0x1529</value>
         <object_component_ref idref="oc-74a"/>
      </symbol>
      <symbol id="sm-9c8">
         <name>__aeabi_dmul</name>
         <value>0x2151</value>
         <object_component_ref idref="oc-745"/>
      </symbol>
      <symbol id="sm-9d2">
         <name>__aeabi_d2iz</name>
         <value>0x3ed1</value>
         <object_component_ref idref="oc-754"/>
      </symbol>
      <symbol id="sm-9dc">
         <name>__aeabi_i2d</name>
         <value>0x44f5</value>
         <object_component_ref idref="oc-75f"/>
      </symbol>
      <symbol id="sm-9e9">
         <name>__aeabi_uldivmod</name>
         <value>0x2b99</value>
         <object_component_ref idref="oc-73e"/>
      </symbol>
      <symbol id="sm-a11">
         <name>__TI_auto_init_nobinit_nopinit</name>
         <value>0x3fed</value>
         <object_component_ref idref="oc-177"/>
      </symbol>
      <symbol id="sm-a1b">
         <name>_system_pre_init</name>
         <value>0x4b61</value>
         <object_component_ref idref="oc-c9"/>
      </symbol>
      <symbol id="sm-a27">
         <name>C$$EXIT</name>
         <value>0x4b65</value>
         <object_component_ref idref="oc-16b"/>
      </symbol>
      <symbol id="sm-a28">
         <name>abort</name>
         <value>0x4b65</value>
         <object_component_ref idref="oc-16b"/>
      </symbol>
      <symbol id="sm-a38">
         <name>__TI_ltoa</name>
         <value>0x3a7d</value>
         <object_component_ref idref="oc-759"/>
      </symbol>
      <symbol id="sm-a4f">
         <name>atoi</name>
         <value>0x3df1</value>
         <object_component_ref idref="oc-6e7"/>
      </symbol>
      <symbol id="sm-a5a">
         <name>_ctypes_</name>
         <value>0x4b68</value>
         <object_component_ref idref="oc-739"/>
      </symbol>
      <symbol id="sm-a6a">
         <name>memccpy</name>
         <value>0x4707</value>
         <object_component_ref idref="oc-710"/>
      </symbol>
      <symbol id="sm-a7a">
         <name>strchr</name>
         <value>0x48c9</value>
         <object_component_ref idref="oc-790"/>
      </symbol>
      <symbol id="sm-a88">
         <name>strlen</name>
         <value>0x491d</value>
         <object_component_ref idref="oc-6e1"/>
      </symbol>
      <symbol id="sm-a9e">
         <name>__aeabi_errno_addr</name>
         <value>0x4b15</value>
         <object_component_ref idref="oc-71c"/>
      </symbol>
      <symbol id="sm-a9f">
         <name>errno</name>
         <value>0x20007bd4</value>
         <object_component_ref idref="oc-7a0"/>
      </symbol>
      <symbol id="sm-ab8">
         <name>wcslen</name>
         <value>0x49e7</value>
         <object_component_ref idref="oc-716"/>
      </symbol>
      <symbol id="sm-ad8">
         <name>frexpl</name>
         <value>0x33b5</value>
         <object_component_ref idref="oc-784"/>
      </symbol>
      <symbol id="sm-ad9">
         <name>frexp</name>
         <value>0x33b5</value>
         <object_component_ref idref="oc-784"/>
      </symbol>
      <symbol id="sm-af6">
         <name>scalbn</name>
         <value>0x1d31</value>
         <object_component_ref idref="oc-78a"/>
      </symbol>
      <symbol id="sm-af7">
         <name>scalbnl</name>
         <value>0x1d31</value>
         <object_component_ref idref="oc-78a"/>
      </symbol>
      <symbol id="sm-af8">
         <name>ldexpl</name>
         <value>0x1d31</value>
         <object_component_ref idref="oc-78a"/>
      </symbol>
      <symbol id="sm-af9">
         <name>ldexp</name>
         <value>0x1d31</value>
         <object_component_ref idref="oc-78a"/>
      </symbol>
      <symbol id="sm-b03">
         <name>copysign</name>
         <value>0x475d</value>
         <object_component_ref idref="oc-7d6"/>
      </symbol>
      <symbol id="sm-b04">
         <name>copysignl</name>
         <value>0x475d</value>
         <object_component_ref idref="oc-7d6"/>
      </symbol>
      <symbol id="sm-b7a">
         <name>CANIntRegister</name>
         <value>0x4791</value>
         <object_component_ref idref="oc-40e"/>
      </symbol>
      <symbol id="sm-b7b">
         <name>CANBitRateSet</name>
         <value>0x3215</value>
         <object_component_ref idref="oc-408"/>
      </symbol>
      <symbol id="sm-b7c">
         <name>CANEnable</name>
         <value>0x4ad1</value>
         <object_component_ref idref="oc-414"/>
      </symbol>
      <symbol id="sm-b7d">
         <name>CANStatusGet</name>
         <value>0x40b9</value>
         <object_component_ref idref="oc-5ea"/>
      </symbol>
      <symbol id="sm-b7e">
         <name>CANIntClear</name>
         <value>0x4643</value>
         <object_component_ref idref="oc-5e4"/>
      </symbol>
      <symbol id="sm-b7f">
         <name>CANIntStatus</name>
         <value>0x4687</value>
         <object_component_ref idref="oc-5de"/>
      </symbol>
      <symbol id="sm-b80">
         <name>CANInit</name>
         <value>0x426d</value>
         <object_component_ref idref="oc-402"/>
      </symbol>
      <symbol id="sm-c31">
         <name>GPIOPinTypePWM</name>
         <value>0x498d</value>
         <object_component_ref idref="oc-264"/>
      </symbol>
      <symbol id="sm-c32">
         <name>GPIOIntRegister</name>
         <value>0x47a9</value>
         <object_component_ref idref="oc-218"/>
      </symbol>
      <symbol id="sm-c33">
         <name>GPIOPinConfigure</name>
         <value>0x3e89</value>
         <object_component_ref idref="oc-25e"/>
      </symbol>
      <symbol id="sm-c34">
         <name>GPIOPinTypeI2CSCL</name>
         <value>0x497b</value>
         <object_component_ref idref="oc-4f3"/>
      </symbol>
      <symbol id="sm-c35">
         <name>GPIOIntEnable</name>
         <value>0x4a93</value>
         <object_component_ref idref="oc-21e"/>
      </symbol>
      <symbol id="sm-c36">
         <name>GPIOPinTypeI2C</name>
         <value>0x4969</value>
         <object_component_ref idref="oc-4f9"/>
      </symbol>
      <symbol id="sm-c37">
         <name>GPIOIntTypeSet</name>
         <value>0x38d1</value>
         <object_component_ref idref="oc-212"/>
      </symbol>
      <symbol id="sm-c38">
         <name>GPIOPinTypeGPIOInput</name>
         <value>0x4957</value>
         <object_component_ref idref="oc-230"/>
      </symbol>
      <symbol id="sm-c39">
         <name>GPIOIntClear</name>
         <value>0x4b25</value>
         <object_component_ref idref="oc-325"/>
      </symbol>
      <symbol id="sm-c3a">
         <name>GPIOIntStatus</name>
         <value>0x4a69</value>
         <object_component_ref idref="oc-31f"/>
      </symbol>
      <symbol id="sm-c3b">
         <name>GPIOPinTypeGPIOOutput</name>
         <value>0x47c1</value>
         <object_component_ref idref="oc-22a"/>
      </symbol>
      <symbol id="sm-c3c">
         <name>GPIOPinRead</name>
         <value>0x4b2b</value>
         <object_component_ref idref="oc-32b"/>
      </symbol>
      <symbol id="sm-c3d">
         <name>GPIODirModeSet</name>
         <value>0x4551</value>
         <object_component_ref idref="oc-316"/>
      </symbol>
      <symbol id="sm-c3e">
         <name>GPIOPinWrite</name>
         <value>0x4b31</value>
         <object_component_ref idref="oc-236"/>
      </symbol>
      <symbol id="sm-c3f">
         <name>GPIOPadConfigSet</name>
         <value>0x1795</value>
         <object_component_ref idref="oc-310"/>
      </symbol>
      <symbol id="sm-c40">
         <name>GPIOPinTypeCAN</name>
         <value>0x4945</value>
         <object_component_ref idref="oc-3fc"/>
      </symbol>
      <symbol id="sm-c81">
         <name>I2CMasterDataPut</name>
         <value>0x4b5d</value>
         <object_component_ref idref="oc-50c"/>
      </symbol>
      <symbol id="sm-c82">
         <name>I2CMasterInitExpClk</name>
         <value>0x3d0d</value>
         <object_component_ref idref="oc-4ff"/>
      </symbol>
      <symbol id="sm-c83">
         <name>I2CMasterSlaveAddrSet</name>
         <value>0x4b0b</value>
         <object_component_ref idref="oc-506"/>
      </symbol>
      <symbol id="sm-c84">
         <name>I2CMasterDataGet</name>
         <value>0x4b59</value>
         <object_component_ref idref="oc-666"/>
      </symbol>
      <symbol id="sm-c85">
         <name>I2CMasterControl</name>
         <value>0x4b55</value>
         <object_component_ref idref="oc-512"/>
      </symbol>
      <symbol id="sm-c86">
         <name>I2CMasterBusy</name>
         <value>0x4b03</value>
         <object_component_ref idref="oc-518"/>
      </symbol>
      <symbol id="sm-c87">
         <name>I2CMasterEnable</name>
         <value>0x4adb</value>
         <object_component_ref idref="oc-654"/>
      </symbol>
      <symbol id="sm-cc0">
         <name>IntEnable</name>
         <value>0x3281</value>
         <object_component_ref idref="oc-2f0"/>
      </symbol>
      <symbol id="sm-cc1">
         <name>IntRegister</name>
         <value>0x43f9</value>
         <object_component_ref idref="oc-2ea"/>
      </symbol>
      <symbol id="sm-cc2">
         <name>g_pfnRAMVectors</name>
         <value>0x20000000</value>
         <object_component_ref idref="oc-499"/>
      </symbol>
      <symbol id="sm-cf7">
         <name>PWMGenPeriodSet</name>
         <value>0x49f9</value>
         <object_component_ref idref="oc-5ff"/>
      </symbol>
      <symbol id="sm-cf8">
         <name>PWMPulseWidthSet</name>
         <value>0x46e9</value>
         <object_component_ref idref="oc-60b"/>
      </symbol>
      <symbol id="sm-cf9">
         <name>PWMGenPeriodGet</name>
         <value>0x499f</value>
         <object_component_ref idref="oc-605"/>
      </symbol>
      <symbol id="sm-cfa">
         <name>PWMOutputState</name>
         <value>0x49b1</value>
         <object_component_ref idref="oc-5f8"/>
      </symbol>
      <symbol id="sm-cfb">
         <name>PWMGenEnable</name>
         <value>0x4a9f</value>
         <object_component_ref idref="oc-611"/>
      </symbol>
      <symbol id="sm-cfc">
         <name>PWMGenConfigure</name>
         <value>0x4665</value>
         <object_component_ref idref="oc-26a"/>
      </symbol>
      <symbol id="sm-d4f">
         <name>SysCtlDelay</name>
         <value>0x4b3d</value>
         <object_component_ref idref="oc-344"/>
      </symbol>
      <symbol id="sm-d50">
         <name>SysCtlPeripheralEnable</name>
         <value>0x442d</value>
         <object_component_ref idref="oc-1e7"/>
      </symbol>
      <symbol id="sm-d51">
         <name>SysCtlClockGet</name>
         <value>0x1c21</value>
         <object_component_ref idref="oc-33e"/>
      </symbol>
      <symbol id="sm-d52">
         <name>SysCtlPeripheralReady</name>
         <value>0x4319</value>
         <object_component_ref idref="oc-224"/>
      </symbol>
      <symbol id="sm-d53">
         <name>SysCtlPeripheralReset</name>
         <value>0x3c1d</value>
         <object_component_ref idref="oc-4ed"/>
      </symbol>
      <symbol id="sm-db8">
         <name>TimerDisable</name>
         <value>0x47d9</value>
         <object_component_ref idref="oc-2f8"/>
      </symbol>
      <symbol id="sm-db9">
         <name>TimerIntRegister</name>
         <value>0x47f1</value>
         <object_component_ref idref="oc-1ff"/>
      </symbol>
      <symbol id="sm-dba">
         <name>TimerEnable</name>
         <value>0x4a77</value>
         <object_component_ref idref="oc-205"/>
      </symbol>
      <symbol id="sm-dbb">
         <name>TimerIntDisable</name>
         <value>0x4ae5</value>
         <object_component_ref idref="oc-2fe"/>
      </symbol>
      <symbol id="sm-dbc">
         <name>TimerPrescaleSet</name>
         <value>0x49c3</value>
         <object_component_ref idref="oc-1f9"/>
      </symbol>
      <symbol id="sm-dbd">
         <name>TimerClockSourceSet</name>
         <value>0x4b43</value>
         <object_component_ref idref="oc-1ed"/>
      </symbol>
      <symbol id="sm-dbe">
         <name>TimerConfigure</name>
         <value>0x34e1</value>
         <object_component_ref idref="oc-1f3"/>
      </symbol>
      <symbol id="sm-dc0">
         <name>__TI_static_base__</name>
         <value>0x0</value>
      </symbol>
      <symbol id="sm-dc3">
         <name>__mpu_init</name>
         <value>0x0</value>
      </symbol>
      <symbol id="sm-dc4">
         <name>_system_post_cinit</name>
         <value>0x0</value>
      </symbol>
   </symbol_table>
   <title>Link successful</title>
</link_info>
