******************************************************************************
                  TI ARM Linker PC v20.2.7                     
******************************************************************************
>> Linked Wed Dec 28 19:22:39 2022

OUTPUT FILE NAME:   <ECM.out>
ENTRY POINT SYMBOL: "_c_int00_noargs"  address: 00000cd5


MEMORY CONFIGURATION

         name            origin    length      used     unused   attr    fill
----------------------  --------  ---------  --------  --------  ----  --------
  FLASH                 00000000   00040000  000012ac  0003ed54  R  X
  SRAM                  20000000   00008000  0000046d  00007b93  RW X


SEGMENT ALLOCATION MAP

run origin  load origin   length   init length attrs members
----------  ----------- ---------- ----------- ----- -------
00000000    00000000    000012b0   000012b0    r-x
  00000000    00000000    0000026c   0000026c    r-- .intvecs
  0000026c    0000026c    00000cd8   00000cd8    r-x .text
  00000f44    00000f44    00000338   00000338    r-- .const
  00001280    00001280    00000030   00000030    r-- .cinit
20000000    20000000    00000470   00000000    rw-
  20000000    20000000    0000026c   00000000    rw- .vtable
  2000026c    2000026c    00000001   00000000    rw- .data
  20000270    20000270    00000200   00000000    rw- .stack


SECTION ALLOCATION MAP

 output                                  attributes/
section   page    origin      length       input sections
--------  ----  ----------  ----------   ----------------
.intvecs   0    00000000    0000026c     
                  00000000    0000026c     startup_ccs.obj (.intvecs)

.text      0    0000026c    00000cd8     
                  0000026c    0000016c     driverlib.lib : gpio.obj (.text:GPIOPadConfigSet)
                  000003d8    00000118                   : sysctl.obj (.text:SysCtlClockGet)
                  000004f0    000000ac     EngineControl.obj (.text:menu)
                  0000059c    000000a8     EngineControl.obj (.text:date_setup)
                  00000644    000000a4     EngineControl.obj (.text:time_setup)
                  000006e8    0000009c     EngineControl.obj (.text:pinConfiguration)
                  00000784    0000009c     rtsv7M4_T_le_v4SPD16_eabi.lib : memcpy_t2.asm.obj (.text)
                  00000820    00000090     EngineControl.obj (.text:keypadHandler)
                  000008b0    00000068     driverlib.lib : interrupt.obj (.text:IntEnable)
                  00000918    00000068     rtsv7M4_T_le_v4SPD16_eabi.lib : copy_decompress_lzss.c.obj (.text:decompress:lzss:__TI_decompress_lzss)
                  00000980    00000060     driverlib.lib : timer.obj (.text:TimerConfigure)
                  000009e0    0000005a     lcd.obj (.text:lcd_init)
                  00000a3a    00000058     driverlib.lib : gpio.obj (.text:GPIOIntTypeSet)
                  00000a92    00000002     startup_ccs.obj (.text:FaultISR)
                  00000a94    0000004c     driverlib.lib : timer.obj (.text:_TimerIntNumberGet)
                  00000ae0    0000004c     lcd.obj (.text:send_to_lcd)
                  00000b2c    00000048     EngineControl.obj (.text:timerConfiguration)
                  00000b74    00000044     driverlib.lib : gpio.obj (.text:_GPIOIntNumberGet)
                  00000bb8    00000044     rtsv7M4_T_le_v4SPD16_eabi.lib : autoinit.c.obj (.text:__TI_auto_init_nobinit_nopinit:__TI_auto_init_nobinit_nopinit)
                  00000bfc    00000038     driverlib.lib : sysctl.obj (.text:SysCtlPeripheralReady)
                  00000c34    00000038     EngineControl.obj (.text:getRow)
                  00000c6c    00000034     driverlib.lib : interrupt.obj (.text:IntRegister)
                  00000ca0    00000034                   : sysctl.obj (.text:SysCtlPeripheralEnable)
                  00000cd4    00000034     rtsv7M4_T_le_v4SPD16_eabi.lib : boot_cortex_m.c.obj (.text:_c_int00_noargs:_c_int00_noargs)
                  00000d08    0000002c     driverlib.lib : gpio.obj (.text:GPIODirModeSet)
                  00000d34    0000002a     EngineControl.obj (.text:main)
                  00000d5e    00000028     EngineControl.obj (.text:bitsToIndex)
                  00000d86    00000002     startup_ccs.obj (.text:IntDefaultHandler)
                  00000d88    0000001c     EngineControl.obj (.text:DebounceHandler)
                  00000da4    0000001c     rtsv7M4_T_le_v4SPD16_eabi.lib : copy_zero_init.c.obj (.text:decompress:ZI:__TI_zero_init_nomemset:__TI_zero_init_nomemset)
                  00000dc0    0000001a     driverlib.lib : gpio.obj (.text:GPIOPinTypeGPIOOutput)
                  00000dda    00000018                   : gpio.obj (.text:GPIOIntRegister)
                  00000df2    00000018                   : timer.obj (.text:TimerIntRegister)
                  00000e0a    00000018     lcd.obj (.text:delay_ms)
                  00000e22    00000018     lcd.obj (.text:lcd_send_cmd)
                  00000e3a    00000018     lcd.obj (.text:lcd_send_data)
                  00000e52    00000016     driverlib.lib : gpio.obj (.text:GPIOPinTypeGPIOInput)
                  00000e68    00000014     lcd.obj (.text:lcd_send_string)
                  00000e7c    00000012     driverlib.lib : timer.obj (.text:TimerLoadSet)
                  00000e8e    00000012                   : timer.obj (.text:TimerPrescaleSet)
                  00000ea0    00000010     lcd.obj (.text:lcd_clear)
                  00000eb0    0000000e     driverlib.lib : gpio.obj (.text:GPIOIntDisable)
                  00000ebe    0000000e                   : gpio.obj (.text:GPIOIntStatus)
                  00000ecc    0000000e                   : timer.obj (.text:TimerEnable)
                  00000eda    0000000e     rtsv7M4_T_le_v4SPD16_eabi.lib : copy_decompress_none.c.obj (.text:decompress:none:__TI_decompress_none)
                  00000ee8    0000000c     driverlib.lib : gpio.obj (.text:GPIOIntEnable)
                  00000ef4    0000000a                   : timer.obj (.text:TimerIntDisable)
                  00000efe    0000000a     lcd.obj (.text:lcd_put_cur)
                  00000f08    00000008     driverlib.lib : timer.obj (.text:TimerIntEnable)
                  00000f10    00000006                   : gpio.obj (.text:GPIOIntClear)
                  00000f16    00000006                   : gpio.obj (.text:GPIOPinRead)
                  00000f1c    00000006                   : gpio.obj (.text:GPIOPinWrite)
                  00000f22    00000006     startup_ccs.obj (.text:ResetISR)
                  00000f28    00000006     driverlib.lib : sysctl.obj (.text:SysCtlDelay)
                  00000f2e    00000006                   : timer.obj (.text:TimerClockSourceSet)
                  00000f34    00000006     lcd.obj (.text:lcd_cmd)
                  00000f3a    00000004     rtsv7M4_T_le_v4SPD16_eabi.lib : pre_init.c.obj (.text:_system_pre_init)
                  00000f3e    00000004                                   : exit.c.obj (.text:abort:abort)
                  00000f42    00000002     startup_ccs.obj (.text:NmiSR)

.const     0    00000f44    00000338     
                  00000f44    000000d8     driverlib.lib : gpio.obj (.const:g_ppui32GPIOIntMapSnowflake)
                  0000101c    000000c0                   : gpio.obj (.const:g_ppui32GPIOIntMapBlizzard)
                  000010dc    0000006c                   : sysctl.obj (.const:g_pui32Xtals)
                  00001148    00000060                   : timer.obj (.const:g_ppui32TimerIntMap)
                  000011a8    00000040                   : timer.obj (.const:g_ppui32TimerIntMapSnowflake)
                  000011e8    00000020     EngineControl.obj (.const:$P$T0$1)
                  00001208    00000020     EngineControl.obj (.const:$P$T1$2)
                  00001228    00000018     EngineControl.obj (.const:$P$T2$3)
                  00001240    00000018     EngineControl.obj (.const:$P$T3$4)
                  00001258    00000014     driverlib.lib : interrupt.obj (.const:g_pui32EnRegs)
                  0000126c    00000010     EngineControl.obj (.const:keypad)

.cinit     0    00001280    00000030     
                  00001280    0000000c     (__TI_handler_table)
                  0000128c    00000004     --HOLE-- [fill = 0]
                  00001290    00000008     (.cinit..vtable.load) [load image, compression = zero_init]
                  00001298    00000005     (.cinit..data.load) [load image, compression = lzss]
                  0000129d    00000003     --HOLE-- [fill = 0]
                  000012a0    00000010     (__TI_cinit_table)

.init_array 
*          0    00000000    00000000     UNINITIALIZED

.vtable    0    20000000    0000026c     UNINITIALIZED
                  20000000    0000026c     driverlib.lib : interrupt.obj (.vtable)

.data      0    2000026c    00000001     UNINITIALIZED
                  2000026c    00000001     EngineControl.obj (.data)

.stack     0    20000270    00000200     UNINITIALIZED
                  20000270    00000004     rtsv7M4_T_le_v4SPD16_eabi.lib : boot_cortex_m.c.obj (.stack)
                  20000274    000001fc     --HOLE--

__llvm_prf_cnts 
*          0    20000000    00000000     UNINITIALIZED

.binit     0    00000000    00000000     

MODULE SUMMARY

       Module                       code   ro data   rw data
       ------                       ----   -------   -------
    .\
       EngineControl.obj            1042   128       1      
       startup_ccs.obj              12     620       0      
       lcd.obj                      290    0         0      
    +--+----------------------------+------+---------+---------+
       Total:                       1344   748       1      
                                                            
    C:/ti/TivaWare_C_Series-2.2.0.295/driverlib/ccs/Debug/driverlib.lib
       gpio.obj                     694    408       0      
       interrupt.obj                156    20        620    
       sysctl.obj                   394    108       0      
       timer.obj                    270    160       0      
    +--+----------------------------+------+---------+---------+
       Total:                       1514   696       620    
                                                            
    C:\ti\ccs1210\ccs\tools\compiler\ti-cgt-arm_20.2.7.LTS\lib\rtsv7M4_T_le_v4SPD16_eabi.lib
       memcpy_t2.asm.obj            156    0         0      
       copy_decompress_lzss.c.obj   104    0         0      
       autoinit.c.obj               68     0         0      
       boot_cortex_m.c.obj          52     0         0      
       copy_zero_init.c.obj         28     0         0      
       copy_decompress_none.c.obj   14     0         0      
       exit.c.obj                   4      0         0      
       pre_init.c.obj               4      0         0      
    +--+----------------------------+------+---------+---------+
       Total:                       430    0         0      
                                                            
       Stack:                       0      0         512    
       Linker Generated:            0      41        0      
    +--+----------------------------+------+---------+---------+
       Grand Total:                 3288   1485      1133   


LINKER GENERATED COPY TABLES

__TI_cinit_table @ 000012a0 records: 2, size/record: 8, table size: 16
	.vtable: load addr=00001290, load size=00000008 bytes, run addr=20000000, run size=0000026c bytes, compression=zero_init
	.data: load addr=00001298, load size=00000005 bytes, run addr=2000026c, run size=00000001 bytes, compression=lzss


LINKER GENERATED HANDLER TABLE

__TI_handler_table @ 00001280 records: 3, size/record: 4, table size: 12
	index: 0, handler: __TI_zero_init
	index: 1, handler: __TI_decompress_lzss
	index: 2, handler: __TI_decompress_none


GLOBAL SYMBOLS: SORTED ALPHABETICALLY BY Name 

address   name                          
-------   ----                          
00000f3f  C$$EXIT                       
00000d89  DebounceHandler               
00000d09  GPIODirModeSet                
00000f11  GPIOIntClear                  
00000eb1  GPIOIntDisable                
00000ee9  GPIOIntEnable                 
00000ddb  GPIOIntRegister               
00000ebf  GPIOIntStatus                 
00000a3b  GPIOIntTypeSet                
0000026d  GPIOPadConfigSet              
00000f17  GPIOPinRead                   
00000e53  GPIOPinTypeGPIOInput          
00000dc1  GPIOPinTypeGPIOOutput         
00000f1d  GPIOPinWrite                  
000008b1  IntEnable                     
00000c6d  IntRegister                   
00000f23  ResetISR                      
000003d9  SysCtlClockGet                
00000f29  SysCtlDelay                   
00000ca1  SysCtlPeripheralEnable        
00000bfd  SysCtlPeripheralReady         
00000f2f  TimerClockSourceSet           
00000981  TimerConfigure                
00000ecd  TimerEnable                   
00000ef5  TimerIntDisable               
00000f09  TimerIntEnable                
00000df3  TimerIntRegister              
00000e7d  TimerLoadSet                  
00000e8f  TimerPrescaleSet              
20000470  __STACK_END                   
00000200  __STACK_SIZE                  
20000470  __STACK_TOP                   
000012a0  __TI_CINIT_Base               
000012b0  __TI_CINIT_Limit              
00001280  __TI_Handler_Table_Base       
0000128c  __TI_Handler_Table_Limit      
00000bb9  __TI_auto_init_nobinit_nopinit
00000919  __TI_decompress_lzss          
00000edb  __TI_decompress_none          
ffffffff  __TI_pprof_out_hndl           
ffffffff  __TI_prof_data_size           
ffffffff  __TI_prof_data_start          
00000000  __TI_static_base__            
00000da5  __TI_zero_init_nomemset       
00000785  __aeabi_memcpy                
00000785  __aeabi_memcpy4               
00000785  __aeabi_memcpy8               
ffffffff  __binit__                     
ffffffff  __c_args__                    
UNDEFED   __mpu_init                    
20000270  __stack                       
20000000  __start___llvm_prf_cnts       
20000000  __stop___llvm_prf_cnts        
00000cd5  _c_int00_noargs               
UNDEFED   _system_post_cinit            
00000f3b  _system_pre_init              
00000f3f  abort                         
ffffffff  binit                         
00000d5f  bitsToIndex                   
0000059d  date_setup                    
00000e0b  delay_ms                      
20000000  g_pfnRAMVectors               
00000000  g_pfnVectors                  
00000c35  getRow                        
2000026c  key                           
0000126c  keypad                        
00000821  keypadHandler                 
00000ea1  lcd_clear                     
00000f35  lcd_cmd                       
000009e1  lcd_init                      
00000eff  lcd_put_cur                   
00000e23  lcd_send_cmd                  
00000e3b  lcd_send_data                 
00000e69  lcd_send_string               
00000d35  main                          
00000785  memcpy                        
000004f1  menu                          
000006e9  pinConfiguration              
00000ae1  send_to_lcd                   
00000645  time_setup                    
00000b2d  timerConfiguration            


GLOBAL SYMBOLS: SORTED BY Symbol Address 

address   name                          
-------   ----                          
00000000  __TI_static_base__            
00000000  g_pfnVectors                  
00000200  __STACK_SIZE                  
0000026d  GPIOPadConfigSet              
000003d9  SysCtlClockGet                
000004f1  menu                          
0000059d  date_setup                    
00000645  time_setup                    
000006e9  pinConfiguration              
00000785  __aeabi_memcpy                
00000785  __aeabi_memcpy4               
00000785  __aeabi_memcpy8               
00000785  memcpy                        
00000821  keypadHandler                 
000008b1  IntEnable                     
00000919  __TI_decompress_lzss          
00000981  TimerConfigure                
000009e1  lcd_init                      
00000a3b  GPIOIntTypeSet                
00000ae1  send_to_lcd                   
00000b2d  timerConfiguration            
00000bb9  __TI_auto_init_nobinit_nopinit
00000bfd  SysCtlPeripheralReady         
00000c35  getRow                        
00000c6d  IntRegister                   
00000ca1  SysCtlPeripheralEnable        
00000cd5  _c_int00_noargs               
00000d09  GPIODirModeSet                
00000d35  main                          
00000d5f  bitsToIndex                   
00000d89  DebounceHandler               
00000da5  __TI_zero_init_nomemset       
00000dc1  GPIOPinTypeGPIOOutput         
00000ddb  GPIOIntRegister               
00000df3  TimerIntRegister              
00000e0b  delay_ms                      
00000e23  lcd_send_cmd                  
00000e3b  lcd_send_data                 
00000e53  GPIOPinTypeGPIOInput          
00000e69  lcd_send_string               
00000e7d  TimerLoadSet                  
00000e8f  TimerPrescaleSet              
00000ea1  lcd_clear                     
00000eb1  GPIOIntDisable                
00000ebf  GPIOIntStatus                 
00000ecd  TimerEnable                   
00000edb  __TI_decompress_none          
00000ee9  GPIOIntEnable                 
00000ef5  TimerIntDisable               
00000eff  lcd_put_cur                   
00000f09  TimerIntEnable                
00000f11  GPIOIntClear                  
00000f17  GPIOPinRead                   
00000f1d  GPIOPinWrite                  
00000f23  ResetISR                      
00000f29  SysCtlDelay                   
00000f2f  TimerClockSourceSet           
00000f35  lcd_cmd                       
00000f3b  _system_pre_init              
00000f3f  C$$EXIT                       
00000f3f  abort                         
0000126c  keypad                        
00001280  __TI_Handler_Table_Base       
0000128c  __TI_Handler_Table_Limit      
000012a0  __TI_CINIT_Base               
000012b0  __TI_CINIT_Limit              
20000000  __start___llvm_prf_cnts       
20000000  __stop___llvm_prf_cnts        
20000000  g_pfnRAMVectors               
2000026c  key                           
20000270  __stack                       
20000470  __STACK_END                   
20000470  __STACK_TOP                   
ffffffff  __TI_pprof_out_hndl           
ffffffff  __TI_prof_data_size           
ffffffff  __TI_prof_data_start          
ffffffff  __binit__                     
ffffffff  __c_args__                    
ffffffff  binit                         
UNDEFED   __mpu_init                    
UNDEFED   _system_post_cinit            

[81 symbols]
